
> chat-booking-admin-panel@1.0.0 test
> jest src/app/settings/tabs/__tests__/ApiKeysTab.test.tsx renders loading state initially

  console.error
    Error: Uncaught [ReferenceError: loading is not defined]
        at reportException (/Users/marioalvarez/repos/conversacion/chat-booking-admin/node_modules/jsdom/lib/jsdom/living/helpers/runtime-script-errors.js:66:24)
        at innerInvokeEventListeners (/Users/marioalvarez/repos/conversacion/chat-booking-admin/node_modules/jsdom/lib/jsdom/living/events/EventTarget-impl.js:353:9)
        at invokeEventListeners (/Users/marioalvarez/repos/conversacion/chat-booking-admin/node_modules/jsdom/lib/jsdom/living/events/EventTarget-impl.js:286:3)
        at HTMLUnknownElementImpl._dispatch (/Users/marioalvarez/repos/conversacion/chat-booking-admin/node_modules/jsdom/lib/jsdom/living/events/EventTarget-impl.js:233:9)
        at HTMLUnknownElementImpl.dispatchEvent (/Users/marioalvarez/repos/conversacion/chat-booking-admin/node_modules/jsdom/lib/jsdom/living/events/EventTarget-impl.js:104:17)
        at HTMLUnknownElement.dispatchEvent (/Users/marioalvarez/repos/conversacion/chat-booking-admin/node_modules/jsdom/lib/jsdom/living/generated/EventTarget.js:241:34)
        at Object.invokeGuardedCallbackDev (/Users/marioalvarez/repos/conversacion/chat-booking-admin/node_modules/react-dom/cjs/react-dom.development.js:4213:16)
        at invokeGuardedCallback (/Users/marioalvarez/repos/conversacion/chat-booking-admin/node_modules/react-dom/cjs/react-dom.development.js:4277:31)
        at beginWork$1 (/Users/marioalvarez/repos/conversacion/chat-booking-admin/node_modules/react-dom/cjs/react-dom.development.js:27490:7)
        at performUnitOfWork (/Users/marioalvarez/repos/conversacion/chat-booking-admin/node_modules/react-dom/cjs/react-dom.development.js:26599:12)
        at workLoopSync (/Users/marioalvarez/repos/conversacion/chat-booking-admin/node_modules/react-dom/cjs/react-dom.development.js:26505:5)
        at renderRootSync (/Users/marioalvarez/repos/conversacion/chat-booking-admin/node_modules/react-dom/cjs/react-dom.development.js:26473:7)
        at performConcurrentWorkOnRoot (/Users/marioalvarez/repos/conversacion/chat-booking-admin/node_modules/react-dom/cjs/react-dom.development.js:25777:74)
        at flushActQueue (/Users/marioalvarez/repos/conversacion/chat-booking-admin/node_modules/react/cjs/react.development.js:2667:24)
        at act (/Users/marioalvarez/repos/conversacion/chat-booking-admin/node_modules/react/cjs/react.development.js:2582:11)
        at /Users/marioalvarez/repos/conversacion/chat-booking-admin/node_modules/@testing-library/react/dist/act-compat.js:46:25
        at renderRoot (/Users/marioalvarez/repos/conversacion/chat-booking-admin/node_modules/@testing-library/react/dist/pure.js:189:26)
        at render (/Users/marioalvarez/repos/conversacion/chat-booking-admin/node_modules/@testing-library/react/dist/pure.js:291:10)
        at Object.<anonymous> (/Users/marioalvarez/repos/conversacion/chat-booking-admin/src/app/settings/tabs/__tests__/ApiKeysTab.test.tsx:51:15)
        at Promise.finally.completed (/Users/marioalvarez/repos/conversacion/chat-booking-admin/node_modules/jest-circus/build/jestAdapterInit.js:1557:28)
        at new Promise (<anonymous>)
        at callAsyncCircusFn (/Users/marioalvarez/repos/conversacion/chat-booking-admin/node_modules/jest-circus/build/jestAdapterInit.js:1497:10)
        at _callCircusTest (/Users/marioalvarez/repos/conversacion/chat-booking-admin/node_modules/jest-circus/build/jestAdapterInit.js:1007:40)
        at _runTest (/Users/marioalvarez/repos/conversacion/chat-booking-admin/node_modules/jest-circus/build/jestAdapterInit.js:947:3)
        at /Users/marioalvarez/repos/conversacion/chat-booking-admin/node_modules/jest-circus/build/jestAdapterInit.js:849:7
        at _runTestsForDescribeBlock (/Users/marioalvarez/repos/conversacion/chat-booking-admin/node_modules/jest-circus/build/jestAdapterInit.js:862:11)
        at _runTestsForDescribeBlock (/Users/marioalvarez/repos/conversacion/chat-booking-admin/node_modules/jest-circus/build/jestAdapterInit.js:857:11)
        at run (/Users/marioalvarez/repos/conversacion/chat-booking-admin/node_modules/jest-circus/build/jestAdapterInit.js:761:3)
        at runAndTransformResultsToJestFormat (/Users/marioalvarez/repos/conversacion/chat-booking-admin/node_modules/jest-circus/build/jestAdapterInit.js:1918:21)
        at jestAdapter (/Users/marioalvarez/repos/conversacion/chat-booking-admin/node_modules/jest-circus/build/runner.js:101:19)
        at runTestInternal (/Users/marioalvarez/repos/conversacion/chat-booking-admin/node_modules/jest-runner/build/index.js:275:16)
        at runTest (/Users/marioalvarez/repos/conversacion/chat-booking-admin/node_modules/jest-runner/build/index.js:343:7) {
      detail: ReferenceError: loading is not defined
          at ApiKeysTab (/Users/marioalvarez/repos/conversacion/chat-booking-admin/src/app/settings/tabs/ApiKeysTab.tsx:132:5)
          at renderWithHooks (/Users/marioalvarez/repos/conversacion/chat-booking-admin/node_modules/react-dom/cjs/react-dom.development.js:15486:18)
          at mountIndeterminateComponent (/Users/marioalvarez/repos/conversacion/chat-booking-admin/node_modules/react-dom/cjs/react-dom.development.js:20103:13)
          at beginWork (/Users/marioalvarez/repos/conversacion/chat-booking-admin/node_modules/react-dom/cjs/react-dom.development.js:21626:16)
          at HTMLUnknownElement.callCallback (/Users/marioalvarez/repos/conversacion/chat-booking-admin/node_modules/react-dom/cjs/react-dom.development.js:4164:14)
          at HTMLUnknownElement.callTheUserObjectsOperation (/Users/marioalvarez/repos/conversacion/chat-booking-admin/node_modules/jsdom/lib/jsdom/living/generated/EventListener.js:26:30)
          at innerInvokeEventListeners (/Users/marioalvarez/repos/conversacion/chat-booking-admin/node_modules/jsdom/lib/jsdom/living/events/EventTarget-impl.js:350:25)
          at invokeEventListeners (/Users/marioalvarez/repos/conversacion/chat-booking-admin/node_modules/jsdom/lib/jsdom/living/events/EventTarget-impl.js:286:3)
          at HTMLUnknownElementImpl._dispatch (/Users/marioalvarez/repos/conversacion/chat-booking-admin/node_modules/jsdom/lib/jsdom/living/events/EventTarget-impl.js:233:9)
          at HTMLUnknownElementImpl.dispatchEvent (/Users/marioalvarez/repos/conversacion/chat-booking-admin/node_modules/jsdom/lib/jsdom/living/events/EventTarget-impl.js:104:17)
          at HTMLUnknownElement.dispatchEvent (/Users/marioalvarez/repos/conversacion/chat-booking-admin/node_modules/jsdom/lib/jsdom/living/generated/EventTarget.js:241:34)
          at Object.invokeGuardedCallbackDev (/Users/marioalvarez/repos/conversacion/chat-booking-admin/node_modules/react-dom/cjs/react-dom.development.js:4213:16)
          at invokeGuardedCallback (/Users/marioalvarez/repos/conversacion/chat-booking-admin/node_modules/react-dom/cjs/react-dom.development.js:4277:31)
          at beginWork$1 (/Users/marioalvarez/repos/conversacion/chat-booking-admin/node_modules/react-dom/cjs/react-dom.development.js:27490:7)
          at performUnitOfWork (/Users/marioalvarez/repos/conversacion/chat-booking-admin/node_modules/react-dom/cjs/react-dom.development.js:26599:12)
          at workLoopSync (/Users/marioalvarez/repos/conversacion/chat-booking-admin/node_modules/react-dom/cjs/react-dom.development.js:26505:5)
          at renderRootSync (/Users/marioalvarez/repos/conversacion/chat-booking-admin/node_modules/react-dom/cjs/react-dom.development.js:26473:7)
          at performConcurrentWorkOnRoot (/Users/marioalvarez/repos/conversacion/chat-booking-admin/node_modules/react-dom/cjs/react-dom.development.js:25777:74)
          at flushActQueue (/Users/marioalvarez/repos/conversacion/chat-booking-admin/node_modules/react/cjs/react.development.js:2667:24)
          at act (/Users/marioalvarez/repos/conversacion/chat-booking-admin/node_modules/react/cjs/react.development.js:2582:11)
          at /Users/marioalvarez/repos/conversacion/chat-booking-admin/node_modules/@testing-library/react/dist/act-compat.js:46:25
          at renderRoot (/Users/marioalvarez/repos/conversacion/chat-booking-admin/node_modules/@testing-library/react/dist/pure.js:189:26)
          at render (/Users/marioalvarez/repos/conversacion/chat-booking-admin/node_modules/@testing-library/react/dist/pure.js:291:10)
          at Object.<anonymous> (/Users/marioalvarez/repos/conversacion/chat-booking-admin/src/app/settings/tabs/__tests__/ApiKeysTab.test.tsx:51:15)
          at Promise.finally.completed (/Users/marioalvarez/repos/conversacion/chat-booking-admin/node_modules/jest-circus/build/jestAdapterInit.js:1557:28)
          at new Promise (<anonymous>)
          at callAsyncCircusFn (/Users/marioalvarez/repos/conversacion/chat-booking-admin/node_modules/jest-circus/build/jestAdapterInit.js:1497:10)
          at _callCircusTest (/Users/marioalvarez/repos/conversacion/chat-booking-admin/node_modules/jest-circus/build/jestAdapterInit.js:1007:40)
          at _runTest (/Users/marioalvarez/repos/conversacion/chat-booking-admin/node_modules/jest-circus/build/jestAdapterInit.js:947:3)
          at /Users/marioalvarez/repos/conversacion/chat-booking-admin/node_modules/jest-circus/build/jestAdapterInit.js:849:7
          at _runTestsForDescribeBlock (/Users/marioalvarez/repos/conversacion/chat-booking-admin/node_modules/jest-circus/build/jestAdapterInit.js:862:11)
          at _runTestsForDescribeBlock (/Users/marioalvarez/repos/conversacion/chat-booking-admin/node_modules/jest-circus/build/jestAdapterInit.js:857:11)
          at run (/Users/marioalvarez/repos/conversacion/chat-booking-admin/node_modules/jest-circus/build/jestAdapterInit.js:761:3)
          at runAndTransformResultsToJestFormat (/Users/marioalvarez/repos/conversacion/chat-booking-admin/node_modules/jest-circus/build/jestAdapterInit.js:1918:21)
          at jestAdapter (/Users/marioalvarez/repos/conversacion/chat-booking-admin/node_modules/jest-circus/build/runner.js:101:19)
          at runTestInternal (/Users/marioalvarez/repos/conversacion/chat-booking-admin/node_modules/jest-runner/build/index.js:275:16)
          at runTest (/Users/marioalvarez/repos/conversacion/chat-booking-admin/node_modules/jest-runner/build/index.js:343:7),
      type: 'unhandled exception'
    }

      49 |     it('renders loading state initially', () => {
      50 |         mockGraphql.mockReturnValue(new Promise(() => { })); // Never resolves
    > 51 |         render(<ApiKeysTab hasMounted={true} />);
         |               ^
      52 |         expect(screen.getByRole('progressbar')).toBeInTheDocument();
      53 |     });
      54 |

      at VirtualConsole.<anonymous> (node_modules/@jest/environment-jsdom-abstract/build/index.js:87:23)
      at reportException (node_modules/jsdom/lib/jsdom/living/helpers/runtime-script-errors.js:70:28)
      at innerInvokeEventListeners (node_modules/jsdom/lib/jsdom/living/events/EventTarget-impl.js:353:9)
      at invokeEventListeners (node_modules/jsdom/lib/jsdom/living/events/EventTarget-impl.js:286:3)
      at HTMLUnknownElementImpl._dispatch (node_modules/jsdom/lib/jsdom/living/events/EventTarget-impl.js:233:9)
      at HTMLUnknownElementImpl.dispatchEvent (node_modules/jsdom/lib/jsdom/living/events/EventTarget-impl.js:104:17)
      at HTMLUnknownElement.dispatchEvent (node_modules/jsdom/lib/jsdom/living/generated/EventTarget.js:241:34)
      at Object.invokeGuardedCallbackDev (node_modules/react-dom/cjs/react-dom.development.js:4213:16)
      at invokeGuardedCallback (node_modules/react-dom/cjs/react-dom.development.js:4277:31)
      at beginWork$1 (node_modules/react-dom/cjs/react-dom.development.js:27490:7)
      at performUnitOfWork (node_modules/react-dom/cjs/react-dom.development.js:26599:12)
      at workLoopSync (node_modules/react-dom/cjs/react-dom.development.js:26505:5)
      at renderRootSync (node_modules/react-dom/cjs/react-dom.development.js:26473:7)
      at performConcurrentWorkOnRoot (node_modules/react-dom/cjs/react-dom.development.js:25777:74)
      at flushActQueue (node_modules/react/cjs/react.development.js:2667:24)
      at act (node_modules/react/cjs/react.development.js:2582:11)
      at node_modules/@testing-library/react/dist/act-compat.js:46:25
      at renderRoot (node_modules/@testing-library/react/dist/pure.js:189:26)
      at render (node_modules/@testing-library/react/dist/pure.js:291:10)
      at Object.<anonymous> (src/app/settings/tabs/__tests__/ApiKeysTab.test.tsx:51:15)

  console.error
    Error: Uncaught [ReferenceError: loading is not defined]
        at reportException (/Users/marioalvarez/repos/conversacion/chat-booking-admin/node_modules/jsdom/lib/jsdom/living/helpers/runtime-script-errors.js:66:24)
        at innerInvokeEventListeners (/Users/marioalvarez/repos/conversacion/chat-booking-admin/node_modules/jsdom/lib/jsdom/living/events/EventTarget-impl.js:353:9)
        at invokeEventListeners (/Users/marioalvarez/repos/conversacion/chat-booking-admin/node_modules/jsdom/lib/jsdom/living/events/EventTarget-impl.js:286:3)
        at HTMLUnknownElementImpl._dispatch (/Users/marioalvarez/repos/conversacion/chat-booking-admin/node_modules/jsdom/lib/jsdom/living/events/EventTarget-impl.js:233:9)
        at HTMLUnknownElementImpl.dispatchEvent (/Users/marioalvarez/repos/conversacion/chat-booking-admin/node_modules/jsdom/lib/jsdom/living/events/EventTarget-impl.js:104:17)
        at HTMLUnknownElement.dispatchEvent (/Users/marioalvarez/repos/conversacion/chat-booking-admin/node_modules/jsdom/lib/jsdom/living/generated/EventTarget.js:241:34)
        at Object.invokeGuardedCallbackDev (/Users/marioalvarez/repos/conversacion/chat-booking-admin/node_modules/react-dom/cjs/react-dom.development.js:4213:16)
        at invokeGuardedCallback (/Users/marioalvarez/repos/conversacion/chat-booking-admin/node_modules/react-dom/cjs/react-dom.development.js:4277:31)
        at beginWork$1 (/Users/marioalvarez/repos/conversacion/chat-booking-admin/node_modules/react-dom/cjs/react-dom.development.js:27490:7)
        at performUnitOfWork (/Users/marioalvarez/repos/conversacion/chat-booking-admin/node_modules/react-dom/cjs/react-dom.development.js:26599:12)
        at workLoopSync (/Users/marioalvarez/repos/conversacion/chat-booking-admin/node_modules/react-dom/cjs/react-dom.development.js:26505:5)
        at renderRootSync (/Users/marioalvarez/repos/conversacion/chat-booking-admin/node_modules/react-dom/cjs/react-dom.development.js:26473:7)
        at recoverFromConcurrentError (/Users/marioalvarez/repos/conversacion/chat-booking-admin/node_modules/react-dom/cjs/react-dom.development.js:25889:20)
        at performConcurrentWorkOnRoot (/Users/marioalvarez/repos/conversacion/chat-booking-admin/node_modules/react-dom/cjs/react-dom.development.js:25789:22)
        at flushActQueue (/Users/marioalvarez/repos/conversacion/chat-booking-admin/node_modules/react/cjs/react.development.js:2667:24)
        at act (/Users/marioalvarez/repos/conversacion/chat-booking-admin/node_modules/react/cjs/react.development.js:2582:11)
        at /Users/marioalvarez/repos/conversacion/chat-booking-admin/node_modules/@testing-library/react/dist/act-compat.js:46:25
        at renderRoot (/Users/marioalvarez/repos/conversacion/chat-booking-admin/node_modules/@testing-library/react/dist/pure.js:189:26)
        at render (/Users/marioalvarez/repos/conversacion/chat-booking-admin/node_modules/@testing-library/react/dist/pure.js:291:10)
        at Object.<anonymous> (/Users/marioalvarez/repos/conversacion/chat-booking-admin/src/app/settings/tabs/__tests__/ApiKeysTab.test.tsx:51:15)
        at Promise.finally.completed (/Users/marioalvarez/repos/conversacion/chat-booking-admin/node_modules/jest-circus/build/jestAdapterInit.js:1557:28)
        at new Promise (<anonymous>)
        at callAsyncCircusFn (/Users/marioalvarez/repos/conversacion/chat-booking-admin/node_modules/jest-circus/build/jestAdapterInit.js:1497:10)
        at _callCircusTest (/Users/marioalvarez/repos/conversacion/chat-booking-admin/node_modules/jest-circus/build/jestAdapterInit.js:1007:40)
        at _runTest (/Users/marioalvarez/repos/conversacion/chat-booking-admin/node_modules/jest-circus/build/jestAdapterInit.js:947:3)
        at /Users/marioalvarez/repos/conversacion/chat-booking-admin/node_modules/jest-circus/build/jestAdapterInit.js:849:7
        at _runTestsForDescribeBlock (/Users/marioalvarez/repos/conversacion/chat-booking-admin/node_modules/jest-circus/build/jestAdapterInit.js:862:11)
        at _runTestsForDescribeBlock (/Users/marioalvarez/repos/conversacion/chat-booking-admin/node_modules/jest-circus/build/jestAdapterInit.js:857:11)
        at run (/Users/marioalvarez/repos/conversacion/chat-booking-admin/node_modules/jest-circus/build/jestAdapterInit.js:761:3)
        at runAndTransformResultsToJestFormat (/Users/marioalvarez/repos/conversacion/chat-booking-admin/node_modules/jest-circus/build/jestAdapterInit.js:1918:21)
        at jestAdapter (/Users/marioalvarez/repos/conversacion/chat-booking-admin/node_modules/jest-circus/build/runner.js:101:19)
        at runTestInternal (/Users/marioalvarez/repos/conversacion/chat-booking-admin/node_modules/jest-runner/build/index.js:275:16)
        at runTest (/Users/marioalvarez/repos/conversacion/chat-booking-admin/node_modules/jest-runner/build/index.js:343:7) {
      detail: ReferenceError: loading is not defined
          at ApiKeysTab (/Users/marioalvarez/repos/conversacion/chat-booking-admin/src/app/settings/tabs/ApiKeysTab.tsx:132:5)
          at renderWithHooks (/Users/marioalvarez/repos/conversacion/chat-booking-admin/node_modules/react-dom/cjs/react-dom.development.js:15486:18)
          at mountIndeterminateComponent (/Users/marioalvarez/repos/conversacion/chat-booking-admin/node_modules/react-dom/cjs/react-dom.development.js:20103:13)
          at beginWork (/Users/marioalvarez/repos/conversacion/chat-booking-admin/node_modules/react-dom/cjs/react-dom.development.js:21626:16)
          at HTMLUnknownElement.callCallback (/Users/marioalvarez/repos/conversacion/chat-booking-admin/node_modules/react-dom/cjs/react-dom.development.js:4164:14)
          at HTMLUnknownElement.callTheUserObjectsOperation (/Users/marioalvarez/repos/conversacion/chat-booking-admin/node_modules/jsdom/lib/jsdom/living/generated/EventListener.js:26:30)
          at innerInvokeEventListeners (/Users/marioalvarez/repos/conversacion/chat-booking-admin/node_modules/jsdom/lib/jsdom/living/events/EventTarget-impl.js:350:25)
          at invokeEventListeners (/Users/marioalvarez/repos/conversacion/chat-booking-admin/node_modules/jsdom/lib/jsdom/living/events/EventTarget-impl.js:286:3)
          at HTMLUnknownElementImpl._dispatch (/Users/marioalvarez/repos/conversacion/chat-booking-admin/node_modules/jsdom/lib/jsdom/living/events/EventTarget-impl.js:233:9)
          at HTMLUnknownElementImpl.dispatchEvent (/Users/marioalvarez/repos/conversacion/chat-booking-admin/node_modules/jsdom/lib/jsdom/living/events/EventTarget-impl.js:104:17)
          at HTMLUnknownElement.dispatchEvent (/Users/marioalvarez/repos/conversacion/chat-booking-admin/node_modules/jsdom/lib/jsdom/living/generated/EventTarget.js:241:34)
          at Object.invokeGuardedCallbackDev (/Users/marioalvarez/repos/conversacion/chat-booking-admin/node_modules/react-dom/cjs/react-dom.development.js:4213:16)
          at invokeGuardedCallback (/Users/marioalvarez/repos/conversacion/chat-booking-admin/node_modules/react-dom/cjs/react-dom.development.js:4277:31)
          at beginWork$1 (/Users/marioalvarez/repos/conversacion/chat-booking-admin/node_modules/react-dom/cjs/react-dom.development.js:27490:7)
          at performUnitOfWork (/Users/marioalvarez/repos/conversacion/chat-booking-admin/node_modules/react-dom/cjs/react-dom.development.js:26599:12)
          at workLoopSync (/Users/marioalvarez/repos/conversacion/chat-booking-admin/node_modules/react-dom/cjs/react-dom.development.js:26505:5)
          at renderRootSync (/Users/marioalvarez/repos/conversacion/chat-booking-admin/node_modules/react-dom/cjs/react-dom.development.js:26473:7)
          at recoverFromConcurrentError (/Users/marioalvarez/repos/conversacion/chat-booking-admin/node_modules/react-dom/cjs/react-dom.development.js:25889:20)
          at performConcurrentWorkOnRoot (/Users/marioalvarez/repos/conversacion/chat-booking-admin/node_modules/react-dom/cjs/react-dom.development.js:25789:22)
          at flushActQueue (/Users/marioalvarez/repos/conversacion/chat-booking-admin/node_modules/react/cjs/react.development.js:2667:24)
          at act (/Users/marioalvarez/repos/conversacion/chat-booking-admin/node_modules/react/cjs/react.development.js:2582:11)
          at /Users/marioalvarez/repos/conversacion/chat-booking-admin/node_modules/@testing-library/react/dist/act-compat.js:46:25
          at renderRoot (/Users/marioalvarez/repos/conversacion/chat-booking-admin/node_modules/@testing-library/react/dist/pure.js:189:26)
          at render (/Users/marioalvarez/repos/conversacion/chat-booking-admin/node_modules/@testing-library/react/dist/pure.js:291:10)
          at Object.<anonymous> (/Users/marioalvarez/repos/conversacion/chat-booking-admin/src/app/settings/tabs/__tests__/ApiKeysTab.test.tsx:51:15)
          at Promise.finally.completed (/Users/marioalvarez/repos/conversacion/chat-booking-admin/node_modules/jest-circus/build/jestAdapterInit.js:1557:28)
          at new Promise (<anonymous>)
          at callAsyncCircusFn (/Users/marioalvarez/repos/conversacion/chat-booking-admin/node_modules/jest-circus/build/jestAdapterInit.js:1497:10)
          at _callCircusTest (/Users/marioalvarez/repos/conversacion/chat-booking-admin/node_modules/jest-circus/build/jestAdapterInit.js:1007:40)
          at _runTest (/Users/marioalvarez/repos/conversacion/chat-booking-admin/node_modules/jest-circus/build/jestAdapterInit.js:947:3)
          at /Users/marioalvarez/repos/conversacion/chat-booking-admin/node_modules/jest-circus/build/jestAdapterInit.js:849:7
          at _runTestsForDescribeBlock (/Users/marioalvarez/repos/conversacion/chat-booking-admin/node_modules/jest-circus/build/jestAdapterInit.js:862:11)
          at _runTestsForDescribeBlock (/Users/marioalvarez/repos/conversacion/chat-booking-admin/node_modules/jest-circus/build/jestAdapterInit.js:857:11)
          at run (/Users/marioalvarez/repos/conversacion/chat-booking-admin/node_modules/jest-circus/build/jestAdapterInit.js:761:3)
          at runAndTransformResultsToJestFormat (/Users/marioalvarez/repos/conversacion/chat-booking-admin/node_modules/jest-circus/build/jestAdapterInit.js:1918:21)
          at jestAdapter (/Users/marioalvarez/repos/conversacion/chat-booking-admin/node_modules/jest-circus/build/runner.js:101:19)
          at runTestInternal (/Users/marioalvarez/repos/conversacion/chat-booking-admin/node_modules/jest-runner/build/index.js:275:16)
          at runTest (/Users/marioalvarez/repos/conversacion/chat-booking-admin/node_modules/jest-runner/build/index.js:343:7),
      type: 'unhandled exception'
    }

      49 |     it('renders loading state initially', () => {
      50 |         mockGraphql.mockReturnValue(new Promise(() => { })); // Never resolves
    > 51 |         render(<ApiKeysTab hasMounted={true} />);
         |               ^
      52 |         expect(screen.getByRole('progressbar')).toBeInTheDocument();
      53 |     });
      54 |

      at VirtualConsole.<anonymous> (node_modules/@jest/environment-jsdom-abstract/build/index.js:87:23)
      at reportException (node_modules/jsdom/lib/jsdom/living/helpers/runtime-script-errors.js:70:28)
      at innerInvokeEventListeners (node_modules/jsdom/lib/jsdom/living/events/EventTarget-impl.js:353:9)
      at invokeEventListeners (node_modules/jsdom/lib/jsdom/living/events/EventTarget-impl.js:286:3)
      at HTMLUnknownElementImpl._dispatch (node_modules/jsdom/lib/jsdom/living/events/EventTarget-impl.js:233:9)
      at HTMLUnknownElementImpl.dispatchEvent (node_modules/jsdom/lib/jsdom/living/events/EventTarget-impl.js:104:17)
      at HTMLUnknownElement.dispatchEvent (node_modules/jsdom/lib/jsdom/living/generated/EventTarget.js:241:34)
      at Object.invokeGuardedCallbackDev (node_modules/react-dom/cjs/react-dom.development.js:4213:16)
      at invokeGuardedCallback (node_modules/react-dom/cjs/react-dom.development.js:4277:31)
      at beginWork$1 (node_modules/react-dom/cjs/react-dom.development.js:27490:7)
      at performUnitOfWork (node_modules/react-dom/cjs/react-dom.development.js:26599:12)
      at workLoopSync (node_modules/react-dom/cjs/react-dom.development.js:26505:5)
      at renderRootSync (node_modules/react-dom/cjs/react-dom.development.js:26473:7)
      at recoverFromConcurrentError (node_modules/react-dom/cjs/react-dom.development.js:25889:20)
      at performConcurrentWorkOnRoot (node_modules/react-dom/cjs/react-dom.development.js:25789:22)
      at flushActQueue (node_modules/react/cjs/react.development.js:2667:24)
      at act (node_modules/react/cjs/react.development.js:2582:11)
      at node_modules/@testing-library/react/dist/act-compat.js:46:25
      at renderRoot (node_modules/@testing-library/react/dist/pure.js:189:26)
      at render (node_modules/@testing-library/react/dist/pure.js:291:10)
      at Object.<anonymous> (src/app/settings/tabs/__tests__/ApiKeysTab.test.tsx:51:15)

  console.error
    Error: Uncaught [ReferenceError: loading is not defined]
        at reportException (/Users/marioalvarez/repos/conversacion/chat-booking-admin/node_modules/jsdom/lib/jsdom/living/helpers/runtime-script-errors.js:66:24)
        at innerInvokeEventListeners (/Users/marioalvarez/repos/conversacion/chat-booking-admin/node_modules/jsdom/lib/jsdom/living/events/EventTarget-impl.js:353:9)
        at invokeEventListeners (/Users/marioalvarez/repos/conversacion/chat-booking-admin/node_modules/jsdom/lib/jsdom/living/events/EventTarget-impl.js:286:3)
        at HTMLUnknownElementImpl._dispatch (/Users/marioalvarez/repos/conversacion/chat-booking-admin/node_modules/jsdom/lib/jsdom/living/events/EventTarget-impl.js:233:9)
        at HTMLUnknownElementImpl.dispatchEvent (/Users/marioalvarez/repos/conversacion/chat-booking-admin/node_modules/jsdom/lib/jsdom/living/events/EventTarget-impl.js:104:17)
        at HTMLUnknownElement.dispatchEvent (/Users/marioalvarez/repos/conversacion/chat-booking-admin/node_modules/jsdom/lib/jsdom/living/generated/EventTarget.js:241:34)
        at Object.invokeGuardedCallbackDev (/Users/marioalvarez/repos/conversacion/chat-booking-admin/node_modules/react-dom/cjs/react-dom.development.js:4213:16)
        at invokeGuardedCallback (/Users/marioalvarez/repos/conversacion/chat-booking-admin/node_modules/react-dom/cjs/react-dom.development.js:4277:31)
        at beginWork$1 (/Users/marioalvarez/repos/conversacion/chat-booking-admin/node_modules/react-dom/cjs/react-dom.development.js:27490:7)
        at performUnitOfWork (/Users/marioalvarez/repos/conversacion/chat-booking-admin/node_modules/react-dom/cjs/react-dom.development.js:26599:12)
        at workLoopSync (/Users/marioalvarez/repos/conversacion/chat-booking-admin/node_modules/react-dom/cjs/react-dom.development.js:26505:5)
        at renderRootSync (/Users/marioalvarez/repos/conversacion/chat-booking-admin/node_modules/react-dom/cjs/react-dom.development.js:26473:7)
        at performConcurrentWorkOnRoot (/Users/marioalvarez/repos/conversacion/chat-booking-admin/node_modules/react-dom/cjs/react-dom.development.js:25777:74)
        at flushActQueue (/Users/marioalvarez/repos/conversacion/chat-booking-admin/node_modules/react/cjs/react.development.js:2667:24)
        at act (/Users/marioalvarez/repos/conversacion/chat-booking-admin/node_modules/react/cjs/react.development.js:2582:11)
        at /Users/marioalvarez/repos/conversacion/chat-booking-admin/node_modules/@testing-library/react/dist/act-compat.js:46:25
        at renderRoot (/Users/marioalvarez/repos/conversacion/chat-booking-admin/node_modules/@testing-library/react/dist/pure.js:189:26)
        at render (/Users/marioalvarez/repos/conversacion/chat-booking-admin/node_modules/@testing-library/react/dist/pure.js:291:10)
        at Object.<anonymous> (/Users/marioalvarez/repos/conversacion/chat-booking-admin/src/app/settings/tabs/__tests__/ApiKeysTab.test.tsx:57:15)
        at Promise.finally.completed (/Users/marioalvarez/repos/conversacion/chat-booking-admin/node_modules/jest-circus/build/jestAdapterInit.js:1557:28)
        at new Promise (<anonymous>)
        at callAsyncCircusFn (/Users/marioalvarez/repos/conversacion/chat-booking-admin/node_modules/jest-circus/build/jestAdapterInit.js:1497:10)
        at _callCircusTest (/Users/marioalvarez/repos/conversacion/chat-booking-admin/node_modules/jest-circus/build/jestAdapterInit.js:1007:40)
        at _runTest (/Users/marioalvarez/repos/conversacion/chat-booking-admin/node_modules/jest-circus/build/jestAdapterInit.js:947:3)
        at /Users/marioalvarez/repos/conversacion/chat-booking-admin/node_modules/jest-circus/build/jestAdapterInit.js:849:7
        at _runTestsForDescribeBlock (/Users/marioalvarez/repos/conversacion/chat-booking-admin/node_modules/jest-circus/build/jestAdapterInit.js:862:11)
        at _runTestsForDescribeBlock (/Users/marioalvarez/repos/conversacion/chat-booking-admin/node_modules/jest-circus/build/jestAdapterInit.js:857:11)
        at run (/Users/marioalvarez/repos/conversacion/chat-booking-admin/node_modules/jest-circus/build/jestAdapterInit.js:761:3)
        at runAndTransformResultsToJestFormat (/Users/marioalvarez/repos/conversacion/chat-booking-admin/node_modules/jest-circus/build/jestAdapterInit.js:1918:21)
        at jestAdapter (/Users/marioalvarez/repos/conversacion/chat-booking-admin/node_modules/jest-circus/build/runner.js:101:19)
        at runTestInternal (/Users/marioalvarez/repos/conversacion/chat-booking-admin/node_modules/jest-runner/build/index.js:275:16)
        at runTest (/Users/marioalvarez/repos/conversacion/chat-booking-admin/node_modules/jest-runner/build/index.js:343:7) {
      detail: ReferenceError: loading is not defined
          at ApiKeysTab (/Users/marioalvarez/repos/conversacion/chat-booking-admin/src/app/settings/tabs/ApiKeysTab.tsx:132:5)
          at renderWithHooks (/Users/marioalvarez/repos/conversacion/chat-booking-admin/node_modules/react-dom/cjs/react-dom.development.js:15486:18)
          at mountIndeterminateComponent (/Users/marioalvarez/repos/conversacion/chat-booking-admin/node_modules/react-dom/cjs/react-dom.development.js:20103:13)
          at beginWork (/Users/marioalvarez/repos/conversacion/chat-booking-admin/node_modules/react-dom/cjs/react-dom.development.js:21626:16)
          at HTMLUnknownElement.callCallback (/Users/marioalvarez/repos/conversacion/chat-booking-admin/node_modules/react-dom/cjs/react-dom.development.js:4164:14)
          at HTMLUnknownElement.callTheUserObjectsOperation (/Users/marioalvarez/repos/conversacion/chat-booking-admin/node_modules/jsdom/lib/jsdom/living/generated/EventListener.js:26:30)
          at innerInvokeEventListeners (/Users/marioalvarez/repos/conversacion/chat-booking-admin/node_modules/jsdom/lib/jsdom/living/events/EventTarget-impl.js:350:25)
          at invokeEventListeners (/Users/marioalvarez/repos/conversacion/chat-booking-admin/node_modules/jsdom/lib/jsdom/living/events/EventTarget-impl.js:286:3)
          at HTMLUnknownElementImpl._dispatch (/Users/marioalvarez/repos/conversacion/chat-booking-admin/node_modules/jsdom/lib/jsdom/living/events/EventTarget-impl.js:233:9)
          at HTMLUnknownElementImpl.dispatchEvent (/Users/marioalvarez/repos/conversacion/chat-booking-admin/node_modules/jsdom/lib/jsdom/living/events/EventTarget-impl.js:104:17)
          at HTMLUnknownElement.dispatchEvent (/Users/marioalvarez/repos/conversacion/chat-booking-admin/node_modules/jsdom/lib/jsdom/living/generated/EventTarget.js:241:34)
          at Object.invokeGuardedCallbackDev (/Users/marioalvarez/repos/conversacion/chat-booking-admin/node_modules/react-dom/cjs/react-dom.development.js:4213:16)
          at invokeGuardedCallback (/Users/marioalvarez/repos/conversacion/chat-booking-admin/node_modules/react-dom/cjs/react-dom.development.js:4277:31)
          at beginWork$1 (/Users/marioalvarez/repos/conversacion/chat-booking-admin/node_modules/react-dom/cjs/react-dom.development.js:27490:7)
          at performUnitOfWork (/Users/marioalvarez/repos/conversacion/chat-booking-admin/node_modules/react-dom/cjs/react-dom.development.js:26599:12)
          at workLoopSync (/Users/marioalvarez/repos/conversacion/chat-booking-admin/node_modules/react-dom/cjs/react-dom.development.js:26505:5)
          at renderRootSync (/Users/marioalvarez/repos/conversacion/chat-booking-admin/node_modules/react-dom/cjs/react-dom.development.js:26473:7)
          at performConcurrentWorkOnRoot (/Users/marioalvarez/repos/conversacion/chat-booking-admin/node_modules/react-dom/cjs/react-dom.development.js:25777:74)
          at flushActQueue (/Users/marioalvarez/repos/conversacion/chat-booking-admin/node_modules/react/cjs/react.development.js:2667:24)
          at act (/Users/marioalvarez/repos/conversacion/chat-booking-admin/node_modules/react/cjs/react.development.js:2582:11)
          at /Users/marioalvarez/repos/conversacion/chat-booking-admin/node_modules/@testing-library/react/dist/act-compat.js:46:25
          at renderRoot (/Users/marioalvarez/repos/conversacion/chat-booking-admin/node_modules/@testing-library/react/dist/pure.js:189:26)
          at render (/Users/marioalvarez/repos/conversacion/chat-booking-admin/node_modules/@testing-library/react/dist/pure.js:291:10)
          at Object.<anonymous> (/Users/marioalvarez/repos/conversacion/chat-booking-admin/src/app/settings/tabs/__tests__/ApiKeysTab.test.tsx:57:15)
          at Promise.finally.completed (/Users/marioalvarez/repos/conversacion/chat-booking-admin/node_modules/jest-circus/build/jestAdapterInit.js:1557:28)
          at new Promise (<anonymous>)
          at callAsyncCircusFn (/Users/marioalvarez/repos/conversacion/chat-booking-admin/node_modules/jest-circus/build/jestAdapterInit.js:1497:10)
          at _callCircusTest (/Users/marioalvarez/repos/conversacion/chat-booking-admin/node_modules/jest-circus/build/jestAdapterInit.js:1007:40)
          at _runTest (/Users/marioalvarez/repos/conversacion/chat-booking-admin/node_modules/jest-circus/build/jestAdapterInit.js:947:3)
          at /Users/marioalvarez/repos/conversacion/chat-booking-admin/node_modules/jest-circus/build/jestAdapterInit.js:849:7
          at _runTestsForDescribeBlock (/Users/marioalvarez/repos/conversacion/chat-booking-admin/node_modules/jest-circus/build/jestAdapterInit.js:862:11)
          at _runTestsForDescribeBlock (/Users/marioalvarez/repos/conversacion/chat-booking-admin/node_modules/jest-circus/build/jestAdapterInit.js:857:11)
          at run (/Users/marioalvarez/repos/conversacion/chat-booking-admin/node_modules/jest-circus/build/jestAdapterInit.js:761:3)
          at runAndTransformResultsToJestFormat (/Users/marioalvarez/repos/conversacion/chat-booking-admin/node_modules/jest-circus/build/jestAdapterInit.js:1918:21)
          at jestAdapter (/Users/marioalvarez/repos/conversacion/chat-booking-admin/node_modules/jest-circus/build/runner.js:101:19)
          at runTestInternal (/Users/marioalvarez/repos/conversacion/chat-booking-admin/node_modules/jest-runner/build/index.js:275:16)
          at runTest (/Users/marioalvarez/repos/conversacion/chat-booking-admin/node_modules/jest-runner/build/index.js:343:7),
      type: 'unhandled exception'
    }

      55 |     it('renders empty state when no keys', async () => {
      56 |         mockGraphql.mockResolvedValue({ data: { listApiKeys: [] } });
    > 57 |         render(<ApiKeysTab hasMounted={true} />);
         |               ^
      58 |
      59 |         await waitFor(() => {
      60 |             expect(screen.queryByRole('progressbar')).not.toBeInTheDocument();

      at VirtualConsole.<anonymous> (node_modules/@jest/environment-jsdom-abstract/build/index.js:87:23)
      at reportException (node_modules/jsdom/lib/jsdom/living/helpers/runtime-script-errors.js:70:28)
      at innerInvokeEventListeners (node_modules/jsdom/lib/jsdom/living/events/EventTarget-impl.js:353:9)
      at invokeEventListeners (node_modules/jsdom/lib/jsdom/living/events/EventTarget-impl.js:286:3)
      at HTMLUnknownElementImpl._dispatch (node_modules/jsdom/lib/jsdom/living/events/EventTarget-impl.js:233:9)
      at HTMLUnknownElementImpl.dispatchEvent (node_modules/jsdom/lib/jsdom/living/events/EventTarget-impl.js:104:17)
      at HTMLUnknownElement.dispatchEvent (node_modules/jsdom/lib/jsdom/living/generated/EventTarget.js:241:34)
      at Object.invokeGuardedCallbackDev (node_modules/react-dom/cjs/react-dom.development.js:4213:16)
      at invokeGuardedCallback (node_modules/react-dom/cjs/react-dom.development.js:4277:31)
      at beginWork$1 (node_modules/react-dom/cjs/react-dom.development.js:27490:7)
      at performUnitOfWork (node_modules/react-dom/cjs/react-dom.development.js:26599:12)
      at workLoopSync (node_modules/react-dom/cjs/react-dom.development.js:26505:5)
      at renderRootSync (node_modules/react-dom/cjs/react-dom.development.js:26473:7)
      at performConcurrentWorkOnRoot (node_modules/react-dom/cjs/react-dom.development.js:25777:74)
      at flushActQueue (node_modules/react/cjs/react.development.js:2667:24)
      at act (node_modules/react/cjs/react.development.js:2582:11)
      at node_modules/@testing-library/react/dist/act-compat.js:46:25
      at renderRoot (node_modules/@testing-library/react/dist/pure.js:189:26)
      at render (node_modules/@testing-library/react/dist/pure.js:291:10)
      at Object.<anonymous> (src/app/settings/tabs/__tests__/ApiKeysTab.test.tsx:57:15)

  console.error
    Error: Uncaught [ReferenceError: loading is not defined]
        at reportException (/Users/marioalvarez/repos/conversacion/chat-booking-admin/node_modules/jsdom/lib/jsdom/living/helpers/runtime-script-errors.js:66:24)
        at innerInvokeEventListeners (/Users/marioalvarez/repos/conversacion/chat-booking-admin/node_modules/jsdom/lib/jsdom/living/events/EventTarget-impl.js:353:9)
        at invokeEventListeners (/Users/marioalvarez/repos/conversacion/chat-booking-admin/node_modules/jsdom/lib/jsdom/living/events/EventTarget-impl.js:286:3)
        at HTMLUnknownElementImpl._dispatch (/Users/marioalvarez/repos/conversacion/chat-booking-admin/node_modules/jsdom/lib/jsdom/living/events/EventTarget-impl.js:233:9)
        at HTMLUnknownElementImpl.dispatchEvent (/Users/marioalvarez/repos/conversacion/chat-booking-admin/node_modules/jsdom/lib/jsdom/living/events/EventTarget-impl.js:104:17)
        at HTMLUnknownElement.dispatchEvent (/Users/marioalvarez/repos/conversacion/chat-booking-admin/node_modules/jsdom/lib/jsdom/living/generated/EventTarget.js:241:34)
        at Object.invokeGuardedCallbackDev (/Users/marioalvarez/repos/conversacion/chat-booking-admin/node_modules/react-dom/cjs/react-dom.development.js:4213:16)
        at invokeGuardedCallback (/Users/marioalvarez/repos/conversacion/chat-booking-admin/node_modules/react-dom/cjs/react-dom.development.js:4277:31)
        at beginWork$1 (/Users/marioalvarez/repos/conversacion/chat-booking-admin/node_modules/react-dom/cjs/react-dom.development.js:27490:7)
        at performUnitOfWork (/Users/marioalvarez/repos/conversacion/chat-booking-admin/node_modules/react-dom/cjs/react-dom.development.js:26599:12)
        at workLoopSync (/Users/marioalvarez/repos/conversacion/chat-booking-admin/node_modules/react-dom/cjs/react-dom.development.js:26505:5)
        at renderRootSync (/Users/marioalvarez/repos/conversacion/chat-booking-admin/node_modules/react-dom/cjs/react-dom.development.js:26473:7)
        at recoverFromConcurrentError (/Users/marioalvarez/repos/conversacion/chat-booking-admin/node_modules/react-dom/cjs/react-dom.development.js:25889:20)
        at performConcurrentWorkOnRoot (/Users/marioalvarez/repos/conversacion/chat-booking-admin/node_modules/react-dom/cjs/react-dom.development.js:25789:22)
        at flushActQueue (/Users/marioalvarez/repos/conversacion/chat-booking-admin/node_modules/react/cjs/react.development.js:2667:24)
        at act (/Users/marioalvarez/repos/conversacion/chat-booking-admin/node_modules/react/cjs/react.development.js:2582:11)
        at /Users/marioalvarez/repos/conversacion/chat-booking-admin/node_modules/@testing-library/react/dist/act-compat.js:46:25
        at renderRoot (/Users/marioalvarez/repos/conversacion/chat-booking-admin/node_modules/@testing-library/react/dist/pure.js:189:26)
        at render (/Users/marioalvarez/repos/conversacion/chat-booking-admin/node_modules/@testing-library/react/dist/pure.js:291:10)
        at Object.<anonymous> (/Users/marioalvarez/repos/conversacion/chat-booking-admin/src/app/settings/tabs/__tests__/ApiKeysTab.test.tsx:57:15)
        at Promise.finally.completed (/Users/marioalvarez/repos/conversacion/chat-booking-admin/node_modules/jest-circus/build/jestAdapterInit.js:1557:28)
        at new Promise (<anonymous>)
        at callAsyncCircusFn (/Users/marioalvarez/repos/conversacion/chat-booking-admin/node_modules/jest-circus/build/jestAdapterInit.js:1497:10)
        at _callCircusTest (/Users/marioalvarez/repos/conversacion/chat-booking-admin/node_modules/jest-circus/build/jestAdapterInit.js:1007:40)
        at _runTest (/Users/marioalvarez/repos/conversacion/chat-booking-admin/node_modules/jest-circus/build/jestAdapterInit.js:947:3)
        at /Users/marioalvarez/repos/conversacion/chat-booking-admin/node_modules/jest-circus/build/jestAdapterInit.js:849:7
        at _runTestsForDescribeBlock (/Users/marioalvarez/repos/conversacion/chat-booking-admin/node_modules/jest-circus/build/jestAdapterInit.js:862:11)
        at _runTestsForDescribeBlock (/Users/marioalvarez/repos/conversacion/chat-booking-admin/node_modules/jest-circus/build/jestAdapterInit.js:857:11)
        at run (/Users/marioalvarez/repos/conversacion/chat-booking-admin/node_modules/jest-circus/build/jestAdapterInit.js:761:3)
        at runAndTransformResultsToJestFormat (/Users/marioalvarez/repos/conversacion/chat-booking-admin/node_modules/jest-circus/build/jestAdapterInit.js:1918:21)
        at jestAdapter (/Users/marioalvarez/repos/conversacion/chat-booking-admin/node_modules/jest-circus/build/runner.js:101:19)
        at runTestInternal (/Users/marioalvarez/repos/conversacion/chat-booking-admin/node_modules/jest-runner/build/index.js:275:16)
        at runTest (/Users/marioalvarez/repos/conversacion/chat-booking-admin/node_modules/jest-runner/build/index.js:343:7) {
      detail: ReferenceError: loading is not defined
          at ApiKeysTab (/Users/marioalvarez/repos/conversacion/chat-booking-admin/src/app/settings/tabs/ApiKeysTab.tsx:132:5)
          at renderWithHooks (/Users/marioalvarez/repos/conversacion/chat-booking-admin/node_modules/react-dom/cjs/react-dom.development.js:15486:18)
          at mountIndeterminateComponent (/Users/marioalvarez/repos/conversacion/chat-booking-admin/node_modules/react-dom/cjs/react-dom.development.js:20103:13)
          at beginWork (/Users/marioalvarez/repos/conversacion/chat-booking-admin/node_modules/react-dom/cjs/react-dom.development.js:21626:16)
          at HTMLUnknownElement.callCallback (/Users/marioalvarez/repos/conversacion/chat-booking-admin/node_modules/react-dom/cjs/react-dom.development.js:4164:14)
          at HTMLUnknownElement.callTheUserObjectsOperation (/Users/marioalvarez/repos/conversacion/chat-booking-admin/node_modules/jsdom/lib/jsdom/living/generated/EventListener.js:26:30)
          at innerInvokeEventListeners (/Users/marioalvarez/repos/conversacion/chat-booking-admin/node_modules/jsdom/lib/jsdom/living/events/EventTarget-impl.js:350:25)
          at invokeEventListeners (/Users/marioalvarez/repos/conversacion/chat-booking-admin/node_modules/jsdom/lib/jsdom/living/events/EventTarget-impl.js:286:3)
          at HTMLUnknownElementImpl._dispatch (/Users/marioalvarez/repos/conversacion/chat-booking-admin/node_modules/jsdom/lib/jsdom/living/events/EventTarget-impl.js:233:9)
          at HTMLUnknownElementImpl.dispatchEvent (/Users/marioalvarez/repos/conversacion/chat-booking-admin/node_modules/jsdom/lib/jsdom/living/events/EventTarget-impl.js:104:17)
          at HTMLUnknownElement.dispatchEvent (/Users/marioalvarez/repos/conversacion/chat-booking-admin/node_modules/jsdom/lib/jsdom/living/generated/EventTarget.js:241:34)
          at Object.invokeGuardedCallbackDev (/Users/marioalvarez/repos/conversacion/chat-booking-admin/node_modules/react-dom/cjs/react-dom.development.js:4213:16)
          at invokeGuardedCallback (/Users/marioalvarez/repos/conversacion/chat-booking-admin/node_modules/react-dom/cjs/react-dom.development.js:4277:31)
          at beginWork$1 (/Users/marioalvarez/repos/conversacion/chat-booking-admin/node_modules/react-dom/cjs/react-dom.development.js:27490:7)
          at performUnitOfWork (/Users/marioalvarez/repos/conversacion/chat-booking-admin/node_modules/react-dom/cjs/react-dom.development.js:26599:12)
          at workLoopSync (/Users/marioalvarez/repos/conversacion/chat-booking-admin/node_modules/react-dom/cjs/react-dom.development.js:26505:5)
          at renderRootSync (/Users/marioalvarez/repos/conversacion/chat-booking-admin/node_modules/react-dom/cjs/react-dom.development.js:26473:7)
          at recoverFromConcurrentError (/Users/marioalvarez/repos/conversacion/chat-booking-admin/node_modules/react-dom/cjs/react-dom.development.js:25889:20)
          at performConcurrentWorkOnRoot (/Users/marioalvarez/repos/conversacion/chat-booking-admin/node_modules/react-dom/cjs/react-dom.development.js:25789:22)
          at flushActQueue (/Users/marioalvarez/repos/conversacion/chat-booking-admin/node_modules/react/cjs/react.development.js:2667:24)
          at act (/Users/marioalvarez/repos/conversacion/chat-booking-admin/node_modules/react/cjs/react.development.js:2582:11)
          at /Users/marioalvarez/repos/conversacion/chat-booking-admin/node_modules/@testing-library/react/dist/act-compat.js:46:25
          at renderRoot (/Users/marioalvarez/repos/conversacion/chat-booking-admin/node_modules/@testing-library/react/dist/pure.js:189:26)
          at render (/Users/marioalvarez/repos/conversacion/chat-booking-admin/node_modules/@testing-library/react/dist/pure.js:291:10)
          at Object.<anonymous> (/Users/marioalvarez/repos/conversacion/chat-booking-admin/src/app/settings/tabs/__tests__/ApiKeysTab.test.tsx:57:15)
          at Promise.finally.completed (/Users/marioalvarez/repos/conversacion/chat-booking-admin/node_modules/jest-circus/build/jestAdapterInit.js:1557:28)
          at new Promise (<anonymous>)
          at callAsyncCircusFn (/Users/marioalvarez/repos/conversacion/chat-booking-admin/node_modules/jest-circus/build/jestAdapterInit.js:1497:10)
          at _callCircusTest (/Users/marioalvarez/repos/conversacion/chat-booking-admin/node_modules/jest-circus/build/jestAdapterInit.js:1007:40)
          at _runTest (/Users/marioalvarez/repos/conversacion/chat-booking-admin/node_modules/jest-circus/build/jestAdapterInit.js:947:3)
          at /Users/marioalvarez/repos/conversacion/chat-booking-admin/node_modules/jest-circus/build/jestAdapterInit.js:849:7
          at _runTestsForDescribeBlock (/Users/marioalvarez/repos/conversacion/chat-booking-admin/node_modules/jest-circus/build/jestAdapterInit.js:862:11)
          at _runTestsForDescribeBlock (/Users/marioalvarez/repos/conversacion/chat-booking-admin/node_modules/jest-circus/build/jestAdapterInit.js:857:11)
          at run (/Users/marioalvarez/repos/conversacion/chat-booking-admin/node_modules/jest-circus/build/jestAdapterInit.js:761:3)
          at runAndTransformResultsToJestFormat (/Users/marioalvarez/repos/conversacion/chat-booking-admin/node_modules/jest-circus/build/jestAdapterInit.js:1918:21)
          at jestAdapter (/Users/marioalvarez/repos/conversacion/chat-booking-admin/node_modules/jest-circus/build/runner.js:101:19)
          at runTestInternal (/Users/marioalvarez/repos/conversacion/chat-booking-admin/node_modules/jest-runner/build/index.js:275:16)
          at runTest (/Users/marioalvarez/repos/conversacion/chat-booking-admin/node_modules/jest-runner/build/index.js:343:7),
      type: 'unhandled exception'
    }

      55 |     it('renders empty state when no keys', async () => {
      56 |         mockGraphql.mockResolvedValue({ data: { listApiKeys: [] } });
    > 57 |         render(<ApiKeysTab hasMounted={true} />);
         |               ^
      58 |
      59 |         await waitFor(() => {
      60 |             expect(screen.queryByRole('progressbar')).not.toBeInTheDocument();

      at VirtualConsole.<anonymous> (node_modules/@jest/environment-jsdom-abstract/build/index.js:87:23)
      at reportException (node_modules/jsdom/lib/jsdom/living/helpers/runtime-script-errors.js:70:28)
      at innerInvokeEventListeners (node_modules/jsdom/lib/jsdom/living/events/EventTarget-impl.js:353:9)
      at invokeEventListeners (node_modules/jsdom/lib/jsdom/living/events/EventTarget-impl.js:286:3)
      at HTMLUnknownElementImpl._dispatch (node_modules/jsdom/lib/jsdom/living/events/EventTarget-impl.js:233:9)
      at HTMLUnknownElementImpl.dispatchEvent (node_modules/jsdom/lib/jsdom/living/events/EventTarget-impl.js:104:17)
      at HTMLUnknownElement.dispatchEvent (node_modules/jsdom/lib/jsdom/living/generated/EventTarget.js:241:34)
      at Object.invokeGuardedCallbackDev (node_modules/react-dom/cjs/react-dom.development.js:4213:16)
      at invokeGuardedCallback (node_modules/react-dom/cjs/react-dom.development.js:4277:31)
      at beginWork$1 (node_modules/react-dom/cjs/react-dom.development.js:27490:7)
      at performUnitOfWork (node_modules/react-dom/cjs/react-dom.development.js:26599:12)
      at workLoopSync (node_modules/react-dom/cjs/react-dom.development.js:26505:5)
      at renderRootSync (node_modules/react-dom/cjs/react-dom.development.js:26473:7)
      at recoverFromConcurrentError (node_modules/react-dom/cjs/react-dom.development.js:25889:20)
      at performConcurrentWorkOnRoot (node_modules/react-dom/cjs/react-dom.development.js:25789:22)
      at flushActQueue (node_modules/react/cjs/react.development.js:2667:24)
      at act (node_modules/react/cjs/react.development.js:2582:11)
      at node_modules/@testing-library/react/dist/act-compat.js:46:25
      at renderRoot (node_modules/@testing-library/react/dist/pure.js:189:26)
      at render (node_modules/@testing-library/react/dist/pure.js:291:10)
      at Object.<anonymous> (src/app/settings/tabs/__tests__/ApiKeysTab.test.tsx:57:15)

  console.error
    Error: Uncaught [ReferenceError: loading is not defined]
        at reportException (/Users/marioalvarez/repos/conversacion/chat-booking-admin/node_modules/jsdom/lib/jsdom/living/helpers/runtime-script-errors.js:66:24)
        at innerInvokeEventListeners (/Users/marioalvarez/repos/conversacion/chat-booking-admin/node_modules/jsdom/lib/jsdom/living/events/EventTarget-impl.js:353:9)
        at invokeEventListeners (/Users/marioalvarez/repos/conversacion/chat-booking-admin/node_modules/jsdom/lib/jsdom/living/events/EventTarget-impl.js:286:3)
        at HTMLUnknownElementImpl._dispatch (/Users/marioalvarez/repos/conversacion/chat-booking-admin/node_modules/jsdom/lib/jsdom/living/events/EventTarget-impl.js:233:9)
        at HTMLUnknownElementImpl.dispatchEvent (/Users/marioalvarez/repos/conversacion/chat-booking-admin/node_modules/jsdom/lib/jsdom/living/events/EventTarget-impl.js:104:17)
        at HTMLUnknownElement.dispatchEvent (/Users/marioalvarez/repos/conversacion/chat-booking-admin/node_modules/jsdom/lib/jsdom/living/generated/EventTarget.js:241:34)
        at Object.invokeGuardedCallbackDev (/Users/marioalvarez/repos/conversacion/chat-booking-admin/node_modules/react-dom/cjs/react-dom.development.js:4213:16)
        at invokeGuardedCallback (/Users/marioalvarez/repos/conversacion/chat-booking-admin/node_modules/react-dom/cjs/react-dom.development.js:4277:31)
        at beginWork$1 (/Users/marioalvarez/repos/conversacion/chat-booking-admin/node_modules/react-dom/cjs/react-dom.development.js:27490:7)
        at performUnitOfWork (/Users/marioalvarez/repos/conversacion/chat-booking-admin/node_modules/react-dom/cjs/react-dom.development.js:26599:12)
        at workLoopSync (/Users/marioalvarez/repos/conversacion/chat-booking-admin/node_modules/react-dom/cjs/react-dom.development.js:26505:5)
        at renderRootSync (/Users/marioalvarez/repos/conversacion/chat-booking-admin/node_modules/react-dom/cjs/react-dom.development.js:26473:7)
        at performConcurrentWorkOnRoot (/Users/marioalvarez/repos/conversacion/chat-booking-admin/node_modules/react-dom/cjs/react-dom.development.js:25777:74)
        at flushActQueue (/Users/marioalvarez/repos/conversacion/chat-booking-admin/node_modules/react/cjs/react.development.js:2667:24)
        at act (/Users/marioalvarez/repos/conversacion/chat-booking-admin/node_modules/react/cjs/react.development.js:2582:11)
        at /Users/marioalvarez/repos/conversacion/chat-booking-admin/node_modules/@testing-library/react/dist/act-compat.js:46:25
        at renderRoot (/Users/marioalvarez/repos/conversacion/chat-booking-admin/node_modules/@testing-library/react/dist/pure.js:189:26)
        at render (/Users/marioalvarez/repos/conversacion/chat-booking-admin/node_modules/@testing-library/react/dist/pure.js:291:10)
        at Object.<anonymous> (/Users/marioalvarez/repos/conversacion/chat-booking-admin/src/app/settings/tabs/__tests__/ApiKeysTab.test.tsx:68:15)
        at Promise.finally.completed (/Users/marioalvarez/repos/conversacion/chat-booking-admin/node_modules/jest-circus/build/jestAdapterInit.js:1557:28)
        at new Promise (<anonymous>)
        at callAsyncCircusFn (/Users/marioalvarez/repos/conversacion/chat-booking-admin/node_modules/jest-circus/build/jestAdapterInit.js:1497:10)
        at _callCircusTest (/Users/marioalvarez/repos/conversacion/chat-booking-admin/node_modules/jest-circus/build/jestAdapterInit.js:1007:40)
        at _runTest (/Users/marioalvarez/repos/conversacion/chat-booking-admin/node_modules/jest-circus/build/jestAdapterInit.js:947:3)
        at /Users/marioalvarez/repos/conversacion/chat-booking-admin/node_modules/jest-circus/build/jestAdapterInit.js:849:7
        at _runTestsForDescribeBlock (/Users/marioalvarez/repos/conversacion/chat-booking-admin/node_modules/jest-circus/build/jestAdapterInit.js:862:11)
        at _runTestsForDescribeBlock (/Users/marioalvarez/repos/conversacion/chat-booking-admin/node_modules/jest-circus/build/jestAdapterInit.js:857:11)
        at run (/Users/marioalvarez/repos/conversacion/chat-booking-admin/node_modules/jest-circus/build/jestAdapterInit.js:761:3)
        at runAndTransformResultsToJestFormat (/Users/marioalvarez/repos/conversacion/chat-booking-admin/node_modules/jest-circus/build/jestAdapterInit.js:1918:21)
        at jestAdapter (/Users/marioalvarez/repos/conversacion/chat-booking-admin/node_modules/jest-circus/build/runner.js:101:19)
        at runTestInternal (/Users/marioalvarez/repos/conversacion/chat-booking-admin/node_modules/jest-runner/build/index.js:275:16)
        at runTest (/Users/marioalvarez/repos/conversacion/chat-booking-admin/node_modules/jest-runner/build/index.js:343:7) {
      detail: ReferenceError: loading is not defined
          at ApiKeysTab (/Users/marioalvarez/repos/conversacion/chat-booking-admin/src/app/settings/tabs/ApiKeysTab.tsx:132:5)
          at renderWithHooks (/Users/marioalvarez/repos/conversacion/chat-booking-admin/node_modules/react-dom/cjs/react-dom.development.js:15486:18)
          at mountIndeterminateComponent (/Users/marioalvarez/repos/conversacion/chat-booking-admin/node_modules/react-dom/cjs/react-dom.development.js:20103:13)
          at beginWork (/Users/marioalvarez/repos/conversacion/chat-booking-admin/node_modules/react-dom/cjs/react-dom.development.js:21626:16)
          at HTMLUnknownElement.callCallback (/Users/marioalvarez/repos/conversacion/chat-booking-admin/node_modules/react-dom/cjs/react-dom.development.js:4164:14)
          at HTMLUnknownElement.callTheUserObjectsOperation (/Users/marioalvarez/repos/conversacion/chat-booking-admin/node_modules/jsdom/lib/jsdom/living/generated/EventListener.js:26:30)
          at innerInvokeEventListeners (/Users/marioalvarez/repos/conversacion/chat-booking-admin/node_modules/jsdom/lib/jsdom/living/events/EventTarget-impl.js:350:25)
          at invokeEventListeners (/Users/marioalvarez/repos/conversacion/chat-booking-admin/node_modules/jsdom/lib/jsdom/living/events/EventTarget-impl.js:286:3)
          at HTMLUnknownElementImpl._dispatch (/Users/marioalvarez/repos/conversacion/chat-booking-admin/node_modules/jsdom/lib/jsdom/living/events/EventTarget-impl.js:233:9)
          at HTMLUnknownElementImpl.dispatchEvent (/Users/marioalvarez/repos/conversacion/chat-booking-admin/node_modules/jsdom/lib/jsdom/living/events/EventTarget-impl.js:104:17)
          at HTMLUnknownElement.dispatchEvent (/Users/marioalvarez/repos/conversacion/chat-booking-admin/node_modules/jsdom/lib/jsdom/living/generated/EventTarget.js:241:34)
          at Object.invokeGuardedCallbackDev (/Users/marioalvarez/repos/conversacion/chat-booking-admin/node_modules/react-dom/cjs/react-dom.development.js:4213:16)
          at invokeGuardedCallback (/Users/marioalvarez/repos/conversacion/chat-booking-admin/node_modules/react-dom/cjs/react-dom.development.js:4277:31)
          at beginWork$1 (/Users/marioalvarez/repos/conversacion/chat-booking-admin/node_modules/react-dom/cjs/react-dom.development.js:27490:7)
          at performUnitOfWork (/Users/marioalvarez/repos/conversacion/chat-booking-admin/node_modules/react-dom/cjs/react-dom.development.js:26599:12)
          at workLoopSync (/Users/marioalvarez/repos/conversacion/chat-booking-admin/node_modules/react-dom/cjs/react-dom.development.js:26505:5)
          at renderRootSync (/Users/marioalvarez/repos/conversacion/chat-booking-admin/node_modules/react-dom/cjs/react-dom.development.js:26473:7)
          at performConcurrentWorkOnRoot (/Users/marioalvarez/repos/conversacion/chat-booking-admin/node_modules/react-dom/cjs/react-dom.development.js:25777:74)
          at flushActQueue (/Users/marioalvarez/repos/conversacion/chat-booking-admin/node_modules/react/cjs/react.development.js:2667:24)
          at act (/Users/marioalvarez/repos/conversacion/chat-booking-admin/node_modules/react/cjs/react.development.js:2582:11)
          at /Users/marioalvarez/repos/conversacion/chat-booking-admin/node_modules/@testing-library/react/dist/act-compat.js:46:25
          at renderRoot (/Users/marioalvarez/repos/conversacion/chat-booking-admin/node_modules/@testing-library/react/dist/pure.js:189:26)
          at render (/Users/marioalvarez/repos/conversacion/chat-booking-admin/node_modules/@testing-library/react/dist/pure.js:291:10)
          at Object.<anonymous> (/Users/marioalvarez/repos/conversacion/chat-booking-admin/src/app/settings/tabs/__tests__/ApiKeysTab.test.tsx:68:15)
          at Promise.finally.completed (/Users/marioalvarez/repos/conversacion/chat-booking-admin/node_modules/jest-circus/build/jestAdapterInit.js:1557:28)
          at new Promise (<anonymous>)
          at callAsyncCircusFn (/Users/marioalvarez/repos/conversacion/chat-booking-admin/node_modules/jest-circus/build/jestAdapterInit.js:1497:10)
          at _callCircusTest (/Users/marioalvarez/repos/conversacion/chat-booking-admin/node_modules/jest-circus/build/jestAdapterInit.js:1007:40)
          at _runTest (/Users/marioalvarez/repos/conversacion/chat-booking-admin/node_modules/jest-circus/build/jestAdapterInit.js:947:3)
          at /Users/marioalvarez/repos/conversacion/chat-booking-admin/node_modules/jest-circus/build/jestAdapterInit.js:849:7
          at _runTestsForDescribeBlock (/Users/marioalvarez/repos/conversacion/chat-booking-admin/node_modules/jest-circus/build/jestAdapterInit.js:862:11)
          at _runTestsForDescribeBlock (/Users/marioalvarez/repos/conversacion/chat-booking-admin/node_modules/jest-circus/build/jestAdapterInit.js:857:11)
          at run (/Users/marioalvarez/repos/conversacion/chat-booking-admin/node_modules/jest-circus/build/jestAdapterInit.js:761:3)
          at runAndTransformResultsToJestFormat (/Users/marioalvarez/repos/conversacion/chat-booking-admin/node_modules/jest-circus/build/jestAdapterInit.js:1918:21)
          at jestAdapter (/Users/marioalvarez/repos/conversacion/chat-booking-admin/node_modules/jest-circus/build/runner.js:101:19)
          at runTestInternal (/Users/marioalvarez/repos/conversacion/chat-booking-admin/node_modules/jest-runner/build/index.js:275:16)
          at runTest (/Users/marioalvarez/repos/conversacion/chat-booking-admin/node_modules/jest-runner/build/index.js:343:7),
      type: 'unhandled exception'
    }

      66 |     it('renders list of api keys', async () => {
      67 |         mockGraphql.mockResolvedValue({ data: { listApiKeys: mockApiKeys } });
    > 68 |         render(<ApiKeysTab hasMounted={true} />);
         |               ^
      69 |
      70 |         await waitFor(() => {
      71 |             expect(screen.queryByRole('progressbar')).not.toBeInTheDocument();

      at VirtualConsole.<anonymous> (node_modules/@jest/environment-jsdom-abstract/build/index.js:87:23)
      at reportException (node_modules/jsdom/lib/jsdom/living/helpers/runtime-script-errors.js:70:28)
      at innerInvokeEventListeners (node_modules/jsdom/lib/jsdom/living/events/EventTarget-impl.js:353:9)
      at invokeEventListeners (node_modules/jsdom/lib/jsdom/living/events/EventTarget-impl.js:286:3)
      at HTMLUnknownElementImpl._dispatch (node_modules/jsdom/lib/jsdom/living/events/EventTarget-impl.js:233:9)
      at HTMLUnknownElementImpl.dispatchEvent (node_modules/jsdom/lib/jsdom/living/events/EventTarget-impl.js:104:17)
      at HTMLUnknownElement.dispatchEvent (node_modules/jsdom/lib/jsdom/living/generated/EventTarget.js:241:34)
      at Object.invokeGuardedCallbackDev (node_modules/react-dom/cjs/react-dom.development.js:4213:16)
      at invokeGuardedCallback (node_modules/react-dom/cjs/react-dom.development.js:4277:31)
      at beginWork$1 (node_modules/react-dom/cjs/react-dom.development.js:27490:7)
      at performUnitOfWork (node_modules/react-dom/cjs/react-dom.development.js:26599:12)
      at workLoopSync (node_modules/react-dom/cjs/react-dom.development.js:26505:5)
      at renderRootSync (node_modules/react-dom/cjs/react-dom.development.js:26473:7)
      at performConcurrentWorkOnRoot (node_modules/react-dom/cjs/react-dom.development.js:25777:74)
      at flushActQueue (node_modules/react/cjs/react.development.js:2667:24)
      at act (node_modules/react/cjs/react.development.js:2582:11)
      at node_modules/@testing-library/react/dist/act-compat.js:46:25
      at renderRoot (node_modules/@testing-library/react/dist/pure.js:189:26)
      at render (node_modules/@testing-library/react/dist/pure.js:291:10)
      at Object.<anonymous> (src/app/settings/tabs/__tests__/ApiKeysTab.test.tsx:68:15)

  console.error
    Error: Uncaught [ReferenceError: loading is not defined]
        at reportException (/Users/marioalvarez/repos/conversacion/chat-booking-admin/node_modules/jsdom/lib/jsdom/living/helpers/runtime-script-errors.js:66:24)
        at innerInvokeEventListeners (/Users/marioalvarez/repos/conversacion/chat-booking-admin/node_modules/jsdom/lib/jsdom/living/events/EventTarget-impl.js:353:9)
        at invokeEventListeners (/Users/marioalvarez/repos/conversacion/chat-booking-admin/node_modules/jsdom/lib/jsdom/living/events/EventTarget-impl.js:286:3)
        at HTMLUnknownElementImpl._dispatch (/Users/marioalvarez/repos/conversacion/chat-booking-admin/node_modules/jsdom/lib/jsdom/living/events/EventTarget-impl.js:233:9)
        at HTMLUnknownElementImpl.dispatchEvent (/Users/marioalvarez/repos/conversacion/chat-booking-admin/node_modules/jsdom/lib/jsdom/living/events/EventTarget-impl.js:104:17)
        at HTMLUnknownElement.dispatchEvent (/Users/marioalvarez/repos/conversacion/chat-booking-admin/node_modules/jsdom/lib/jsdom/living/generated/EventTarget.js:241:34)
        at Object.invokeGuardedCallbackDev (/Users/marioalvarez/repos/conversacion/chat-booking-admin/node_modules/react-dom/cjs/react-dom.development.js:4213:16)
        at invokeGuardedCallback (/Users/marioalvarez/repos/conversacion/chat-booking-admin/node_modules/react-dom/cjs/react-dom.development.js:4277:31)
        at beginWork$1 (/Users/marioalvarez/repos/conversacion/chat-booking-admin/node_modules/react-dom/cjs/react-dom.development.js:27490:7)
        at performUnitOfWork (/Users/marioalvarez/repos/conversacion/chat-booking-admin/node_modules/react-dom/cjs/react-dom.development.js:26599:12)
        at workLoopSync (/Users/marioalvarez/repos/conversacion/chat-booking-admin/node_modules/react-dom/cjs/react-dom.development.js:26505:5)
        at renderRootSync (/Users/marioalvarez/repos/conversacion/chat-booking-admin/node_modules/react-dom/cjs/react-dom.development.js:26473:7)
        at recoverFromConcurrentError (/Users/marioalvarez/repos/conversacion/chat-booking-admin/node_modules/react-dom/cjs/react-dom.development.js:25889:20)
        at performConcurrentWorkOnRoot (/Users/marioalvarez/repos/conversacion/chat-booking-admin/node_modules/react-dom/cjs/react-dom.development.js:25789:22)
        at flushActQueue (/Users/marioalvarez/repos/conversacion/chat-booking-admin/node_modules/react/cjs/react.development.js:2667:24)
        at act (/Users/marioalvarez/repos/conversacion/chat-booking-admin/node_modules/react/cjs/react.development.js:2582:11)
        at /Users/marioalvarez/repos/conversacion/chat-booking-admin/node_modules/@testing-library/react/dist/act-compat.js:46:25
        at renderRoot (/Users/marioalvarez/repos/conversacion/chat-booking-admin/node_modules/@testing-library/react/dist/pure.js:189:26)
        at render (/Users/marioalvarez/repos/conversacion/chat-booking-admin/node_modules/@testing-library/react/dist/pure.js:291:10)
        at Object.<anonymous> (/Users/marioalvarez/repos/conversacion/chat-booking-admin/src/app/settings/tabs/__tests__/ApiKeysTab.test.tsx:68:15)
        at Promise.finally.completed (/Users/marioalvarez/repos/conversacion/chat-booking-admin/node_modules/jest-circus/build/jestAdapterInit.js:1557:28)
        at new Promise (<anonymous>)
        at callAsyncCircusFn (/Users/marioalvarez/repos/conversacion/chat-booking-admin/node_modules/jest-circus/build/jestAdapterInit.js:1497:10)
        at _callCircusTest (/Users/marioalvarez/repos/conversacion/chat-booking-admin/node_modules/jest-circus/build/jestAdapterInit.js:1007:40)
        at _runTest (/Users/marioalvarez/repos/conversacion/chat-booking-admin/node_modules/jest-circus/build/jestAdapterInit.js:947:3)
        at /Users/marioalvarez/repos/conversacion/chat-booking-admin/node_modules/jest-circus/build/jestAdapterInit.js:849:7
        at _runTestsForDescribeBlock (/Users/marioalvarez/repos/conversacion/chat-booking-admin/node_modules/jest-circus/build/jestAdapterInit.js:862:11)
        at _runTestsForDescribeBlock (/Users/marioalvarez/repos/conversacion/chat-booking-admin/node_modules/jest-circus/build/jestAdapterInit.js:857:11)
        at run (/Users/marioalvarez/repos/conversacion/chat-booking-admin/node_modules/jest-circus/build/jestAdapterInit.js:761:3)
        at runAndTransformResultsToJestFormat (/Users/marioalvarez/repos/conversacion/chat-booking-admin/node_modules/jest-circus/build/jestAdapterInit.js:1918:21)
        at jestAdapter (/Users/marioalvarez/repos/conversacion/chat-booking-admin/node_modules/jest-circus/build/runner.js:101:19)
        at runTestInternal (/Users/marioalvarez/repos/conversacion/chat-booking-admin/node_modules/jest-runner/build/index.js:275:16)
        at runTest (/Users/marioalvarez/repos/conversacion/chat-booking-admin/node_modules/jest-runner/build/index.js:343:7) {
      detail: ReferenceError: loading is not defined
          at ApiKeysTab (/Users/marioalvarez/repos/conversacion/chat-booking-admin/src/app/settings/tabs/ApiKeysTab.tsx:132:5)
          at renderWithHooks (/Users/marioalvarez/repos/conversacion/chat-booking-admin/node_modules/react-dom/cjs/react-dom.development.js:15486:18)
          at mountIndeterminateComponent (/Users/marioalvarez/repos/conversacion/chat-booking-admin/node_modules/react-dom/cjs/react-dom.development.js:20103:13)
          at beginWork (/Users/marioalvarez/repos/conversacion/chat-booking-admin/node_modules/react-dom/cjs/react-dom.development.js:21626:16)
          at HTMLUnknownElement.callCallback (/Users/marioalvarez/repos/conversacion/chat-booking-admin/node_modules/react-dom/cjs/react-dom.development.js:4164:14)
          at HTMLUnknownElement.callTheUserObjectsOperation (/Users/marioalvarez/repos/conversacion/chat-booking-admin/node_modules/jsdom/lib/jsdom/living/generated/EventListener.js:26:30)
          at innerInvokeEventListeners (/Users/marioalvarez/repos/conversacion/chat-booking-admin/node_modules/jsdom/lib/jsdom/living/events/EventTarget-impl.js:350:25)
          at invokeEventListeners (/Users/marioalvarez/repos/conversacion/chat-booking-admin/node_modules/jsdom/lib/jsdom/living/events/EventTarget-impl.js:286:3)
          at HTMLUnknownElementImpl._dispatch (/Users/marioalvarez/repos/conversacion/chat-booking-admin/node_modules/jsdom/lib/jsdom/living/events/EventTarget-impl.js:233:9)
          at HTMLUnknownElementImpl.dispatchEvent (/Users/marioalvarez/repos/conversacion/chat-booking-admin/node_modules/jsdom/lib/jsdom/living/events/EventTarget-impl.js:104:17)
          at HTMLUnknownElement.dispatchEvent (/Users/marioalvarez/repos/conversacion/chat-booking-admin/node_modules/jsdom/lib/jsdom/living/generated/EventTarget.js:241:34)
          at Object.invokeGuardedCallbackDev (/Users/marioalvarez/repos/conversacion/chat-booking-admin/node_modules/react-dom/cjs/react-dom.development.js:4213:16)
          at invokeGuardedCallback (/Users/marioalvarez/repos/conversacion/chat-booking-admin/node_modules/react-dom/cjs/react-dom.development.js:4277:31)
          at beginWork$1 (/Users/marioalvarez/repos/conversacion/chat-booking-admin/node_modules/react-dom/cjs/react-dom.development.js:27490:7)
          at performUnitOfWork (/Users/marioalvarez/repos/conversacion/chat-booking-admin/node_modules/react-dom/cjs/react-dom.development.js:26599:12)
          at workLoopSync (/Users/marioalvarez/repos/conversacion/chat-booking-admin/node_modules/react-dom/cjs/react-dom.development.js:26505:5)
          at renderRootSync (/Users/marioalvarez/repos/conversacion/chat-booking-admin/node_modules/react-dom/cjs/react-dom.development.js:26473:7)
          at recoverFromConcurrentError (/Users/marioalvarez/repos/conversacion/chat-booking-admin/node_modules/react-dom/cjs/react-dom.development.js:25889:20)
          at performConcurrentWorkOnRoot (/Users/marioalvarez/repos/conversacion/chat-booking-admin/node_modules/react-dom/cjs/react-dom.development.js:25789:22)
          at flushActQueue (/Users/marioalvarez/repos/conversacion/chat-booking-admin/node_modules/react/cjs/react.development.js:2667:24)
          at act (/Users/marioalvarez/repos/conversacion/chat-booking-admin/node_modules/react/cjs/react.development.js:2582:11)
          at /Users/marioalvarez/repos/conversacion/chat-booking-admin/node_modules/@testing-library/react/dist/act-compat.js:46:25
          at renderRoot (/Users/marioalvarez/repos/conversacion/chat-booking-admin/node_modules/@testing-library/react/dist/pure.js:189:26)
          at render (/Users/marioalvarez/repos/conversacion/chat-booking-admin/node_modules/@testing-library/react/dist/pure.js:291:10)
          at Object.<anonymous> (/Users/marioalvarez/repos/conversacion/chat-booking-admin/src/app/settings/tabs/__tests__/ApiKeysTab.test.tsx:68:15)
          at Promise.finally.completed (/Users/marioalvarez/repos/conversacion/chat-booking-admin/node_modules/jest-circus/build/jestAdapterInit.js:1557:28)
          at new Promise (<anonymous>)
          at callAsyncCircusFn (/Users/marioalvarez/repos/conversacion/chat-booking-admin/node_modules/jest-circus/build/jestAdapterInit.js:1497:10)
          at _callCircusTest (/Users/marioalvarez/repos/conversacion/chat-booking-admin/node_modules/jest-circus/build/jestAdapterInit.js:1007:40)
          at _runTest (/Users/marioalvarez/repos/conversacion/chat-booking-admin/node_modules/jest-circus/build/jestAdapterInit.js:947:3)
          at /Users/marioalvarez/repos/conversacion/chat-booking-admin/node_modules/jest-circus/build/jestAdapterInit.js:849:7
          at _runTestsForDescribeBlock (/Users/marioalvarez/repos/conversacion/chat-booking-admin/node_modules/jest-circus/build/jestAdapterInit.js:862:11)
          at _runTestsForDescribeBlock (/Users/marioalvarez/repos/conversacion/chat-booking-admin/node_modules/jest-circus/build/jestAdapterInit.js:857:11)
          at run (/Users/marioalvarez/repos/conversacion/chat-booking-admin/node_modules/jest-circus/build/jestAdapterInit.js:761:3)
          at runAndTransformResultsToJestFormat (/Users/marioalvarez/repos/conversacion/chat-booking-admin/node_modules/jest-circus/build/jestAdapterInit.js:1918:21)
          at jestAdapter (/Users/marioalvarez/repos/conversacion/chat-booking-admin/node_modules/jest-circus/build/runner.js:101:19)
          at runTestInternal (/Users/marioalvarez/repos/conversacion/chat-booking-admin/node_modules/jest-runner/build/index.js:275:16)
          at runTest (/Users/marioalvarez/repos/conversacion/chat-booking-admin/node_modules/jest-runner/build/index.js:343:7),
      type: 'unhandled exception'
    }

      66 |     it('renders list of api keys', async () => {
      67 |         mockGraphql.mockResolvedValue({ data: { listApiKeys: mockApiKeys } });
    > 68 |         render(<ApiKeysTab hasMounted={true} />);
         |               ^
      69 |
      70 |         await waitFor(() => {
      71 |             expect(screen.queryByRole('progressbar')).not.toBeInTheDocument();

      at VirtualConsole.<anonymous> (node_modules/@jest/environment-jsdom-abstract/build/index.js:87:23)
      at reportException (node_modules/jsdom/lib/jsdom/living/helpers/runtime-script-errors.js:70:28)
      at innerInvokeEventListeners (node_modules/jsdom/lib/jsdom/living/events/EventTarget-impl.js:353:9)
      at invokeEventListeners (node_modules/jsdom/lib/jsdom/living/events/EventTarget-impl.js:286:3)
      at HTMLUnknownElementImpl._dispatch (node_modules/jsdom/lib/jsdom/living/events/EventTarget-impl.js:233:9)
      at HTMLUnknownElementImpl.dispatchEvent (node_modules/jsdom/lib/jsdom/living/events/EventTarget-impl.js:104:17)
      at HTMLUnknownElement.dispatchEvent (node_modules/jsdom/lib/jsdom/living/generated/EventTarget.js:241:34)
      at Object.invokeGuardedCallbackDev (node_modules/react-dom/cjs/react-dom.development.js:4213:16)
      at invokeGuardedCallback (node_modules/react-dom/cjs/react-dom.development.js:4277:31)
      at beginWork$1 (node_modules/react-dom/cjs/react-dom.development.js:27490:7)
      at performUnitOfWork (node_modules/react-dom/cjs/react-dom.development.js:26599:12)
      at workLoopSync (node_modules/react-dom/cjs/react-dom.development.js:26505:5)
      at renderRootSync (node_modules/react-dom/cjs/react-dom.development.js:26473:7)
      at recoverFromConcurrentError (node_modules/react-dom/cjs/react-dom.development.js:25889:20)
      at performConcurrentWorkOnRoot (node_modules/react-dom/cjs/react-dom.development.js:25789:22)
      at flushActQueue (node_modules/react/cjs/react.development.js:2667:24)
      at act (node_modules/react/cjs/react.development.js:2582:11)
      at node_modules/@testing-library/react/dist/act-compat.js:46:25
      at renderRoot (node_modules/@testing-library/react/dist/pure.js:189:26)
      at render (node_modules/@testing-library/react/dist/pure.js:291:10)
      at Object.<anonymous> (src/app/settings/tabs/__tests__/ApiKeysTab.test.tsx:68:15)

  console.error
    Error: Uncaught [ReferenceError: loading is not defined]
        at reportException (/Users/marioalvarez/repos/conversacion/chat-booking-admin/node_modules/jsdom/lib/jsdom/living/helpers/runtime-script-errors.js:66:24)
        at innerInvokeEventListeners (/Users/marioalvarez/repos/conversacion/chat-booking-admin/node_modules/jsdom/lib/jsdom/living/events/EventTarget-impl.js:353:9)
        at invokeEventListeners (/Users/marioalvarez/repos/conversacion/chat-booking-admin/node_modules/jsdom/lib/jsdom/living/events/EventTarget-impl.js:286:3)
        at HTMLUnknownElementImpl._dispatch (/Users/marioalvarez/repos/conversacion/chat-booking-admin/node_modules/jsdom/lib/jsdom/living/events/EventTarget-impl.js:233:9)
        at HTMLUnknownElementImpl.dispatchEvent (/Users/marioalvarez/repos/conversacion/chat-booking-admin/node_modules/jsdom/lib/jsdom/living/events/EventTarget-impl.js:104:17)
        at HTMLUnknownElement.dispatchEvent (/Users/marioalvarez/repos/conversacion/chat-booking-admin/node_modules/jsdom/lib/jsdom/living/generated/EventTarget.js:241:34)
        at Object.invokeGuardedCallbackDev (/Users/marioalvarez/repos/conversacion/chat-booking-admin/node_modules/react-dom/cjs/react-dom.development.js:4213:16)
        at invokeGuardedCallback (/Users/marioalvarez/repos/conversacion/chat-booking-admin/node_modules/react-dom/cjs/react-dom.development.js:4277:31)
        at beginWork$1 (/Users/marioalvarez/repos/conversacion/chat-booking-admin/node_modules/react-dom/cjs/react-dom.development.js:27490:7)
        at performUnitOfWork (/Users/marioalvarez/repos/conversacion/chat-booking-admin/node_modules/react-dom/cjs/react-dom.development.js:26599:12)
        at workLoopSync (/Users/marioalvarez/repos/conversacion/chat-booking-admin/node_modules/react-dom/cjs/react-dom.development.js:26505:5)
        at renderRootSync (/Users/marioalvarez/repos/conversacion/chat-booking-admin/node_modules/react-dom/cjs/react-dom.development.js:26473:7)
        at performConcurrentWorkOnRoot (/Users/marioalvarez/repos/conversacion/chat-booking-admin/node_modules/react-dom/cjs/react-dom.development.js:25777:74)
        at flushActQueue (/Users/marioalvarez/repos/conversacion/chat-booking-admin/node_modules/react/cjs/react.development.js:2667:24)
        at act (/Users/marioalvarez/repos/conversacion/chat-booking-admin/node_modules/react/cjs/react.development.js:2582:11)
        at /Users/marioalvarez/repos/conversacion/chat-booking-admin/node_modules/@testing-library/react/dist/act-compat.js:46:25
        at renderRoot (/Users/marioalvarez/repos/conversacion/chat-booking-admin/node_modules/@testing-library/react/dist/pure.js:189:26)
        at render (/Users/marioalvarez/repos/conversacion/chat-booking-admin/node_modules/@testing-library/react/dist/pure.js:291:10)
        at Object.<anonymous> (/Users/marioalvarez/repos/conversacion/chat-booking-admin/src/app/settings/tabs/__tests__/ApiKeysTab.test.tsx:82:15)
        at Promise.finally.completed (/Users/marioalvarez/repos/conversacion/chat-booking-admin/node_modules/jest-circus/build/jestAdapterInit.js:1557:28)
        at new Promise (<anonymous>)
        at callAsyncCircusFn (/Users/marioalvarez/repos/conversacion/chat-booking-admin/node_modules/jest-circus/build/jestAdapterInit.js:1497:10)
        at _callCircusTest (/Users/marioalvarez/repos/conversacion/chat-booking-admin/node_modules/jest-circus/build/jestAdapterInit.js:1007:40)
        at _runTest (/Users/marioalvarez/repos/conversacion/chat-booking-admin/node_modules/jest-circus/build/jestAdapterInit.js:947:3)
        at /Users/marioalvarez/repos/conversacion/chat-booking-admin/node_modules/jest-circus/build/jestAdapterInit.js:849:7
        at _runTestsForDescribeBlock (/Users/marioalvarez/repos/conversacion/chat-booking-admin/node_modules/jest-circus/build/jestAdapterInit.js:862:11)
        at _runTestsForDescribeBlock (/Users/marioalvarez/repos/conversacion/chat-booking-admin/node_modules/jest-circus/build/jestAdapterInit.js:857:11)
        at run (/Users/marioalvarez/repos/conversacion/chat-booking-admin/node_modules/jest-circus/build/jestAdapterInit.js:761:3)
        at runAndTransformResultsToJestFormat (/Users/marioalvarez/repos/conversacion/chat-booking-admin/node_modules/jest-circus/build/jestAdapterInit.js:1918:21)
        at jestAdapter (/Users/marioalvarez/repos/conversacion/chat-booking-admin/node_modules/jest-circus/build/runner.js:101:19)
        at runTestInternal (/Users/marioalvarez/repos/conversacion/chat-booking-admin/node_modules/jest-runner/build/index.js:275:16)
        at runTest (/Users/marioalvarez/repos/conversacion/chat-booking-admin/node_modules/jest-runner/build/index.js:343:7) {
      detail: ReferenceError: loading is not defined
          at ApiKeysTab (/Users/marioalvarez/repos/conversacion/chat-booking-admin/src/app/settings/tabs/ApiKeysTab.tsx:132:5)
          at renderWithHooks (/Users/marioalvarez/repos/conversacion/chat-booking-admin/node_modules/react-dom/cjs/react-dom.development.js:15486:18)
          at mountIndeterminateComponent (/Users/marioalvarez/repos/conversacion/chat-booking-admin/node_modules/react-dom/cjs/react-dom.development.js:20103:13)
          at beginWork (/Users/marioalvarez/repos/conversacion/chat-booking-admin/node_modules/react-dom/cjs/react-dom.development.js:21626:16)
          at HTMLUnknownElement.callCallback (/Users/marioalvarez/repos/conversacion/chat-booking-admin/node_modules/react-dom/cjs/react-dom.development.js:4164:14)
          at HTMLUnknownElement.callTheUserObjectsOperation (/Users/marioalvarez/repos/conversacion/chat-booking-admin/node_modules/jsdom/lib/jsdom/living/generated/EventListener.js:26:30)
          at innerInvokeEventListeners (/Users/marioalvarez/repos/conversacion/chat-booking-admin/node_modules/jsdom/lib/jsdom/living/events/EventTarget-impl.js:350:25)
          at invokeEventListeners (/Users/marioalvarez/repos/conversacion/chat-booking-admin/node_modules/jsdom/lib/jsdom/living/events/EventTarget-impl.js:286:3)
          at HTMLUnknownElementImpl._dispatch (/Users/marioalvarez/repos/conversacion/chat-booking-admin/node_modules/jsdom/lib/jsdom/living/events/EventTarget-impl.js:233:9)
          at HTMLUnknownElementImpl.dispatchEvent (/Users/marioalvarez/repos/conversacion/chat-booking-admin/node_modules/jsdom/lib/jsdom/living/events/EventTarget-impl.js:104:17)
          at HTMLUnknownElement.dispatchEvent (/Users/marioalvarez/repos/conversacion/chat-booking-admin/node_modules/jsdom/lib/jsdom/living/generated/EventTarget.js:241:34)
          at Object.invokeGuardedCallbackDev (/Users/marioalvarez/repos/conversacion/chat-booking-admin/node_modules/react-dom/cjs/react-dom.development.js:4213:16)
          at invokeGuardedCallback (/Users/marioalvarez/repos/conversacion/chat-booking-admin/node_modules/react-dom/cjs/react-dom.development.js:4277:31)
          at beginWork$1 (/Users/marioalvarez/repos/conversacion/chat-booking-admin/node_modules/react-dom/cjs/react-dom.development.js:27490:7)
          at performUnitOfWork (/Users/marioalvarez/repos/conversacion/chat-booking-admin/node_modules/react-dom/cjs/react-dom.development.js:26599:12)
          at workLoopSync (/Users/marioalvarez/repos/conversacion/chat-booking-admin/node_modules/react-dom/cjs/react-dom.development.js:26505:5)
          at renderRootSync (/Users/marioalvarez/repos/conversacion/chat-booking-admin/node_modules/react-dom/cjs/react-dom.development.js:26473:7)
          at performConcurrentWorkOnRoot (/Users/marioalvarez/repos/conversacion/chat-booking-admin/node_modules/react-dom/cjs/react-dom.development.js:25777:74)
          at flushActQueue (/Users/marioalvarez/repos/conversacion/chat-booking-admin/node_modules/react/cjs/react.development.js:2667:24)
          at act (/Users/marioalvarez/repos/conversacion/chat-booking-admin/node_modules/react/cjs/react.development.js:2582:11)
          at /Users/marioalvarez/repos/conversacion/chat-booking-admin/node_modules/@testing-library/react/dist/act-compat.js:46:25
          at renderRoot (/Users/marioalvarez/repos/conversacion/chat-booking-admin/node_modules/@testing-library/react/dist/pure.js:189:26)
          at render (/Users/marioalvarez/repos/conversacion/chat-booking-admin/node_modules/@testing-library/react/dist/pure.js:291:10)
          at Object.<anonymous> (/Users/marioalvarez/repos/conversacion/chat-booking-admin/src/app/settings/tabs/__tests__/ApiKeysTab.test.tsx:82:15)
          at Promise.finally.completed (/Users/marioalvarez/repos/conversacion/chat-booking-admin/node_modules/jest-circus/build/jestAdapterInit.js:1557:28)
          at new Promise (<anonymous>)
          at callAsyncCircusFn (/Users/marioalvarez/repos/conversacion/chat-booking-admin/node_modules/jest-circus/build/jestAdapterInit.js:1497:10)
          at _callCircusTest (/Users/marioalvarez/repos/conversacion/chat-booking-admin/node_modules/jest-circus/build/jestAdapterInit.js:1007:40)
          at _runTest (/Users/marioalvarez/repos/conversacion/chat-booking-admin/node_modules/jest-circus/build/jestAdapterInit.js:947:3)
          at /Users/marioalvarez/repos/conversacion/chat-booking-admin/node_modules/jest-circus/build/jestAdapterInit.js:849:7
          at _runTestsForDescribeBlock (/Users/marioalvarez/repos/conversacion/chat-booking-admin/node_modules/jest-circus/build/jestAdapterInit.js:862:11)
          at _runTestsForDescribeBlock (/Users/marioalvarez/repos/conversacion/chat-booking-admin/node_modules/jest-circus/build/jestAdapterInit.js:857:11)
          at run (/Users/marioalvarez/repos/conversacion/chat-booking-admin/node_modules/jest-circus/build/jestAdapterInit.js:761:3)
          at runAndTransformResultsToJestFormat (/Users/marioalvarez/repos/conversacion/chat-booking-admin/node_modules/jest-circus/build/jestAdapterInit.js:1918:21)
          at jestAdapter (/Users/marioalvarez/repos/conversacion/chat-booking-admin/node_modules/jest-circus/build/runner.js:101:19)
          at runTestInternal (/Users/marioalvarez/repos/conversacion/chat-booking-admin/node_modules/jest-runner/build/index.js:275:16)
          at runTest (/Users/marioalvarez/repos/conversacion/chat-booking-admin/node_modules/jest-runner/build/index.js:343:7),
      type: 'unhandled exception'
    }

      80 |     it('opens create dialog and creates a new key', async () => {
      81 |         mockGraphql.mockResolvedValueOnce({ data: { listApiKeys: [] } });
    > 82 |         render(<ApiKeysTab hasMounted={true} />);
         |               ^
      83 |
      84 |         await waitFor(() => expect(screen.queryByRole('progressbar')).not.toBeInTheDocument());
      85 |

      at VirtualConsole.<anonymous> (node_modules/@jest/environment-jsdom-abstract/build/index.js:87:23)
      at reportException (node_modules/jsdom/lib/jsdom/living/helpers/runtime-script-errors.js:70:28)
      at innerInvokeEventListeners (node_modules/jsdom/lib/jsdom/living/events/EventTarget-impl.js:353:9)
      at invokeEventListeners (node_modules/jsdom/lib/jsdom/living/events/EventTarget-impl.js:286:3)
      at HTMLUnknownElementImpl._dispatch (node_modules/jsdom/lib/jsdom/living/events/EventTarget-impl.js:233:9)
      at HTMLUnknownElementImpl.dispatchEvent (node_modules/jsdom/lib/jsdom/living/events/EventTarget-impl.js:104:17)
      at HTMLUnknownElement.dispatchEvent (node_modules/jsdom/lib/jsdom/living/generated/EventTarget.js:241:34)
      at Object.invokeGuardedCallbackDev (node_modules/react-dom/cjs/react-dom.development.js:4213:16)
      at invokeGuardedCallback (node_modules/react-dom/cjs/react-dom.development.js:4277:31)
      at beginWork$1 (node_modules/react-dom/cjs/react-dom.development.js:27490:7)
      at performUnitOfWork (node_modules/react-dom/cjs/react-dom.development.js:26599:12)
      at workLoopSync (node_modules/react-dom/cjs/react-dom.development.js:26505:5)
      at renderRootSync (node_modules/react-dom/cjs/react-dom.development.js:26473:7)
      at performConcurrentWorkOnRoot (node_modules/react-dom/cjs/react-dom.development.js:25777:74)
      at flushActQueue (node_modules/react/cjs/react.development.js:2667:24)
      at act (node_modules/react/cjs/react.development.js:2582:11)
      at node_modules/@testing-library/react/dist/act-compat.js:46:25
      at renderRoot (node_modules/@testing-library/react/dist/pure.js:189:26)
      at render (node_modules/@testing-library/react/dist/pure.js:291:10)
      at Object.<anonymous> (src/app/settings/tabs/__tests__/ApiKeysTab.test.tsx:82:15)

  console.error
    Error: Uncaught [ReferenceError: loading is not defined]
        at reportException (/Users/marioalvarez/repos/conversacion/chat-booking-admin/node_modules/jsdom/lib/jsdom/living/helpers/runtime-script-errors.js:66:24)
        at innerInvokeEventListeners (/Users/marioalvarez/repos/conversacion/chat-booking-admin/node_modules/jsdom/lib/jsdom/living/events/EventTarget-impl.js:353:9)
        at invokeEventListeners (/Users/marioalvarez/repos/conversacion/chat-booking-admin/node_modules/jsdom/lib/jsdom/living/events/EventTarget-impl.js:286:3)
        at HTMLUnknownElementImpl._dispatch (/Users/marioalvarez/repos/conversacion/chat-booking-admin/node_modules/jsdom/lib/jsdom/living/events/EventTarget-impl.js:233:9)
        at HTMLUnknownElementImpl.dispatchEvent (/Users/marioalvarez/repos/conversacion/chat-booking-admin/node_modules/jsdom/lib/jsdom/living/events/EventTarget-impl.js:104:17)
        at HTMLUnknownElement.dispatchEvent (/Users/marioalvarez/repos/conversacion/chat-booking-admin/node_modules/jsdom/lib/jsdom/living/generated/EventTarget.js:241:34)
        at Object.invokeGuardedCallbackDev (/Users/marioalvarez/repos/conversacion/chat-booking-admin/node_modules/react-dom/cjs/react-dom.development.js:4213:16)
        at invokeGuardedCallback (/Users/marioalvarez/repos/conversacion/chat-booking-admin/node_modules/react-dom/cjs/react-dom.development.js:4277:31)
        at beginWork$1 (/Users/marioalvarez/repos/conversacion/chat-booking-admin/node_modules/react-dom/cjs/react-dom.development.js:27490:7)
        at performUnitOfWork (/Users/marioalvarez/repos/conversacion/chat-booking-admin/node_modules/react-dom/cjs/react-dom.development.js:26599:12)
        at workLoopSync (/Users/marioalvarez/repos/conversacion/chat-booking-admin/node_modules/react-dom/cjs/react-dom.development.js:26505:5)
        at renderRootSync (/Users/marioalvarez/repos/conversacion/chat-booking-admin/node_modules/react-dom/cjs/react-dom.development.js:26473:7)
        at recoverFromConcurrentError (/Users/marioalvarez/repos/conversacion/chat-booking-admin/node_modules/react-dom/cjs/react-dom.development.js:25889:20)
        at performConcurrentWorkOnRoot (/Users/marioalvarez/repos/conversacion/chat-booking-admin/node_modules/react-dom/cjs/react-dom.development.js:25789:22)
        at flushActQueue (/Users/marioalvarez/repos/conversacion/chat-booking-admin/node_modules/react/cjs/react.development.js:2667:24)
        at act (/Users/marioalvarez/repos/conversacion/chat-booking-admin/node_modules/react/cjs/react.development.js:2582:11)
        at /Users/marioalvarez/repos/conversacion/chat-booking-admin/node_modules/@testing-library/react/dist/act-compat.js:46:25
        at renderRoot (/Users/marioalvarez/repos/conversacion/chat-booking-admin/node_modules/@testing-library/react/dist/pure.js:189:26)
        at render (/Users/marioalvarez/repos/conversacion/chat-booking-admin/node_modules/@testing-library/react/dist/pure.js:291:10)
        at Object.<anonymous> (/Users/marioalvarez/repos/conversacion/chat-booking-admin/src/app/settings/tabs/__tests__/ApiKeysTab.test.tsx:82:15)
        at Promise.finally.completed (/Users/marioalvarez/repos/conversacion/chat-booking-admin/node_modules/jest-circus/build/jestAdapterInit.js:1557:28)
        at new Promise (<anonymous>)
        at callAsyncCircusFn (/Users/marioalvarez/repos/conversacion/chat-booking-admin/node_modules/jest-circus/build/jestAdapterInit.js:1497:10)
        at _callCircusTest (/Users/marioalvarez/repos/conversacion/chat-booking-admin/node_modules/jest-circus/build/jestAdapterInit.js:1007:40)
        at _runTest (/Users/marioalvarez/repos/conversacion/chat-booking-admin/node_modules/jest-circus/build/jestAdapterInit.js:947:3)
        at /Users/marioalvarez/repos/conversacion/chat-booking-admin/node_modules/jest-circus/build/jestAdapterInit.js:849:7
        at _runTestsForDescribeBlock (/Users/marioalvarez/repos/conversacion/chat-booking-admin/node_modules/jest-circus/build/jestAdapterInit.js:862:11)
        at _runTestsForDescribeBlock (/Users/marioalvarez/repos/conversacion/chat-booking-admin/node_modules/jest-circus/build/jestAdapterInit.js:857:11)
        at run (/Users/marioalvarez/repos/conversacion/chat-booking-admin/node_modules/jest-circus/build/jestAdapterInit.js:761:3)
        at runAndTransformResultsToJestFormat (/Users/marioalvarez/repos/conversacion/chat-booking-admin/node_modules/jest-circus/build/jestAdapterInit.js:1918:21)
        at jestAdapter (/Users/marioalvarez/repos/conversacion/chat-booking-admin/node_modules/jest-circus/build/runner.js:101:19)
        at runTestInternal (/Users/marioalvarez/repos/conversacion/chat-booking-admin/node_modules/jest-runner/build/index.js:275:16)
        at runTest (/Users/marioalvarez/repos/conversacion/chat-booking-admin/node_modules/jest-runner/build/index.js:343:7) {
      detail: ReferenceError: loading is not defined
          at ApiKeysTab (/Users/marioalvarez/repos/conversacion/chat-booking-admin/src/app/settings/tabs/ApiKeysTab.tsx:132:5)
          at renderWithHooks (/Users/marioalvarez/repos/conversacion/chat-booking-admin/node_modules/react-dom/cjs/react-dom.development.js:15486:18)
          at mountIndeterminateComponent (/Users/marioalvarez/repos/conversacion/chat-booking-admin/node_modules/react-dom/cjs/react-dom.development.js:20103:13)
          at beginWork (/Users/marioalvarez/repos/conversacion/chat-booking-admin/node_modules/react-dom/cjs/react-dom.development.js:21626:16)
          at HTMLUnknownElement.callCallback (/Users/marioalvarez/repos/conversacion/chat-booking-admin/node_modules/react-dom/cjs/react-dom.development.js:4164:14)
          at HTMLUnknownElement.callTheUserObjectsOperation (/Users/marioalvarez/repos/conversacion/chat-booking-admin/node_modules/jsdom/lib/jsdom/living/generated/EventListener.js:26:30)
          at innerInvokeEventListeners (/Users/marioalvarez/repos/conversacion/chat-booking-admin/node_modules/jsdom/lib/jsdom/living/events/EventTarget-impl.js:350:25)
          at invokeEventListeners (/Users/marioalvarez/repos/conversacion/chat-booking-admin/node_modules/jsdom/lib/jsdom/living/events/EventTarget-impl.js:286:3)
          at HTMLUnknownElementImpl._dispatch (/Users/marioalvarez/repos/conversacion/chat-booking-admin/node_modules/jsdom/lib/jsdom/living/events/EventTarget-impl.js:233:9)
          at HTMLUnknownElementImpl.dispatchEvent (/Users/marioalvarez/repos/conversacion/chat-booking-admin/node_modules/jsdom/lib/jsdom/living/events/EventTarget-impl.js:104:17)
          at HTMLUnknownElement.dispatchEvent (/Users/marioalvarez/repos/conversacion/chat-booking-admin/node_modules/jsdom/lib/jsdom/living/generated/EventTarget.js:241:34)
          at Object.invokeGuardedCallbackDev (/Users/marioalvarez/repos/conversacion/chat-booking-admin/node_modules/react-dom/cjs/react-dom.development.js:4213:16)
          at invokeGuardedCallback (/Users/marioalvarez/repos/conversacion/chat-booking-admin/node_modules/react-dom/cjs/react-dom.development.js:4277:31)
          at beginWork$1 (/Users/marioalvarez/repos/conversacion/chat-booking-admin/node_modules/react-dom/cjs/react-dom.development.js:27490:7)
          at performUnitOfWork (/Users/marioalvarez/repos/conversacion/chat-booking-admin/node_modules/react-dom/cjs/react-dom.development.js:26599:12)
          at workLoopSync (/Users/marioalvarez/repos/conversacion/chat-booking-admin/node_modules/react-dom/cjs/react-dom.development.js:26505:5)
          at renderRootSync (/Users/marioalvarez/repos/conversacion/chat-booking-admin/node_modules/react-dom/cjs/react-dom.development.js:26473:7)
          at recoverFromConcurrentError (/Users/marioalvarez/repos/conversacion/chat-booking-admin/node_modules/react-dom/cjs/react-dom.development.js:25889:20)
          at performConcurrentWorkOnRoot (/Users/marioalvarez/repos/conversacion/chat-booking-admin/node_modules/react-dom/cjs/react-dom.development.js:25789:22)
          at flushActQueue (/Users/marioalvarez/repos/conversacion/chat-booking-admin/node_modules/react/cjs/react.development.js:2667:24)
          at act (/Users/marioalvarez/repos/conversacion/chat-booking-admin/node_modules/react/cjs/react.development.js:2582:11)
          at /Users/marioalvarez/repos/conversacion/chat-booking-admin/node_modules/@testing-library/react/dist/act-compat.js:46:25
          at renderRoot (/Users/marioalvarez/repos/conversacion/chat-booking-admin/node_modules/@testing-library/react/dist/pure.js:189:26)
          at render (/Users/marioalvarez/repos/conversacion/chat-booking-admin/node_modules/@testing-library/react/dist/pure.js:291:10)
          at Object.<anonymous> (/Users/marioalvarez/repos/conversacion/chat-booking-admin/src/app/settings/tabs/__tests__/ApiKeysTab.test.tsx:82:15)
          at Promise.finally.completed (/Users/marioalvarez/repos/conversacion/chat-booking-admin/node_modules/jest-circus/build/jestAdapterInit.js:1557:28)
          at new Promise (<anonymous>)
          at callAsyncCircusFn (/Users/marioalvarez/repos/conversacion/chat-booking-admin/node_modules/jest-circus/build/jestAdapterInit.js:1497:10)
          at _callCircusTest (/Users/marioalvarez/repos/conversacion/chat-booking-admin/node_modules/jest-circus/build/jestAdapterInit.js:1007:40)
          at _runTest (/Users/marioalvarez/repos/conversacion/chat-booking-admin/node_modules/jest-circus/build/jestAdapterInit.js:947:3)
          at /Users/marioalvarez/repos/conversacion/chat-booking-admin/node_modules/jest-circus/build/jestAdapterInit.js:849:7
          at _runTestsForDescribeBlock (/Users/marioalvarez/repos/conversacion/chat-booking-admin/node_modules/jest-circus/build/jestAdapterInit.js:862:11)
          at _runTestsForDescribeBlock (/Users/marioalvarez/repos/conversacion/chat-booking-admin/node_modules/jest-circus/build/jestAdapterInit.js:857:11)
          at run (/Users/marioalvarez/repos/conversacion/chat-booking-admin/node_modules/jest-circus/build/jestAdapterInit.js:761:3)
          at runAndTransformResultsToJestFormat (/Users/marioalvarez/repos/conversacion/chat-booking-admin/node_modules/jest-circus/build/jestAdapterInit.js:1918:21)
          at jestAdapter (/Users/marioalvarez/repos/conversacion/chat-booking-admin/node_modules/jest-circus/build/runner.js:101:19)
          at runTestInternal (/Users/marioalvarez/repos/conversacion/chat-booking-admin/node_modules/jest-runner/build/index.js:275:16)
          at runTest (/Users/marioalvarez/repos/conversacion/chat-booking-admin/node_modules/jest-runner/build/index.js:343:7),
      type: 'unhandled exception'
    }

      80 |     it('opens create dialog and creates a new key', async () => {
      81 |         mockGraphql.mockResolvedValueOnce({ data: { listApiKeys: [] } });
    > 82 |         render(<ApiKeysTab hasMounted={true} />);
         |               ^
      83 |
      84 |         await waitFor(() => expect(screen.queryByRole('progressbar')).not.toBeInTheDocument());
      85 |

      at VirtualConsole.<anonymous> (node_modules/@jest/environment-jsdom-abstract/build/index.js:87:23)
      at reportException (node_modules/jsdom/lib/jsdom/living/helpers/runtime-script-errors.js:70:28)
      at innerInvokeEventListeners (node_modules/jsdom/lib/jsdom/living/events/EventTarget-impl.js:353:9)
      at invokeEventListeners (node_modules/jsdom/lib/jsdom/living/events/EventTarget-impl.js:286:3)
      at HTMLUnknownElementImpl._dispatch (node_modules/jsdom/lib/jsdom/living/events/EventTarget-impl.js:233:9)
      at HTMLUnknownElementImpl.dispatchEvent (node_modules/jsdom/lib/jsdom/living/events/EventTarget-impl.js:104:17)
      at HTMLUnknownElement.dispatchEvent (node_modules/jsdom/lib/jsdom/living/generated/EventTarget.js:241:34)
      at Object.invokeGuardedCallbackDev (node_modules/react-dom/cjs/react-dom.development.js:4213:16)
      at invokeGuardedCallback (node_modules/react-dom/cjs/react-dom.development.js:4277:31)
      at beginWork$1 (node_modules/react-dom/cjs/react-dom.development.js:27490:7)
      at performUnitOfWork (node_modules/react-dom/cjs/react-dom.development.js:26599:12)
      at workLoopSync (node_modules/react-dom/cjs/react-dom.development.js:26505:5)
      at renderRootSync (node_modules/react-dom/cjs/react-dom.development.js:26473:7)
      at recoverFromConcurrentError (node_modules/react-dom/cjs/react-dom.development.js:25889:20)
      at performConcurrentWorkOnRoot (node_modules/react-dom/cjs/react-dom.development.js:25789:22)
      at flushActQueue (node_modules/react/cjs/react.development.js:2667:24)
      at act (node_modules/react/cjs/react.development.js:2582:11)
      at node_modules/@testing-library/react/dist/act-compat.js:46:25
      at renderRoot (node_modules/@testing-library/react/dist/pure.js:189:26)
      at render (node_modules/@testing-library/react/dist/pure.js:291:10)
      at Object.<anonymous> (src/app/settings/tabs/__tests__/ApiKeysTab.test.tsx:82:15)

  console.error
    Error: Uncaught [ReferenceError: loading is not defined]
        at reportException (/Users/marioalvarez/repos/conversacion/chat-booking-admin/node_modules/jsdom/lib/jsdom/living/helpers/runtime-script-errors.js:66:24)
        at innerInvokeEventListeners (/Users/marioalvarez/repos/conversacion/chat-booking-admin/node_modules/jsdom/lib/jsdom/living/events/EventTarget-impl.js:353:9)
        at invokeEventListeners (/Users/marioalvarez/repos/conversacion/chat-booking-admin/node_modules/jsdom/lib/jsdom/living/events/EventTarget-impl.js:286:3)
        at HTMLUnknownElementImpl._dispatch (/Users/marioalvarez/repos/conversacion/chat-booking-admin/node_modules/jsdom/lib/jsdom/living/events/EventTarget-impl.js:233:9)
        at HTMLUnknownElementImpl.dispatchEvent (/Users/marioalvarez/repos/conversacion/chat-booking-admin/node_modules/jsdom/lib/jsdom/living/events/EventTarget-impl.js:104:17)
        at HTMLUnknownElement.dispatchEvent (/Users/marioalvarez/repos/conversacion/chat-booking-admin/node_modules/jsdom/lib/jsdom/living/generated/EventTarget.js:241:34)
        at Object.invokeGuardedCallbackDev (/Users/marioalvarez/repos/conversacion/chat-booking-admin/node_modules/react-dom/cjs/react-dom.development.js:4213:16)
        at invokeGuardedCallback (/Users/marioalvarez/repos/conversacion/chat-booking-admin/node_modules/react-dom/cjs/react-dom.development.js:4277:31)
        at beginWork$1 (/Users/marioalvarez/repos/conversacion/chat-booking-admin/node_modules/react-dom/cjs/react-dom.development.js:27490:7)
        at performUnitOfWork (/Users/marioalvarez/repos/conversacion/chat-booking-admin/node_modules/react-dom/cjs/react-dom.development.js:26599:12)
        at workLoopSync (/Users/marioalvarez/repos/conversacion/chat-booking-admin/node_modules/react-dom/cjs/react-dom.development.js:26505:5)
        at renderRootSync (/Users/marioalvarez/repos/conversacion/chat-booking-admin/node_modules/react-dom/cjs/react-dom.development.js:26473:7)
        at performConcurrentWorkOnRoot (/Users/marioalvarez/repos/conversacion/chat-booking-admin/node_modules/react-dom/cjs/react-dom.development.js:25777:74)
        at flushActQueue (/Users/marioalvarez/repos/conversacion/chat-booking-admin/node_modules/react/cjs/react.development.js:2667:24)
        at act (/Users/marioalvarez/repos/conversacion/chat-booking-admin/node_modules/react/cjs/react.development.js:2582:11)
        at /Users/marioalvarez/repos/conversacion/chat-booking-admin/node_modules/@testing-library/react/dist/act-compat.js:46:25
        at renderRoot (/Users/marioalvarez/repos/conversacion/chat-booking-admin/node_modules/@testing-library/react/dist/pure.js:189:26)
        at render (/Users/marioalvarez/repos/conversacion/chat-booking-admin/node_modules/@testing-library/react/dist/pure.js:291:10)
        at Object.<anonymous> (/Users/marioalvarez/repos/conversacion/chat-booking-admin/src/app/settings/tabs/__tests__/ApiKeysTab.test.tsx:125:15)
        at Promise.finally.completed (/Users/marioalvarez/repos/conversacion/chat-booking-admin/node_modules/jest-circus/build/jestAdapterInit.js:1557:28)
        at new Promise (<anonymous>)
        at callAsyncCircusFn (/Users/marioalvarez/repos/conversacion/chat-booking-admin/node_modules/jest-circus/build/jestAdapterInit.js:1497:10)
        at _callCircusTest (/Users/marioalvarez/repos/conversacion/chat-booking-admin/node_modules/jest-circus/build/jestAdapterInit.js:1007:40)
        at _runTest (/Users/marioalvarez/repos/conversacion/chat-booking-admin/node_modules/jest-circus/build/jestAdapterInit.js:947:3)
        at /Users/marioalvarez/repos/conversacion/chat-booking-admin/node_modules/jest-circus/build/jestAdapterInit.js:849:7
        at _runTestsForDescribeBlock (/Users/marioalvarez/repos/conversacion/chat-booking-admin/node_modules/jest-circus/build/jestAdapterInit.js:862:11)
        at _runTestsForDescribeBlock (/Users/marioalvarez/repos/conversacion/chat-booking-admin/node_modules/jest-circus/build/jestAdapterInit.js:857:11)
        at run (/Users/marioalvarez/repos/conversacion/chat-booking-admin/node_modules/jest-circus/build/jestAdapterInit.js:761:3)
        at runAndTransformResultsToJestFormat (/Users/marioalvarez/repos/conversacion/chat-booking-admin/node_modules/jest-circus/build/jestAdapterInit.js:1918:21)
        at jestAdapter (/Users/marioalvarez/repos/conversacion/chat-booking-admin/node_modules/jest-circus/build/runner.js:101:19)
        at runTestInternal (/Users/marioalvarez/repos/conversacion/chat-booking-admin/node_modules/jest-runner/build/index.js:275:16)
        at runTest (/Users/marioalvarez/repos/conversacion/chat-booking-admin/node_modules/jest-runner/build/index.js:343:7) {
      detail: ReferenceError: loading is not defined
          at ApiKeysTab (/Users/marioalvarez/repos/conversacion/chat-booking-admin/src/app/settings/tabs/ApiKeysTab.tsx:132:5)
          at renderWithHooks (/Users/marioalvarez/repos/conversacion/chat-booking-admin/node_modules/react-dom/cjs/react-dom.development.js:15486:18)
          at mountIndeterminateComponent (/Users/marioalvarez/repos/conversacion/chat-booking-admin/node_modules/react-dom/cjs/react-dom.development.js:20103:13)
          at beginWork (/Users/marioalvarez/repos/conversacion/chat-booking-admin/node_modules/react-dom/cjs/react-dom.development.js:21626:16)
          at HTMLUnknownElement.callCallback (/Users/marioalvarez/repos/conversacion/chat-booking-admin/node_modules/react-dom/cjs/react-dom.development.js:4164:14)
          at HTMLUnknownElement.callTheUserObjectsOperation (/Users/marioalvarez/repos/conversacion/chat-booking-admin/node_modules/jsdom/lib/jsdom/living/generated/EventListener.js:26:30)
          at innerInvokeEventListeners (/Users/marioalvarez/repos/conversacion/chat-booking-admin/node_modules/jsdom/lib/jsdom/living/events/EventTarget-impl.js:350:25)
          at invokeEventListeners (/Users/marioalvarez/repos/conversacion/chat-booking-admin/node_modules/jsdom/lib/jsdom/living/events/EventTarget-impl.js:286:3)
          at HTMLUnknownElementImpl._dispatch (/Users/marioalvarez/repos/conversacion/chat-booking-admin/node_modules/jsdom/lib/jsdom/living/events/EventTarget-impl.js:233:9)
          at HTMLUnknownElementImpl.dispatchEvent (/Users/marioalvarez/repos/conversacion/chat-booking-admin/node_modules/jsdom/lib/jsdom/living/events/EventTarget-impl.js:104:17)
          at HTMLUnknownElement.dispatchEvent (/Users/marioalvarez/repos/conversacion/chat-booking-admin/node_modules/jsdom/lib/jsdom/living/generated/EventTarget.js:241:34)
          at Object.invokeGuardedCallbackDev (/Users/marioalvarez/repos/conversacion/chat-booking-admin/node_modules/react-dom/cjs/react-dom.development.js:4213:16)
          at invokeGuardedCallback (/Users/marioalvarez/repos/conversacion/chat-booking-admin/node_modules/react-dom/cjs/react-dom.development.js:4277:31)
          at beginWork$1 (/Users/marioalvarez/repos/conversacion/chat-booking-admin/node_modules/react-dom/cjs/react-dom.development.js:27490:7)
          at performUnitOfWork (/Users/marioalvarez/repos/conversacion/chat-booking-admin/node_modules/react-dom/cjs/react-dom.development.js:26599:12)
          at workLoopSync (/Users/marioalvarez/repos/conversacion/chat-booking-admin/node_modules/react-dom/cjs/react-dom.development.js:26505:5)
          at renderRootSync (/Users/marioalvarez/repos/conversacion/chat-booking-admin/node_modules/react-dom/cjs/react-dom.development.js:26473:7)
          at performConcurrentWorkOnRoot (/Users/marioalvarez/repos/conversacion/chat-booking-admin/node_modules/react-dom/cjs/react-dom.development.js:25777:74)
          at flushActQueue (/Users/marioalvarez/repos/conversacion/chat-booking-admin/node_modules/react/cjs/react.development.js:2667:24)
          at act (/Users/marioalvarez/repos/conversacion/chat-booking-admin/node_modules/react/cjs/react.development.js:2582:11)
          at /Users/marioalvarez/repos/conversacion/chat-booking-admin/node_modules/@testing-library/react/dist/act-compat.js:46:25
          at renderRoot (/Users/marioalvarez/repos/conversacion/chat-booking-admin/node_modules/@testing-library/react/dist/pure.js:189:26)
          at render (/Users/marioalvarez/repos/conversacion/chat-booking-admin/node_modules/@testing-library/react/dist/pure.js:291:10)
          at Object.<anonymous> (/Users/marioalvarez/repos/conversacion/chat-booking-admin/src/app/settings/tabs/__tests__/ApiKeysTab.test.tsx:125:15)
          at Promise.finally.completed (/Users/marioalvarez/repos/conversacion/chat-booking-admin/node_modules/jest-circus/build/jestAdapterInit.js:1557:28)
          at new Promise (<anonymous>)
          at callAsyncCircusFn (/Users/marioalvarez/repos/conversacion/chat-booking-admin/node_modules/jest-circus/build/jestAdapterInit.js:1497:10)
          at _callCircusTest (/Users/marioalvarez/repos/conversacion/chat-booking-admin/node_modules/jest-circus/build/jestAdapterInit.js:1007:40)
          at _runTest (/Users/marioalvarez/repos/conversacion/chat-booking-admin/node_modules/jest-circus/build/jestAdapterInit.js:947:3)
          at /Users/marioalvarez/repos/conversacion/chat-booking-admin/node_modules/jest-circus/build/jestAdapterInit.js:849:7
          at _runTestsForDescribeBlock (/Users/marioalvarez/repos/conversacion/chat-booking-admin/node_modules/jest-circus/build/jestAdapterInit.js:862:11)
          at _runTestsForDescribeBlock (/Users/marioalvarez/repos/conversacion/chat-booking-admin/node_modules/jest-circus/build/jestAdapterInit.js:857:11)
          at run (/Users/marioalvarez/repos/conversacion/chat-booking-admin/node_modules/jest-circus/build/jestAdapterInit.js:761:3)
          at runAndTransformResultsToJestFormat (/Users/marioalvarez/repos/conversacion/chat-booking-admin/node_modules/jest-circus/build/jestAdapterInit.js:1918:21)
          at jestAdapter (/Users/marioalvarez/repos/conversacion/chat-booking-admin/node_modules/jest-circus/build/runner.js:101:19)
          at runTestInternal (/Users/marioalvarez/repos/conversacion/chat-booking-admin/node_modules/jest-runner/build/index.js:275:16)
          at runTest (/Users/marioalvarez/repos/conversacion/chat-booking-admin/node_modules/jest-runner/build/index.js:343:7),
      type: 'unhandled exception'
    }

      123 |     it('handles copy to clipboard', async () => {
      124 |         mockGraphql.mockResolvedValue({ data: { listApiKeys: [] } });
    > 125 |         render(<ApiKeysTab hasMounted={true} />);
          |               ^
      126 |         await waitFor(() => expect(screen.queryByRole('progressbar')).not.toBeInTheDocument());
      127 |
      128 |         // Open dialog and reach success state (simulated by mocking state if possible, but easier via flow)

      at VirtualConsole.<anonymous> (node_modules/@jest/environment-jsdom-abstract/build/index.js:87:23)
      at reportException (node_modules/jsdom/lib/jsdom/living/helpers/runtime-script-errors.js:70:28)
      at innerInvokeEventListeners (node_modules/jsdom/lib/jsdom/living/events/EventTarget-impl.js:353:9)
      at invokeEventListeners (node_modules/jsdom/lib/jsdom/living/events/EventTarget-impl.js:286:3)
      at HTMLUnknownElementImpl._dispatch (node_modules/jsdom/lib/jsdom/living/events/EventTarget-impl.js:233:9)
      at HTMLUnknownElementImpl.dispatchEvent (node_modules/jsdom/lib/jsdom/living/events/EventTarget-impl.js:104:17)
      at HTMLUnknownElement.dispatchEvent (node_modules/jsdom/lib/jsdom/living/generated/EventTarget.js:241:34)
      at Object.invokeGuardedCallbackDev (node_modules/react-dom/cjs/react-dom.development.js:4213:16)
      at invokeGuardedCallback (node_modules/react-dom/cjs/react-dom.development.js:4277:31)
      at beginWork$1 (node_modules/react-dom/cjs/react-dom.development.js:27490:7)
      at performUnitOfWork (node_modules/react-dom/cjs/react-dom.development.js:26599:12)
      at workLoopSync (node_modules/react-dom/cjs/react-dom.development.js:26505:5)
      at renderRootSync (node_modules/react-dom/cjs/react-dom.development.js:26473:7)
      at performConcurrentWorkOnRoot (node_modules/react-dom/cjs/react-dom.development.js:25777:74)
      at flushActQueue (node_modules/react/cjs/react.development.js:2667:24)
      at act (node_modules/react/cjs/react.development.js:2582:11)
      at node_modules/@testing-library/react/dist/act-compat.js:46:25
      at renderRoot (node_modules/@testing-library/react/dist/pure.js:189:26)
      at render (node_modules/@testing-library/react/dist/pure.js:291:10)
      at Object.<anonymous> (src/app/settings/tabs/__tests__/ApiKeysTab.test.tsx:125:15)

  console.error
    Error: Uncaught [ReferenceError: loading is not defined]
        at reportException (/Users/marioalvarez/repos/conversacion/chat-booking-admin/node_modules/jsdom/lib/jsdom/living/helpers/runtime-script-errors.js:66:24)
        at innerInvokeEventListeners (/Users/marioalvarez/repos/conversacion/chat-booking-admin/node_modules/jsdom/lib/jsdom/living/events/EventTarget-impl.js:353:9)
        at invokeEventListeners (/Users/marioalvarez/repos/conversacion/chat-booking-admin/node_modules/jsdom/lib/jsdom/living/events/EventTarget-impl.js:286:3)
        at HTMLUnknownElementImpl._dispatch (/Users/marioalvarez/repos/conversacion/chat-booking-admin/node_modules/jsdom/lib/jsdom/living/events/EventTarget-impl.js:233:9)
        at HTMLUnknownElementImpl.dispatchEvent (/Users/marioalvarez/repos/conversacion/chat-booking-admin/node_modules/jsdom/lib/jsdom/living/events/EventTarget-impl.js:104:17)
        at HTMLUnknownElement.dispatchEvent (/Users/marioalvarez/repos/conversacion/chat-booking-admin/node_modules/jsdom/lib/jsdom/living/generated/EventTarget.js:241:34)
        at Object.invokeGuardedCallbackDev (/Users/marioalvarez/repos/conversacion/chat-booking-admin/node_modules/react-dom/cjs/react-dom.development.js:4213:16)
        at invokeGuardedCallback (/Users/marioalvarez/repos/conversacion/chat-booking-admin/node_modules/react-dom/cjs/react-dom.development.js:4277:31)
        at beginWork$1 (/Users/marioalvarez/repos/conversacion/chat-booking-admin/node_modules/react-dom/cjs/react-dom.development.js:27490:7)
        at performUnitOfWork (/Users/marioalvarez/repos/conversacion/chat-booking-admin/node_modules/react-dom/cjs/react-dom.development.js:26599:12)
        at workLoopSync (/Users/marioalvarez/repos/conversacion/chat-booking-admin/node_modules/react-dom/cjs/react-dom.development.js:26505:5)
        at renderRootSync (/Users/marioalvarez/repos/conversacion/chat-booking-admin/node_modules/react-dom/cjs/react-dom.development.js:26473:7)
        at recoverFromConcurrentError (/Users/marioalvarez/repos/conversacion/chat-booking-admin/node_modules/react-dom/cjs/react-dom.development.js:25889:20)
        at performConcurrentWorkOnRoot (/Users/marioalvarez/repos/conversacion/chat-booking-admin/node_modules/react-dom/cjs/react-dom.development.js:25789:22)
        at flushActQueue (/Users/marioalvarez/repos/conversacion/chat-booking-admin/node_modules/react/cjs/react.development.js:2667:24)
        at act (/Users/marioalvarez/repos/conversacion/chat-booking-admin/node_modules/react/cjs/react.development.js:2582:11)
        at /Users/marioalvarez/repos/conversacion/chat-booking-admin/node_modules/@testing-library/react/dist/act-compat.js:46:25
        at renderRoot (/Users/marioalvarez/repos/conversacion/chat-booking-admin/node_modules/@testing-library/react/dist/pure.js:189:26)
        at render (/Users/marioalvarez/repos/conversacion/chat-booking-admin/node_modules/@testing-library/react/dist/pure.js:291:10)
        at Object.<anonymous> (/Users/marioalvarez/repos/conversacion/chat-booking-admin/src/app/settings/tabs/__tests__/ApiKeysTab.test.tsx:125:15)
        at Promise.finally.completed (/Users/marioalvarez/repos/conversacion/chat-booking-admin/node_modules/jest-circus/build/jestAdapterInit.js:1557:28)
        at new Promise (<anonymous>)
        at callAsyncCircusFn (/Users/marioalvarez/repos/conversacion/chat-booking-admin/node_modules/jest-circus/build/jestAdapterInit.js:1497:10)
        at _callCircusTest (/Users/marioalvarez/repos/conversacion/chat-booking-admin/node_modules/jest-circus/build/jestAdapterInit.js:1007:40)
        at _runTest (/Users/marioalvarez/repos/conversacion/chat-booking-admin/node_modules/jest-circus/build/jestAdapterInit.js:947:3)
        at /Users/marioalvarez/repos/conversacion/chat-booking-admin/node_modules/jest-circus/build/jestAdapterInit.js:849:7
        at _runTestsForDescribeBlock (/Users/marioalvarez/repos/conversacion/chat-booking-admin/node_modules/jest-circus/build/jestAdapterInit.js:862:11)
        at _runTestsForDescribeBlock (/Users/marioalvarez/repos/conversacion/chat-booking-admin/node_modules/jest-circus/build/jestAdapterInit.js:857:11)
        at run (/Users/marioalvarez/repos/conversacion/chat-booking-admin/node_modules/jest-circus/build/jestAdapterInit.js:761:3)
        at runAndTransformResultsToJestFormat (/Users/marioalvarez/repos/conversacion/chat-booking-admin/node_modules/jest-circus/build/jestAdapterInit.js:1918:21)
        at jestAdapter (/Users/marioalvarez/repos/conversacion/chat-booking-admin/node_modules/jest-circus/build/runner.js:101:19)
        at runTestInternal (/Users/marioalvarez/repos/conversacion/chat-booking-admin/node_modules/jest-runner/build/index.js:275:16)
        at runTest (/Users/marioalvarez/repos/conversacion/chat-booking-admin/node_modules/jest-runner/build/index.js:343:7) {
      detail: ReferenceError: loading is not defined
          at ApiKeysTab (/Users/marioalvarez/repos/conversacion/chat-booking-admin/src/app/settings/tabs/ApiKeysTab.tsx:132:5)
          at renderWithHooks (/Users/marioalvarez/repos/conversacion/chat-booking-admin/node_modules/react-dom/cjs/react-dom.development.js:15486:18)
          at mountIndeterminateComponent (/Users/marioalvarez/repos/conversacion/chat-booking-admin/node_modules/react-dom/cjs/react-dom.development.js:20103:13)
          at beginWork (/Users/marioalvarez/repos/conversacion/chat-booking-admin/node_modules/react-dom/cjs/react-dom.development.js:21626:16)
          at HTMLUnknownElement.callCallback (/Users/marioalvarez/repos/conversacion/chat-booking-admin/node_modules/react-dom/cjs/react-dom.development.js:4164:14)
          at HTMLUnknownElement.callTheUserObjectsOperation (/Users/marioalvarez/repos/conversacion/chat-booking-admin/node_modules/jsdom/lib/jsdom/living/generated/EventListener.js:26:30)
          at innerInvokeEventListeners (/Users/marioalvarez/repos/conversacion/chat-booking-admin/node_modules/jsdom/lib/jsdom/living/events/EventTarget-impl.js:350:25)
          at invokeEventListeners (/Users/marioalvarez/repos/conversacion/chat-booking-admin/node_modules/jsdom/lib/jsdom/living/events/EventTarget-impl.js:286:3)
          at HTMLUnknownElementImpl._dispatch (/Users/marioalvarez/repos/conversacion/chat-booking-admin/node_modules/jsdom/lib/jsdom/living/events/EventTarget-impl.js:233:9)
          at HTMLUnknownElementImpl.dispatchEvent (/Users/marioalvarez/repos/conversacion/chat-booking-admin/node_modules/jsdom/lib/jsdom/living/events/EventTarget-impl.js:104:17)
          at HTMLUnknownElement.dispatchEvent (/Users/marioalvarez/repos/conversacion/chat-booking-admin/node_modules/jsdom/lib/jsdom/living/generated/EventTarget.js:241:34)
          at Object.invokeGuardedCallbackDev (/Users/marioalvarez/repos/conversacion/chat-booking-admin/node_modules/react-dom/cjs/react-dom.development.js:4213:16)
          at invokeGuardedCallback (/Users/marioalvarez/repos/conversacion/chat-booking-admin/node_modules/react-dom/cjs/react-dom.development.js:4277:31)
          at beginWork$1 (/Users/marioalvarez/repos/conversacion/chat-booking-admin/node_modules/react-dom/cjs/react-dom.development.js:27490:7)
          at performUnitOfWork (/Users/marioalvarez/repos/conversacion/chat-booking-admin/node_modules/react-dom/cjs/react-dom.development.js:26599:12)
          at workLoopSync (/Users/marioalvarez/repos/conversacion/chat-booking-admin/node_modules/react-dom/cjs/react-dom.development.js:26505:5)
          at renderRootSync (/Users/marioalvarez/repos/conversacion/chat-booking-admin/node_modules/react-dom/cjs/react-dom.development.js:26473:7)
          at recoverFromConcurrentError (/Users/marioalvarez/repos/conversacion/chat-booking-admin/node_modules/react-dom/cjs/react-dom.development.js:25889:20)
          at performConcurrentWorkOnRoot (/Users/marioalvarez/repos/conversacion/chat-booking-admin/node_modules/react-dom/cjs/react-dom.development.js:25789:22)
          at flushActQueue (/Users/marioalvarez/repos/conversacion/chat-booking-admin/node_modules/react/cjs/react.development.js:2667:24)
          at act (/Users/marioalvarez/repos/conversacion/chat-booking-admin/node_modules/react/cjs/react.development.js:2582:11)
          at /Users/marioalvarez/repos/conversacion/chat-booking-admin/node_modules/@testing-library/react/dist/act-compat.js:46:25
          at renderRoot (/Users/marioalvarez/repos/conversacion/chat-booking-admin/node_modules/@testing-library/react/dist/pure.js:189:26)
          at render (/Users/marioalvarez/repos/conversacion/chat-booking-admin/node_modules/@testing-library/react/dist/pure.js:291:10)
          at Object.<anonymous> (/Users/marioalvarez/repos/conversacion/chat-booking-admin/src/app/settings/tabs/__tests__/ApiKeysTab.test.tsx:125:15)
          at Promise.finally.completed (/Users/marioalvarez/repos/conversacion/chat-booking-admin/node_modules/jest-circus/build/jestAdapterInit.js:1557:28)
          at new Promise (<anonymous>)
          at callAsyncCircusFn (/Users/marioalvarez/repos/conversacion/chat-booking-admin/node_modules/jest-circus/build/jestAdapterInit.js:1497:10)
          at _callCircusTest (/Users/marioalvarez/repos/conversacion/chat-booking-admin/node_modules/jest-circus/build/jestAdapterInit.js:1007:40)
          at _runTest (/Users/marioalvarez/repos/conversacion/chat-booking-admin/node_modules/jest-circus/build/jestAdapterInit.js:947:3)
          at /Users/marioalvarez/repos/conversacion/chat-booking-admin/node_modules/jest-circus/build/jestAdapterInit.js:849:7
          at _runTestsForDescribeBlock (/Users/marioalvarez/repos/conversacion/chat-booking-admin/node_modules/jest-circus/build/jestAdapterInit.js:862:11)
          at _runTestsForDescribeBlock (/Users/marioalvarez/repos/conversacion/chat-booking-admin/node_modules/jest-circus/build/jestAdapterInit.js:857:11)
          at run (/Users/marioalvarez/repos/conversacion/chat-booking-admin/node_modules/jest-circus/build/jestAdapterInit.js:761:3)
          at runAndTransformResultsToJestFormat (/Users/marioalvarez/repos/conversacion/chat-booking-admin/node_modules/jest-circus/build/jestAdapterInit.js:1918:21)
          at jestAdapter (/Users/marioalvarez/repos/conversacion/chat-booking-admin/node_modules/jest-circus/build/runner.js:101:19)
          at runTestInternal (/Users/marioalvarez/repos/conversacion/chat-booking-admin/node_modules/jest-runner/build/index.js:275:16)
          at runTest (/Users/marioalvarez/repos/conversacion/chat-booking-admin/node_modules/jest-runner/build/index.js:343:7),
      type: 'unhandled exception'
    }

      123 |     it('handles copy to clipboard', async () => {
      124 |         mockGraphql.mockResolvedValue({ data: { listApiKeys: [] } });
    > 125 |         render(<ApiKeysTab hasMounted={true} />);
          |               ^
      126 |         await waitFor(() => expect(screen.queryByRole('progressbar')).not.toBeInTheDocument());
      127 |
      128 |         // Open dialog and reach success state (simulated by mocking state if possible, but easier via flow)

      at VirtualConsole.<anonymous> (node_modules/@jest/environment-jsdom-abstract/build/index.js:87:23)
      at reportException (node_modules/jsdom/lib/jsdom/living/helpers/runtime-script-errors.js:70:28)
      at innerInvokeEventListeners (node_modules/jsdom/lib/jsdom/living/events/EventTarget-impl.js:353:9)
      at invokeEventListeners (node_modules/jsdom/lib/jsdom/living/events/EventTarget-impl.js:286:3)
      at HTMLUnknownElementImpl._dispatch (node_modules/jsdom/lib/jsdom/living/events/EventTarget-impl.js:233:9)
      at HTMLUnknownElementImpl.dispatchEvent (node_modules/jsdom/lib/jsdom/living/events/EventTarget-impl.js:104:17)
      at HTMLUnknownElement.dispatchEvent (node_modules/jsdom/lib/jsdom/living/generated/EventTarget.js:241:34)
      at Object.invokeGuardedCallbackDev (node_modules/react-dom/cjs/react-dom.development.js:4213:16)
      at invokeGuardedCallback (node_modules/react-dom/cjs/react-dom.development.js:4277:31)
      at beginWork$1 (node_modules/react-dom/cjs/react-dom.development.js:27490:7)
      at performUnitOfWork (node_modules/react-dom/cjs/react-dom.development.js:26599:12)
      at workLoopSync (node_modules/react-dom/cjs/react-dom.development.js:26505:5)
      at renderRootSync (node_modules/react-dom/cjs/react-dom.development.js:26473:7)
      at recoverFromConcurrentError (node_modules/react-dom/cjs/react-dom.development.js:25889:20)
      at performConcurrentWorkOnRoot (node_modules/react-dom/cjs/react-dom.development.js:25789:22)
      at flushActQueue (node_modules/react/cjs/react.development.js:2667:24)
      at act (node_modules/react/cjs/react.development.js:2582:11)
      at node_modules/@testing-library/react/dist/act-compat.js:46:25
      at renderRoot (node_modules/@testing-library/react/dist/pure.js:189:26)
      at render (node_modules/@testing-library/react/dist/pure.js:291:10)
      at Object.<anonymous> (src/app/settings/tabs/__tests__/ApiKeysTab.test.tsx:125:15)

  console.error
    Error: Uncaught [ReferenceError: loading is not defined]
        at reportException (/Users/marioalvarez/repos/conversacion/chat-booking-admin/node_modules/jsdom/lib/jsdom/living/helpers/runtime-script-errors.js:66:24)
        at innerInvokeEventListeners (/Users/marioalvarez/repos/conversacion/chat-booking-admin/node_modules/jsdom/lib/jsdom/living/events/EventTarget-impl.js:353:9)
        at invokeEventListeners (/Users/marioalvarez/repos/conversacion/chat-booking-admin/node_modules/jsdom/lib/jsdom/living/events/EventTarget-impl.js:286:3)
        at HTMLUnknownElementImpl._dispatch (/Users/marioalvarez/repos/conversacion/chat-booking-admin/node_modules/jsdom/lib/jsdom/living/events/EventTarget-impl.js:233:9)
        at HTMLUnknownElementImpl.dispatchEvent (/Users/marioalvarez/repos/conversacion/chat-booking-admin/node_modules/jsdom/lib/jsdom/living/events/EventTarget-impl.js:104:17)
        at HTMLUnknownElement.dispatchEvent (/Users/marioalvarez/repos/conversacion/chat-booking-admin/node_modules/jsdom/lib/jsdom/living/generated/EventTarget.js:241:34)
        at Object.invokeGuardedCallbackDev (/Users/marioalvarez/repos/conversacion/chat-booking-admin/node_modules/react-dom/cjs/react-dom.development.js:4213:16)
        at invokeGuardedCallback (/Users/marioalvarez/repos/conversacion/chat-booking-admin/node_modules/react-dom/cjs/react-dom.development.js:4277:31)
        at beginWork$1 (/Users/marioalvarez/repos/conversacion/chat-booking-admin/node_modules/react-dom/cjs/react-dom.development.js:27490:7)
        at performUnitOfWork (/Users/marioalvarez/repos/conversacion/chat-booking-admin/node_modules/react-dom/cjs/react-dom.development.js:26599:12)
        at workLoopSync (/Users/marioalvarez/repos/conversacion/chat-booking-admin/node_modules/react-dom/cjs/react-dom.development.js:26505:5)
        at renderRootSync (/Users/marioalvarez/repos/conversacion/chat-booking-admin/node_modules/react-dom/cjs/react-dom.development.js:26473:7)
        at performConcurrentWorkOnRoot (/Users/marioalvarez/repos/conversacion/chat-booking-admin/node_modules/react-dom/cjs/react-dom.development.js:25777:74)
        at flushActQueue (/Users/marioalvarez/repos/conversacion/chat-booking-admin/node_modules/react/cjs/react.development.js:2667:24)
        at act (/Users/marioalvarez/repos/conversacion/chat-booking-admin/node_modules/react/cjs/react.development.js:2582:11)
        at /Users/marioalvarez/repos/conversacion/chat-booking-admin/node_modules/@testing-library/react/dist/act-compat.js:46:25
        at renderRoot (/Users/marioalvarez/repos/conversacion/chat-booking-admin/node_modules/@testing-library/react/dist/pure.js:189:26)
        at render (/Users/marioalvarez/repos/conversacion/chat-booking-admin/node_modules/@testing-library/react/dist/pure.js:291:10)
        at Object.<anonymous> (/Users/marioalvarez/repos/conversacion/chat-booking-admin/src/app/settings/tabs/__tests__/ApiKeysTab.test.tsx:172:15)
        at Promise.finally.completed (/Users/marioalvarez/repos/conversacion/chat-booking-admin/node_modules/jest-circus/build/jestAdapterInit.js:1557:28)
        at new Promise (<anonymous>)
        at callAsyncCircusFn (/Users/marioalvarez/repos/conversacion/chat-booking-admin/node_modules/jest-circus/build/jestAdapterInit.js:1497:10)
        at _callCircusTest (/Users/marioalvarez/repos/conversacion/chat-booking-admin/node_modules/jest-circus/build/jestAdapterInit.js:1007:40)
        at _runTest (/Users/marioalvarez/repos/conversacion/chat-booking-admin/node_modules/jest-circus/build/jestAdapterInit.js:947:3)
        at /Users/marioalvarez/repos/conversacion/chat-booking-admin/node_modules/jest-circus/build/jestAdapterInit.js:849:7
        at _runTestsForDescribeBlock (/Users/marioalvarez/repos/conversacion/chat-booking-admin/node_modules/jest-circus/build/jestAdapterInit.js:862:11)
        at _runTestsForDescribeBlock (/Users/marioalvarez/repos/conversacion/chat-booking-admin/node_modules/jest-circus/build/jestAdapterInit.js:857:11)
        at run (/Users/marioalvarez/repos/conversacion/chat-booking-admin/node_modules/jest-circus/build/jestAdapterInit.js:761:3)
        at runAndTransformResultsToJestFormat (/Users/marioalvarez/repos/conversacion/chat-booking-admin/node_modules/jest-circus/build/jestAdapterInit.js:1918:21)
        at jestAdapter (/Users/marioalvarez/repos/conversacion/chat-booking-admin/node_modules/jest-circus/build/runner.js:101:19)
        at runTestInternal (/Users/marioalvarez/repos/conversacion/chat-booking-admin/node_modules/jest-runner/build/index.js:275:16)
        at runTest (/Users/marioalvarez/repos/conversacion/chat-booking-admin/node_modules/jest-runner/build/index.js:343:7) {
      detail: ReferenceError: loading is not defined
          at ApiKeysTab (/Users/marioalvarez/repos/conversacion/chat-booking-admin/src/app/settings/tabs/ApiKeysTab.tsx:132:5)
          at renderWithHooks (/Users/marioalvarez/repos/conversacion/chat-booking-admin/node_modules/react-dom/cjs/react-dom.development.js:15486:18)
          at mountIndeterminateComponent (/Users/marioalvarez/repos/conversacion/chat-booking-admin/node_modules/react-dom/cjs/react-dom.development.js:20103:13)
          at beginWork (/Users/marioalvarez/repos/conversacion/chat-booking-admin/node_modules/react-dom/cjs/react-dom.development.js:21626:16)
          at HTMLUnknownElement.callCallback (/Users/marioalvarez/repos/conversacion/chat-booking-admin/node_modules/react-dom/cjs/react-dom.development.js:4164:14)
          at HTMLUnknownElement.callTheUserObjectsOperation (/Users/marioalvarez/repos/conversacion/chat-booking-admin/node_modules/jsdom/lib/jsdom/living/generated/EventListener.js:26:30)
          at innerInvokeEventListeners (/Users/marioalvarez/repos/conversacion/chat-booking-admin/node_modules/jsdom/lib/jsdom/living/events/EventTarget-impl.js:350:25)
          at invokeEventListeners (/Users/marioalvarez/repos/conversacion/chat-booking-admin/node_modules/jsdom/lib/jsdom/living/events/EventTarget-impl.js:286:3)
          at HTMLUnknownElementImpl._dispatch (/Users/marioalvarez/repos/conversacion/chat-booking-admin/node_modules/jsdom/lib/jsdom/living/events/EventTarget-impl.js:233:9)
          at HTMLUnknownElementImpl.dispatchEvent (/Users/marioalvarez/repos/conversacion/chat-booking-admin/node_modules/jsdom/lib/jsdom/living/events/EventTarget-impl.js:104:17)
          at HTMLUnknownElement.dispatchEvent (/Users/marioalvarez/repos/conversacion/chat-booking-admin/node_modules/jsdom/lib/jsdom/living/generated/EventTarget.js:241:34)
          at Object.invokeGuardedCallbackDev (/Users/marioalvarez/repos/conversacion/chat-booking-admin/node_modules/react-dom/cjs/react-dom.development.js:4213:16)
          at invokeGuardedCallback (/Users/marioalvarez/repos/conversacion/chat-booking-admin/node_modules/react-dom/cjs/react-dom.development.js:4277:31)
          at beginWork$1 (/Users/marioalvarez/repos/conversacion/chat-booking-admin/node_modules/react-dom/cjs/react-dom.development.js:27490:7)
          at performUnitOfWork (/Users/marioalvarez/repos/conversacion/chat-booking-admin/node_modules/react-dom/cjs/react-dom.development.js:26599:12)
          at workLoopSync (/Users/marioalvarez/repos/conversacion/chat-booking-admin/node_modules/react-dom/cjs/react-dom.development.js:26505:5)
          at renderRootSync (/Users/marioalvarez/repos/conversacion/chat-booking-admin/node_modules/react-dom/cjs/react-dom.development.js:26473:7)
          at performConcurrentWorkOnRoot (/Users/marioalvarez/repos/conversacion/chat-booking-admin/node_modules/react-dom/cjs/react-dom.development.js:25777:74)
          at flushActQueue (/Users/marioalvarez/repos/conversacion/chat-booking-admin/node_modules/react/cjs/react.development.js:2667:24)
          at act (/Users/marioalvarez/repos/conversacion/chat-booking-admin/node_modules/react/cjs/react.development.js:2582:11)
          at /Users/marioalvarez/repos/conversacion/chat-booking-admin/node_modules/@testing-library/react/dist/act-compat.js:46:25
          at renderRoot (/Users/marioalvarez/repos/conversacion/chat-booking-admin/node_modules/@testing-library/react/dist/pure.js:189:26)
          at render (/Users/marioalvarez/repos/conversacion/chat-booking-admin/node_modules/@testing-library/react/dist/pure.js:291:10)
          at Object.<anonymous> (/Users/marioalvarez/repos/conversacion/chat-booking-admin/src/app/settings/tabs/__tests__/ApiKeysTab.test.tsx:172:15)
          at Promise.finally.completed (/Users/marioalvarez/repos/conversacion/chat-booking-admin/node_modules/jest-circus/build/jestAdapterInit.js:1557:28)
          at new Promise (<anonymous>)
          at callAsyncCircusFn (/Users/marioalvarez/repos/conversacion/chat-booking-admin/node_modules/jest-circus/build/jestAdapterInit.js:1497:10)
          at _callCircusTest (/Users/marioalvarez/repos/conversacion/chat-booking-admin/node_modules/jest-circus/build/jestAdapterInit.js:1007:40)
          at _runTest (/Users/marioalvarez/repos/conversacion/chat-booking-admin/node_modules/jest-circus/build/jestAdapterInit.js:947:3)
          at /Users/marioalvarez/repos/conversacion/chat-booking-admin/node_modules/jest-circus/build/jestAdapterInit.js:849:7
          at _runTestsForDescribeBlock (/Users/marioalvarez/repos/conversacion/chat-booking-admin/node_modules/jest-circus/build/jestAdapterInit.js:862:11)
          at _runTestsForDescribeBlock (/Users/marioalvarez/repos/conversacion/chat-booking-admin/node_modules/jest-circus/build/jestAdapterInit.js:857:11)
          at run (/Users/marioalvarez/repos/conversacion/chat-booking-admin/node_modules/jest-circus/build/jestAdapterInit.js:761:3)
          at runAndTransformResultsToJestFormat (/Users/marioalvarez/repos/conversacion/chat-booking-admin/node_modules/jest-circus/build/jestAdapterInit.js:1918:21)
          at jestAdapter (/Users/marioalvarez/repos/conversacion/chat-booking-admin/node_modules/jest-circus/build/runner.js:101:19)
          at runTestInternal (/Users/marioalvarez/repos/conversacion/chat-booking-admin/node_modules/jest-runner/build/index.js:275:16)
          at runTest (/Users/marioalvarez/repos/conversacion/chat-booking-admin/node_modules/jest-runner/build/index.js:343:7),
      type: 'unhandled exception'
    }

      170 |     it('revokes a key', async () => {
      171 |         mockGraphql.mockResolvedValue({ data: { listApiKeys: mockApiKeys } });
    > 172 |         render(<ApiKeysTab hasMounted={true} />);
          |               ^
      173 |
      174 |         await waitFor(() => expect(screen.getByText('Test Key 1')).toBeInTheDocument());
      175 |

      at VirtualConsole.<anonymous> (node_modules/@jest/environment-jsdom-abstract/build/index.js:87:23)
      at reportException (node_modules/jsdom/lib/jsdom/living/helpers/runtime-script-errors.js:70:28)
      at innerInvokeEventListeners (node_modules/jsdom/lib/jsdom/living/events/EventTarget-impl.js:353:9)
      at invokeEventListeners (node_modules/jsdom/lib/jsdom/living/events/EventTarget-impl.js:286:3)
      at HTMLUnknownElementImpl._dispatch (node_modules/jsdom/lib/jsdom/living/events/EventTarget-impl.js:233:9)
      at HTMLUnknownElementImpl.dispatchEvent (node_modules/jsdom/lib/jsdom/living/events/EventTarget-impl.js:104:17)
      at HTMLUnknownElement.dispatchEvent (node_modules/jsdom/lib/jsdom/living/generated/EventTarget.js:241:34)
      at Object.invokeGuardedCallbackDev (node_modules/react-dom/cjs/react-dom.development.js:4213:16)
      at invokeGuardedCallback (node_modules/react-dom/cjs/react-dom.development.js:4277:31)
      at beginWork$1 (node_modules/react-dom/cjs/react-dom.development.js:27490:7)
      at performUnitOfWork (node_modules/react-dom/cjs/react-dom.development.js:26599:12)
      at workLoopSync (node_modules/react-dom/cjs/react-dom.development.js:26505:5)
      at renderRootSync (node_modules/react-dom/cjs/react-dom.development.js:26473:7)
      at performConcurrentWorkOnRoot (node_modules/react-dom/cjs/react-dom.development.js:25777:74)
      at flushActQueue (node_modules/react/cjs/react.development.js:2667:24)
      at act (node_modules/react/cjs/react.development.js:2582:11)
      at node_modules/@testing-library/react/dist/act-compat.js:46:25
      at renderRoot (node_modules/@testing-library/react/dist/pure.js:189:26)
      at render (node_modules/@testing-library/react/dist/pure.js:291:10)
      at Object.<anonymous> (src/app/settings/tabs/__tests__/ApiKeysTab.test.tsx:172:15)

  console.error
    Error: Uncaught [ReferenceError: loading is not defined]
        at reportException (/Users/marioalvarez/repos/conversacion/chat-booking-admin/node_modules/jsdom/lib/jsdom/living/helpers/runtime-script-errors.js:66:24)
        at innerInvokeEventListeners (/Users/marioalvarez/repos/conversacion/chat-booking-admin/node_modules/jsdom/lib/jsdom/living/events/EventTarget-impl.js:353:9)
        at invokeEventListeners (/Users/marioalvarez/repos/conversacion/chat-booking-admin/node_modules/jsdom/lib/jsdom/living/events/EventTarget-impl.js:286:3)
        at HTMLUnknownElementImpl._dispatch (/Users/marioalvarez/repos/conversacion/chat-booking-admin/node_modules/jsdom/lib/jsdom/living/events/EventTarget-impl.js:233:9)
        at HTMLUnknownElementImpl.dispatchEvent (/Users/marioalvarez/repos/conversacion/chat-booking-admin/node_modules/jsdom/lib/jsdom/living/events/EventTarget-impl.js:104:17)
        at HTMLUnknownElement.dispatchEvent (/Users/marioalvarez/repos/conversacion/chat-booking-admin/node_modules/jsdom/lib/jsdom/living/generated/EventTarget.js:241:34)
        at Object.invokeGuardedCallbackDev (/Users/marioalvarez/repos/conversacion/chat-booking-admin/node_modules/react-dom/cjs/react-dom.development.js:4213:16)
        at invokeGuardedCallback (/Users/marioalvarez/repos/conversacion/chat-booking-admin/node_modules/react-dom/cjs/react-dom.development.js:4277:31)
        at beginWork$1 (/Users/marioalvarez/repos/conversacion/chat-booking-admin/node_modules/react-dom/cjs/react-dom.development.js:27490:7)
        at performUnitOfWork (/Users/marioalvarez/repos/conversacion/chat-booking-admin/node_modules/react-dom/cjs/react-dom.development.js:26599:12)
        at workLoopSync (/Users/marioalvarez/repos/conversacion/chat-booking-admin/node_modules/react-dom/cjs/react-dom.development.js:26505:5)
        at renderRootSync (/Users/marioalvarez/repos/conversacion/chat-booking-admin/node_modules/react-dom/cjs/react-dom.development.js:26473:7)
        at recoverFromConcurrentError (/Users/marioalvarez/repos/conversacion/chat-booking-admin/node_modules/react-dom/cjs/react-dom.development.js:25889:20)
        at performConcurrentWorkOnRoot (/Users/marioalvarez/repos/conversacion/chat-booking-admin/node_modules/react-dom/cjs/react-dom.development.js:25789:22)
        at flushActQueue (/Users/marioalvarez/repos/conversacion/chat-booking-admin/node_modules/react/cjs/react.development.js:2667:24)
        at act (/Users/marioalvarez/repos/conversacion/chat-booking-admin/node_modules/react/cjs/react.development.js:2582:11)
        at /Users/marioalvarez/repos/conversacion/chat-booking-admin/node_modules/@testing-library/react/dist/act-compat.js:46:25
        at renderRoot (/Users/marioalvarez/repos/conversacion/chat-booking-admin/node_modules/@testing-library/react/dist/pure.js:189:26)
        at render (/Users/marioalvarez/repos/conversacion/chat-booking-admin/node_modules/@testing-library/react/dist/pure.js:291:10)
        at Object.<anonymous> (/Users/marioalvarez/repos/conversacion/chat-booking-admin/src/app/settings/tabs/__tests__/ApiKeysTab.test.tsx:172:15)
        at Promise.finally.completed (/Users/marioalvarez/repos/conversacion/chat-booking-admin/node_modules/jest-circus/build/jestAdapterInit.js:1557:28)
        at new Promise (<anonymous>)
        at callAsyncCircusFn (/Users/marioalvarez/repos/conversacion/chat-booking-admin/node_modules/jest-circus/build/jestAdapterInit.js:1497:10)
        at _callCircusTest (/Users/marioalvarez/repos/conversacion/chat-booking-admin/node_modules/jest-circus/build/jestAdapterInit.js:1007:40)
        at _runTest (/Users/marioalvarez/repos/conversacion/chat-booking-admin/node_modules/jest-circus/build/jestAdapterInit.js:947:3)
        at /Users/marioalvarez/repos/conversacion/chat-booking-admin/node_modules/jest-circus/build/jestAdapterInit.js:849:7
        at _runTestsForDescribeBlock (/Users/marioalvarez/repos/conversacion/chat-booking-admin/node_modules/jest-circus/build/jestAdapterInit.js:862:11)
        at _runTestsForDescribeBlock (/Users/marioalvarez/repos/conversacion/chat-booking-admin/node_modules/jest-circus/build/jestAdapterInit.js:857:11)
        at run (/Users/marioalvarez/repos/conversacion/chat-booking-admin/node_modules/jest-circus/build/jestAdapterInit.js:761:3)
        at runAndTransformResultsToJestFormat (/Users/marioalvarez/repos/conversacion/chat-booking-admin/node_modules/jest-circus/build/jestAdapterInit.js:1918:21)
        at jestAdapter (/Users/marioalvarez/repos/conversacion/chat-booking-admin/node_modules/jest-circus/build/runner.js:101:19)
        at runTestInternal (/Users/marioalvarez/repos/conversacion/chat-booking-admin/node_modules/jest-runner/build/index.js:275:16)
        at runTest (/Users/marioalvarez/repos/conversacion/chat-booking-admin/node_modules/jest-runner/build/index.js:343:7) {
      detail: ReferenceError: loading is not defined
          at ApiKeysTab (/Users/marioalvarez/repos/conversacion/chat-booking-admin/src/app/settings/tabs/ApiKeysTab.tsx:132:5)
          at renderWithHooks (/Users/marioalvarez/repos/conversacion/chat-booking-admin/node_modules/react-dom/cjs/react-dom.development.js:15486:18)
          at mountIndeterminateComponent (/Users/marioalvarez/repos/conversacion/chat-booking-admin/node_modules/react-dom/cjs/react-dom.development.js:20103:13)
          at beginWork (/Users/marioalvarez/repos/conversacion/chat-booking-admin/node_modules/react-dom/cjs/react-dom.development.js:21626:16)
          at HTMLUnknownElement.callCallback (/Users/marioalvarez/repos/conversacion/chat-booking-admin/node_modules/react-dom/cjs/react-dom.development.js:4164:14)
          at HTMLUnknownElement.callTheUserObjectsOperation (/Users/marioalvarez/repos/conversacion/chat-booking-admin/node_modules/jsdom/lib/jsdom/living/generated/EventListener.js:26:30)
          at innerInvokeEventListeners (/Users/marioalvarez/repos/conversacion/chat-booking-admin/node_modules/jsdom/lib/jsdom/living/events/EventTarget-impl.js:350:25)
          at invokeEventListeners (/Users/marioalvarez/repos/conversacion/chat-booking-admin/node_modules/jsdom/lib/jsdom/living/events/EventTarget-impl.js:286:3)
          at HTMLUnknownElementImpl._dispatch (/Users/marioalvarez/repos/conversacion/chat-booking-admin/node_modules/jsdom/lib/jsdom/living/events/EventTarget-impl.js:233:9)
          at HTMLUnknownElementImpl.dispatchEvent (/Users/marioalvarez/repos/conversacion/chat-booking-admin/node_modules/jsdom/lib/jsdom/living/events/EventTarget-impl.js:104:17)
          at HTMLUnknownElement.dispatchEvent (/Users/marioalvarez/repos/conversacion/chat-booking-admin/node_modules/jsdom/lib/jsdom/living/generated/EventTarget.js:241:34)
          at Object.invokeGuardedCallbackDev (/Users/marioalvarez/repos/conversacion/chat-booking-admin/node_modules/react-dom/cjs/react-dom.development.js:4213:16)
          at invokeGuardedCallback (/Users/marioalvarez/repos/conversacion/chat-booking-admin/node_modules/react-dom/cjs/react-dom.development.js:4277:31)
          at beginWork$1 (/Users/marioalvarez/repos/conversacion/chat-booking-admin/node_modules/react-dom/cjs/react-dom.development.js:27490:7)
          at performUnitOfWork (/Users/marioalvarez/repos/conversacion/chat-booking-admin/node_modules/react-dom/cjs/react-dom.development.js:26599:12)
          at workLoopSync (/Users/marioalvarez/repos/conversacion/chat-booking-admin/node_modules/react-dom/cjs/react-dom.development.js:26505:5)
          at renderRootSync (/Users/marioalvarez/repos/conversacion/chat-booking-admin/node_modules/react-dom/cjs/react-dom.development.js:26473:7)
          at recoverFromConcurrentError (/Users/marioalvarez/repos/conversacion/chat-booking-admin/node_modules/react-dom/cjs/react-dom.development.js:25889:20)
          at performConcurrentWorkOnRoot (/Users/marioalvarez/repos/conversacion/chat-booking-admin/node_modules/react-dom/cjs/react-dom.development.js:25789:22)
          at flushActQueue (/Users/marioalvarez/repos/conversacion/chat-booking-admin/node_modules/react/cjs/react.development.js:2667:24)
          at act (/Users/marioalvarez/repos/conversacion/chat-booking-admin/node_modules/react/cjs/react.development.js:2582:11)
          at /Users/marioalvarez/repos/conversacion/chat-booking-admin/node_modules/@testing-library/react/dist/act-compat.js:46:25
          at renderRoot (/Users/marioalvarez/repos/conversacion/chat-booking-admin/node_modules/@testing-library/react/dist/pure.js:189:26)
          at render (/Users/marioalvarez/repos/conversacion/chat-booking-admin/node_modules/@testing-library/react/dist/pure.js:291:10)
          at Object.<anonymous> (/Users/marioalvarez/repos/conversacion/chat-booking-admin/src/app/settings/tabs/__tests__/ApiKeysTab.test.tsx:172:15)
          at Promise.finally.completed (/Users/marioalvarez/repos/conversacion/chat-booking-admin/node_modules/jest-circus/build/jestAdapterInit.js:1557:28)
          at new Promise (<anonymous>)
          at callAsyncCircusFn (/Users/marioalvarez/repos/conversacion/chat-booking-admin/node_modules/jest-circus/build/jestAdapterInit.js:1497:10)
          at _callCircusTest (/Users/marioalvarez/repos/conversacion/chat-booking-admin/node_modules/jest-circus/build/jestAdapterInit.js:1007:40)
          at _runTest (/Users/marioalvarez/repos/conversacion/chat-booking-admin/node_modules/jest-circus/build/jestAdapterInit.js:947:3)
          at /Users/marioalvarez/repos/conversacion/chat-booking-admin/node_modules/jest-circus/build/jestAdapterInit.js:849:7
          at _runTestsForDescribeBlock (/Users/marioalvarez/repos/conversacion/chat-booking-admin/node_modules/jest-circus/build/jestAdapterInit.js:862:11)
          at _runTestsForDescribeBlock (/Users/marioalvarez/repos/conversacion/chat-booking-admin/node_modules/jest-circus/build/jestAdapterInit.js:857:11)
          at run (/Users/marioalvarez/repos/conversacion/chat-booking-admin/node_modules/jest-circus/build/jestAdapterInit.js:761:3)
          at runAndTransformResultsToJestFormat (/Users/marioalvarez/repos/conversacion/chat-booking-admin/node_modules/jest-circus/build/jestAdapterInit.js:1918:21)
          at jestAdapter (/Users/marioalvarez/repos/conversacion/chat-booking-admin/node_modules/jest-circus/build/runner.js:101:19)
          at runTestInternal (/Users/marioalvarez/repos/conversacion/chat-booking-admin/node_modules/jest-runner/build/index.js:275:16)
          at runTest (/Users/marioalvarez/repos/conversacion/chat-booking-admin/node_modules/jest-runner/build/index.js:343:7),
      type: 'unhandled exception'
    }

      170 |     it('revokes a key', async () => {
      171 |         mockGraphql.mockResolvedValue({ data: { listApiKeys: mockApiKeys } });
    > 172 |         render(<ApiKeysTab hasMounted={true} />);
          |               ^
      173 |
      174 |         await waitFor(() => expect(screen.getByText('Test Key 1')).toBeInTheDocument());
      175 |

      at VirtualConsole.<anonymous> (node_modules/@jest/environment-jsdom-abstract/build/index.js:87:23)
      at reportException (node_modules/jsdom/lib/jsdom/living/helpers/runtime-script-errors.js:70:28)
      at innerInvokeEventListeners (node_modules/jsdom/lib/jsdom/living/events/EventTarget-impl.js:353:9)
      at invokeEventListeners (node_modules/jsdom/lib/jsdom/living/events/EventTarget-impl.js:286:3)
      at HTMLUnknownElementImpl._dispatch (node_modules/jsdom/lib/jsdom/living/events/EventTarget-impl.js:233:9)
      at HTMLUnknownElementImpl.dispatchEvent (node_modules/jsdom/lib/jsdom/living/events/EventTarget-impl.js:104:17)
      at HTMLUnknownElement.dispatchEvent (node_modules/jsdom/lib/jsdom/living/generated/EventTarget.js:241:34)
      at Object.invokeGuardedCallbackDev (node_modules/react-dom/cjs/react-dom.development.js:4213:16)
      at invokeGuardedCallback (node_modules/react-dom/cjs/react-dom.development.js:4277:31)
      at beginWork$1 (node_modules/react-dom/cjs/react-dom.development.js:27490:7)
      at performUnitOfWork (node_modules/react-dom/cjs/react-dom.development.js:26599:12)
      at workLoopSync (node_modules/react-dom/cjs/react-dom.development.js:26505:5)
      at renderRootSync (node_modules/react-dom/cjs/react-dom.development.js:26473:7)
      at recoverFromConcurrentError (node_modules/react-dom/cjs/react-dom.development.js:25889:20)
      at performConcurrentWorkOnRoot (node_modules/react-dom/cjs/react-dom.development.js:25789:22)
      at flushActQueue (node_modules/react/cjs/react.development.js:2667:24)
      at act (node_modules/react/cjs/react.development.js:2582:11)
      at node_modules/@testing-library/react/dist/act-compat.js:46:25
      at renderRoot (node_modules/@testing-library/react/dist/pure.js:189:26)
      at render (node_modules/@testing-library/react/dist/pure.js:291:10)
      at Object.<anonymous> (src/app/settings/tabs/__tests__/ApiKeysTab.test.tsx:172:15)

  console.error
    Error: Uncaught [ReferenceError: loading is not defined]
        at reportException (/Users/marioalvarez/repos/conversacion/chat-booking-admin/node_modules/jsdom/lib/jsdom/living/helpers/runtime-script-errors.js:66:24)
        at innerInvokeEventListeners (/Users/marioalvarez/repos/conversacion/chat-booking-admin/node_modules/jsdom/lib/jsdom/living/events/EventTarget-impl.js:353:9)
        at invokeEventListeners (/Users/marioalvarez/repos/conversacion/chat-booking-admin/node_modules/jsdom/lib/jsdom/living/events/EventTarget-impl.js:286:3)
        at HTMLUnknownElementImpl._dispatch (/Users/marioalvarez/repos/conversacion/chat-booking-admin/node_modules/jsdom/lib/jsdom/living/events/EventTarget-impl.js:233:9)
        at HTMLUnknownElementImpl.dispatchEvent (/Users/marioalvarez/repos/conversacion/chat-booking-admin/node_modules/jsdom/lib/jsdom/living/events/EventTarget-impl.js:104:17)
        at HTMLUnknownElement.dispatchEvent (/Users/marioalvarez/repos/conversacion/chat-booking-admin/node_modules/jsdom/lib/jsdom/living/generated/EventTarget.js:241:34)
        at Object.invokeGuardedCallbackDev (/Users/marioalvarez/repos/conversacion/chat-booking-admin/node_modules/react-dom/cjs/react-dom.development.js:4213:16)
        at invokeGuardedCallback (/Users/marioalvarez/repos/conversacion/chat-booking-admin/node_modules/react-dom/cjs/react-dom.development.js:4277:31)
        at beginWork$1 (/Users/marioalvarez/repos/conversacion/chat-booking-admin/node_modules/react-dom/cjs/react-dom.development.js:27490:7)
        at performUnitOfWork (/Users/marioalvarez/repos/conversacion/chat-booking-admin/node_modules/react-dom/cjs/react-dom.development.js:26599:12)
        at workLoopSync (/Users/marioalvarez/repos/conversacion/chat-booking-admin/node_modules/react-dom/cjs/react-dom.development.js:26505:5)
        at renderRootSync (/Users/marioalvarez/repos/conversacion/chat-booking-admin/node_modules/react-dom/cjs/react-dom.development.js:26473:7)
        at performConcurrentWorkOnRoot (/Users/marioalvarez/repos/conversacion/chat-booking-admin/node_modules/react-dom/cjs/react-dom.development.js:25777:74)
        at flushActQueue (/Users/marioalvarez/repos/conversacion/chat-booking-admin/node_modules/react/cjs/react.development.js:2667:24)
        at act (/Users/marioalvarez/repos/conversacion/chat-booking-admin/node_modules/react/cjs/react.development.js:2582:11)
        at /Users/marioalvarez/repos/conversacion/chat-booking-admin/node_modules/@testing-library/react/dist/act-compat.js:46:25
        at renderRoot (/Users/marioalvarez/repos/conversacion/chat-booking-admin/node_modules/@testing-library/react/dist/pure.js:189:26)
        at render (/Users/marioalvarez/repos/conversacion/chat-booking-admin/node_modules/@testing-library/react/dist/pure.js:291:10)
        at Object.<anonymous> (/Users/marioalvarez/repos/conversacion/chat-booking-admin/src/app/settings/tabs/__tests__/ApiKeysTab.test.tsx:203:15)
        at Promise.finally.completed (/Users/marioalvarez/repos/conversacion/chat-booking-admin/node_modules/jest-circus/build/jestAdapterInit.js:1557:28)
        at new Promise (<anonymous>)
        at callAsyncCircusFn (/Users/marioalvarez/repos/conversacion/chat-booking-admin/node_modules/jest-circus/build/jestAdapterInit.js:1497:10)
        at _callCircusTest (/Users/marioalvarez/repos/conversacion/chat-booking-admin/node_modules/jest-circus/build/jestAdapterInit.js:1007:40)
        at _runTest (/Users/marioalvarez/repos/conversacion/chat-booking-admin/node_modules/jest-circus/build/jestAdapterInit.js:947:3)
        at /Users/marioalvarez/repos/conversacion/chat-booking-admin/node_modules/jest-circus/build/jestAdapterInit.js:849:7
        at _runTestsForDescribeBlock (/Users/marioalvarez/repos/conversacion/chat-booking-admin/node_modules/jest-circus/build/jestAdapterInit.js:862:11)
        at _runTestsForDescribeBlock (/Users/marioalvarez/repos/conversacion/chat-booking-admin/node_modules/jest-circus/build/jestAdapterInit.js:857:11)
        at run (/Users/marioalvarez/repos/conversacion/chat-booking-admin/node_modules/jest-circus/build/jestAdapterInit.js:761:3)
        at runAndTransformResultsToJestFormat (/Users/marioalvarez/repos/conversacion/chat-booking-admin/node_modules/jest-circus/build/jestAdapterInit.js:1918:21)
        at jestAdapter (/Users/marioalvarez/repos/conversacion/chat-booking-admin/node_modules/jest-circus/build/runner.js:101:19)
        at runTestInternal (/Users/marioalvarez/repos/conversacion/chat-booking-admin/node_modules/jest-runner/build/index.js:275:16)
        at runTest (/Users/marioalvarez/repos/conversacion/chat-booking-admin/node_modules/jest-runner/build/index.js:343:7) {
      detail: ReferenceError: loading is not defined
          at ApiKeysTab (/Users/marioalvarez/repos/conversacion/chat-booking-admin/src/app/settings/tabs/ApiKeysTab.tsx:132:5)
          at renderWithHooks (/Users/marioalvarez/repos/conversacion/chat-booking-admin/node_modules/react-dom/cjs/react-dom.development.js:15486:18)
          at mountIndeterminateComponent (/Users/marioalvarez/repos/conversacion/chat-booking-admin/node_modules/react-dom/cjs/react-dom.development.js:20103:13)
          at beginWork (/Users/marioalvarez/repos/conversacion/chat-booking-admin/node_modules/react-dom/cjs/react-dom.development.js:21626:16)
          at HTMLUnknownElement.callCallback (/Users/marioalvarez/repos/conversacion/chat-booking-admin/node_modules/react-dom/cjs/react-dom.development.js:4164:14)
          at HTMLUnknownElement.callTheUserObjectsOperation (/Users/marioalvarez/repos/conversacion/chat-booking-admin/node_modules/jsdom/lib/jsdom/living/generated/EventListener.js:26:30)
          at innerInvokeEventListeners (/Users/marioalvarez/repos/conversacion/chat-booking-admin/node_modules/jsdom/lib/jsdom/living/events/EventTarget-impl.js:350:25)
          at invokeEventListeners (/Users/marioalvarez/repos/conversacion/chat-booking-admin/node_modules/jsdom/lib/jsdom/living/events/EventTarget-impl.js:286:3)
          at HTMLUnknownElementImpl._dispatch (/Users/marioalvarez/repos/conversacion/chat-booking-admin/node_modules/jsdom/lib/jsdom/living/events/EventTarget-impl.js:233:9)
          at HTMLUnknownElementImpl.dispatchEvent (/Users/marioalvarez/repos/conversacion/chat-booking-admin/node_modules/jsdom/lib/jsdom/living/events/EventTarget-impl.js:104:17)
          at HTMLUnknownElement.dispatchEvent (/Users/marioalvarez/repos/conversacion/chat-booking-admin/node_modules/jsdom/lib/jsdom/living/generated/EventTarget.js:241:34)
          at Object.invokeGuardedCallbackDev (/Users/marioalvarez/repos/conversacion/chat-booking-admin/node_modules/react-dom/cjs/react-dom.development.js:4213:16)
          at invokeGuardedCallback (/Users/marioalvarez/repos/conversacion/chat-booking-admin/node_modules/react-dom/cjs/react-dom.development.js:4277:31)
          at beginWork$1 (/Users/marioalvarez/repos/conversacion/chat-booking-admin/node_modules/react-dom/cjs/react-dom.development.js:27490:7)
          at performUnitOfWork (/Users/marioalvarez/repos/conversacion/chat-booking-admin/node_modules/react-dom/cjs/react-dom.development.js:26599:12)
          at workLoopSync (/Users/marioalvarez/repos/conversacion/chat-booking-admin/node_modules/react-dom/cjs/react-dom.development.js:26505:5)
          at renderRootSync (/Users/marioalvarez/repos/conversacion/chat-booking-admin/node_modules/react-dom/cjs/react-dom.development.js:26473:7)
          at performConcurrentWorkOnRoot (/Users/marioalvarez/repos/conversacion/chat-booking-admin/node_modules/react-dom/cjs/react-dom.development.js:25777:74)
          at flushActQueue (/Users/marioalvarez/repos/conversacion/chat-booking-admin/node_modules/react/cjs/react.development.js:2667:24)
          at act (/Users/marioalvarez/repos/conversacion/chat-booking-admin/node_modules/react/cjs/react.development.js:2582:11)
          at /Users/marioalvarez/repos/conversacion/chat-booking-admin/node_modules/@testing-library/react/dist/act-compat.js:46:25
          at renderRoot (/Users/marioalvarez/repos/conversacion/chat-booking-admin/node_modules/@testing-library/react/dist/pure.js:189:26)
          at render (/Users/marioalvarez/repos/conversacion/chat-booking-admin/node_modules/@testing-library/react/dist/pure.js:291:10)
          at Object.<anonymous> (/Users/marioalvarez/repos/conversacion/chat-booking-admin/src/app/settings/tabs/__tests__/ApiKeysTab.test.tsx:203:15)
          at Promise.finally.completed (/Users/marioalvarez/repos/conversacion/chat-booking-admin/node_modules/jest-circus/build/jestAdapterInit.js:1557:28)
          at new Promise (<anonymous>)
          at callAsyncCircusFn (/Users/marioalvarez/repos/conversacion/chat-booking-admin/node_modules/jest-circus/build/jestAdapterInit.js:1497:10)
          at _callCircusTest (/Users/marioalvarez/repos/conversacion/chat-booking-admin/node_modules/jest-circus/build/jestAdapterInit.js:1007:40)
          at _runTest (/Users/marioalvarez/repos/conversacion/chat-booking-admin/node_modules/jest-circus/build/jestAdapterInit.js:947:3)
          at /Users/marioalvarez/repos/conversacion/chat-booking-admin/node_modules/jest-circus/build/jestAdapterInit.js:849:7
          at _runTestsForDescribeBlock (/Users/marioalvarez/repos/conversacion/chat-booking-admin/node_modules/jest-circus/build/jestAdapterInit.js:862:11)
          at _runTestsForDescribeBlock (/Users/marioalvarez/repos/conversacion/chat-booking-admin/node_modules/jest-circus/build/jestAdapterInit.js:857:11)
          at run (/Users/marioalvarez/repos/conversacion/chat-booking-admin/node_modules/jest-circus/build/jestAdapterInit.js:761:3)
          at runAndTransformResultsToJestFormat (/Users/marioalvarez/repos/conversacion/chat-booking-admin/node_modules/jest-circus/build/jestAdapterInit.js:1918:21)
          at jestAdapter (/Users/marioalvarez/repos/conversacion/chat-booking-admin/node_modules/jest-circus/build/runner.js:101:19)
          at runTestInternal (/Users/marioalvarez/repos/conversacion/chat-booking-admin/node_modules/jest-runner/build/index.js:275:16)
          at runTest (/Users/marioalvarez/repos/conversacion/chat-booking-admin/node_modules/jest-runner/build/index.js:343:7),
      type: 'unhandled exception'
    }

      201 |     it('handles errors gracefully', async () => {
      202 |         mockGraphql.mockRejectedValue(new Error('Fetch failed'));
    > 203 |         render(<ApiKeysTab hasMounted={true} />);
          |               ^
      204 |
      205 |         await waitFor(() => {
      206 |             expect(screen.getByRole('progressbar')).not.toBeInTheDocument(); // It hides spinner on error in finally block

      at VirtualConsole.<anonymous> (node_modules/@jest/environment-jsdom-abstract/build/index.js:87:23)
      at reportException (node_modules/jsdom/lib/jsdom/living/helpers/runtime-script-errors.js:70:28)
      at innerInvokeEventListeners (node_modules/jsdom/lib/jsdom/living/events/EventTarget-impl.js:353:9)
      at invokeEventListeners (node_modules/jsdom/lib/jsdom/living/events/EventTarget-impl.js:286:3)
      at HTMLUnknownElementImpl._dispatch (node_modules/jsdom/lib/jsdom/living/events/EventTarget-impl.js:233:9)
      at HTMLUnknownElementImpl.dispatchEvent (node_modules/jsdom/lib/jsdom/living/events/EventTarget-impl.js:104:17)
      at HTMLUnknownElement.dispatchEvent (node_modules/jsdom/lib/jsdom/living/generated/EventTarget.js:241:34)
      at Object.invokeGuardedCallbackDev (node_modules/react-dom/cjs/react-dom.development.js:4213:16)
      at invokeGuardedCallback (node_modules/react-dom/cjs/react-dom.development.js:4277:31)
      at beginWork$1 (node_modules/react-dom/cjs/react-dom.development.js:27490:7)
      at performUnitOfWork (node_modules/react-dom/cjs/react-dom.development.js:26599:12)
      at workLoopSync (node_modules/react-dom/cjs/react-dom.development.js:26505:5)
      at renderRootSync (node_modules/react-dom/cjs/react-dom.development.js:26473:7)
      at performConcurrentWorkOnRoot (node_modules/react-dom/cjs/react-dom.development.js:25777:74)
      at flushActQueue (node_modules/react/cjs/react.development.js:2667:24)
      at act (node_modules/react/cjs/react.development.js:2582:11)
      at node_modules/@testing-library/react/dist/act-compat.js:46:25
      at renderRoot (node_modules/@testing-library/react/dist/pure.js:189:26)
      at render (node_modules/@testing-library/react/dist/pure.js:291:10)
      at Object.<anonymous> (src/app/settings/tabs/__tests__/ApiKeysTab.test.tsx:203:15)

  console.error
    Error: Uncaught [ReferenceError: loading is not defined]
        at reportException (/Users/marioalvarez/repos/conversacion/chat-booking-admin/node_modules/jsdom/lib/jsdom/living/helpers/runtime-script-errors.js:66:24)
        at innerInvokeEventListeners (/Users/marioalvarez/repos/conversacion/chat-booking-admin/node_modules/jsdom/lib/jsdom/living/events/EventTarget-impl.js:353:9)
        at invokeEventListeners (/Users/marioalvarez/repos/conversacion/chat-booking-admin/node_modules/jsdom/lib/jsdom/living/events/EventTarget-impl.js:286:3)
        at HTMLUnknownElementImpl._dispatch (/Users/marioalvarez/repos/conversacion/chat-booking-admin/node_modules/jsdom/lib/jsdom/living/events/EventTarget-impl.js:233:9)
        at HTMLUnknownElementImpl.dispatchEvent (/Users/marioalvarez/repos/conversacion/chat-booking-admin/node_modules/jsdom/lib/jsdom/living/events/EventTarget-impl.js:104:17)
        at HTMLUnknownElement.dispatchEvent (/Users/marioalvarez/repos/conversacion/chat-booking-admin/node_modules/jsdom/lib/jsdom/living/generated/EventTarget.js:241:34)
        at Object.invokeGuardedCallbackDev (/Users/marioalvarez/repos/conversacion/chat-booking-admin/node_modules/react-dom/cjs/react-dom.development.js:4213:16)
        at invokeGuardedCallback (/Users/marioalvarez/repos/conversacion/chat-booking-admin/node_modules/react-dom/cjs/react-dom.development.js:4277:31)
        at beginWork$1 (/Users/marioalvarez/repos/conversacion/chat-booking-admin/node_modules/react-dom/cjs/react-dom.development.js:27490:7)
        at performUnitOfWork (/Users/marioalvarez/repos/conversacion/chat-booking-admin/node_modules/react-dom/cjs/react-dom.development.js:26599:12)
        at workLoopSync (/Users/marioalvarez/repos/conversacion/chat-booking-admin/node_modules/react-dom/cjs/react-dom.development.js:26505:5)
        at renderRootSync (/Users/marioalvarez/repos/conversacion/chat-booking-admin/node_modules/react-dom/cjs/react-dom.development.js:26473:7)
        at recoverFromConcurrentError (/Users/marioalvarez/repos/conversacion/chat-booking-admin/node_modules/react-dom/cjs/react-dom.development.js:25889:20)
        at performConcurrentWorkOnRoot (/Users/marioalvarez/repos/conversacion/chat-booking-admin/node_modules/react-dom/cjs/react-dom.development.js:25789:22)
        at flushActQueue (/Users/marioalvarez/repos/conversacion/chat-booking-admin/node_modules/react/cjs/react.development.js:2667:24)
        at act (/Users/marioalvarez/repos/conversacion/chat-booking-admin/node_modules/react/cjs/react.development.js:2582:11)
        at /Users/marioalvarez/repos/conversacion/chat-booking-admin/node_modules/@testing-library/react/dist/act-compat.js:46:25
        at renderRoot (/Users/marioalvarez/repos/conversacion/chat-booking-admin/node_modules/@testing-library/react/dist/pure.js:189:26)
        at render (/Users/marioalvarez/repos/conversacion/chat-booking-admin/node_modules/@testing-library/react/dist/pure.js:291:10)
        at Object.<anonymous> (/Users/marioalvarez/repos/conversacion/chat-booking-admin/src/app/settings/tabs/__tests__/ApiKeysTab.test.tsx:203:15)
        at Promise.finally.completed (/Users/marioalvarez/repos/conversacion/chat-booking-admin/node_modules/jest-circus/build/jestAdapterInit.js:1557:28)
        at new Promise (<anonymous>)
        at callAsyncCircusFn (/Users/marioalvarez/repos/conversacion/chat-booking-admin/node_modules/jest-circus/build/jestAdapterInit.js:1497:10)
        at _callCircusTest (/Users/marioalvarez/repos/conversacion/chat-booking-admin/node_modules/jest-circus/build/jestAdapterInit.js:1007:40)
        at _runTest (/Users/marioalvarez/repos/conversacion/chat-booking-admin/node_modules/jest-circus/build/jestAdapterInit.js:947:3)
        at /Users/marioalvarez/repos/conversacion/chat-booking-admin/node_modules/jest-circus/build/jestAdapterInit.js:849:7
        at _runTestsForDescribeBlock (/Users/marioalvarez/repos/conversacion/chat-booking-admin/node_modules/jest-circus/build/jestAdapterInit.js:862:11)
        at _runTestsForDescribeBlock (/Users/marioalvarez/repos/conversacion/chat-booking-admin/node_modules/jest-circus/build/jestAdapterInit.js:857:11)
        at run (/Users/marioalvarez/repos/conversacion/chat-booking-admin/node_modules/jest-circus/build/jestAdapterInit.js:761:3)
        at runAndTransformResultsToJestFormat (/Users/marioalvarez/repos/conversacion/chat-booking-admin/node_modules/jest-circus/build/jestAdapterInit.js:1918:21)
        at jestAdapter (/Users/marioalvarez/repos/conversacion/chat-booking-admin/node_modules/jest-circus/build/runner.js:101:19)
        at runTestInternal (/Users/marioalvarez/repos/conversacion/chat-booking-admin/node_modules/jest-runner/build/index.js:275:16)
        at runTest (/Users/marioalvarez/repos/conversacion/chat-booking-admin/node_modules/jest-runner/build/index.js:343:7) {
      detail: ReferenceError: loading is not defined
          at ApiKeysTab (/Users/marioalvarez/repos/conversacion/chat-booking-admin/src/app/settings/tabs/ApiKeysTab.tsx:132:5)
          at renderWithHooks (/Users/marioalvarez/repos/conversacion/chat-booking-admin/node_modules/react-dom/cjs/react-dom.development.js:15486:18)
          at mountIndeterminateComponent (/Users/marioalvarez/repos/conversacion/chat-booking-admin/node_modules/react-dom/cjs/react-dom.development.js:20103:13)
          at beginWork (/Users/marioalvarez/repos/conversacion/chat-booking-admin/node_modules/react-dom/cjs/react-dom.development.js:21626:16)
          at HTMLUnknownElement.callCallback (/Users/marioalvarez/repos/conversacion/chat-booking-admin/node_modules/react-dom/cjs/react-dom.development.js:4164:14)
          at HTMLUnknownElement.callTheUserObjectsOperation (/Users/marioalvarez/repos/conversacion/chat-booking-admin/node_modules/jsdom/lib/jsdom/living/generated/EventListener.js:26:30)
          at innerInvokeEventListeners (/Users/marioalvarez/repos/conversacion/chat-booking-admin/node_modules/jsdom/lib/jsdom/living/events/EventTarget-impl.js:350:25)
          at invokeEventListeners (/Users/marioalvarez/repos/conversacion/chat-booking-admin/node_modules/jsdom/lib/jsdom/living/events/EventTarget-impl.js:286:3)
          at HTMLUnknownElementImpl._dispatch (/Users/marioalvarez/repos/conversacion/chat-booking-admin/node_modules/jsdom/lib/jsdom/living/events/EventTarget-impl.js:233:9)
          at HTMLUnknownElementImpl.dispatchEvent (/Users/marioalvarez/repos/conversacion/chat-booking-admin/node_modules/jsdom/lib/jsdom/living/events/EventTarget-impl.js:104:17)
          at HTMLUnknownElement.dispatchEvent (/Users/marioalvarez/repos/conversacion/chat-booking-admin/node_modules/jsdom/lib/jsdom/living/generated/EventTarget.js:241:34)
          at Object.invokeGuardedCallbackDev (/Users/marioalvarez/repos/conversacion/chat-booking-admin/node_modules/react-dom/cjs/react-dom.development.js:4213:16)
          at invokeGuardedCallback (/Users/marioalvarez/repos/conversacion/chat-booking-admin/node_modules/react-dom/cjs/react-dom.development.js:4277:31)
          at beginWork$1 (/Users/marioalvarez/repos/conversacion/chat-booking-admin/node_modules/react-dom/cjs/react-dom.development.js:27490:7)
          at performUnitOfWork (/Users/marioalvarez/repos/conversacion/chat-booking-admin/node_modules/react-dom/cjs/react-dom.development.js:26599:12)
          at workLoopSync (/Users/marioalvarez/repos/conversacion/chat-booking-admin/node_modules/react-dom/cjs/react-dom.development.js:26505:5)
          at renderRootSync (/Users/marioalvarez/repos/conversacion/chat-booking-admin/node_modules/react-dom/cjs/react-dom.development.js:26473:7)
          at recoverFromConcurrentError (/Users/marioalvarez/repos/conversacion/chat-booking-admin/node_modules/react-dom/cjs/react-dom.development.js:25889:20)
          at performConcurrentWorkOnRoot (/Users/marioalvarez/repos/conversacion/chat-booking-admin/node_modules/react-dom/cjs/react-dom.development.js:25789:22)
          at flushActQueue (/Users/marioalvarez/repos/conversacion/chat-booking-admin/node_modules/react/cjs/react.development.js:2667:24)
          at act (/Users/marioalvarez/repos/conversacion/chat-booking-admin/node_modules/react/cjs/react.development.js:2582:11)
          at /Users/marioalvarez/repos/conversacion/chat-booking-admin/node_modules/@testing-library/react/dist/act-compat.js:46:25
          at renderRoot (/Users/marioalvarez/repos/conversacion/chat-booking-admin/node_modules/@testing-library/react/dist/pure.js:189:26)
          at render (/Users/marioalvarez/repos/conversacion/chat-booking-admin/node_modules/@testing-library/react/dist/pure.js:291:10)
          at Object.<anonymous> (/Users/marioalvarez/repos/conversacion/chat-booking-admin/src/app/settings/tabs/__tests__/ApiKeysTab.test.tsx:203:15)
          at Promise.finally.completed (/Users/marioalvarez/repos/conversacion/chat-booking-admin/node_modules/jest-circus/build/jestAdapterInit.js:1557:28)
          at new Promise (<anonymous>)
          at callAsyncCircusFn (/Users/marioalvarez/repos/conversacion/chat-booking-admin/node_modules/jest-circus/build/jestAdapterInit.js:1497:10)
          at _callCircusTest (/Users/marioalvarez/repos/conversacion/chat-booking-admin/node_modules/jest-circus/build/jestAdapterInit.js:1007:40)
          at _runTest (/Users/marioalvarez/repos/conversacion/chat-booking-admin/node_modules/jest-circus/build/jestAdapterInit.js:947:3)
          at /Users/marioalvarez/repos/conversacion/chat-booking-admin/node_modules/jest-circus/build/jestAdapterInit.js:849:7
          at _runTestsForDescribeBlock (/Users/marioalvarez/repos/conversacion/chat-booking-admin/node_modules/jest-circus/build/jestAdapterInit.js:862:11)
          at _runTestsForDescribeBlock (/Users/marioalvarez/repos/conversacion/chat-booking-admin/node_modules/jest-circus/build/jestAdapterInit.js:857:11)
          at run (/Users/marioalvarez/repos/conversacion/chat-booking-admin/node_modules/jest-circus/build/jestAdapterInit.js:761:3)
          at runAndTransformResultsToJestFormat (/Users/marioalvarez/repos/conversacion/chat-booking-admin/node_modules/jest-circus/build/jestAdapterInit.js:1918:21)
          at jestAdapter (/Users/marioalvarez/repos/conversacion/chat-booking-admin/node_modules/jest-circus/build/runner.js:101:19)
          at runTestInternal (/Users/marioalvarez/repos/conversacion/chat-booking-admin/node_modules/jest-runner/build/index.js:275:16)
          at runTest (/Users/marioalvarez/repos/conversacion/chat-booking-admin/node_modules/jest-runner/build/index.js:343:7),
      type: 'unhandled exception'
    }

      201 |     it('handles errors gracefully', async () => {
      202 |         mockGraphql.mockRejectedValue(new Error('Fetch failed'));
    > 203 |         render(<ApiKeysTab hasMounted={true} />);
          |               ^
      204 |
      205 |         await waitFor(() => {
      206 |             expect(screen.getByRole('progressbar')).not.toBeInTheDocument(); // It hides spinner on error in finally block

      at VirtualConsole.<anonymous> (node_modules/@jest/environment-jsdom-abstract/build/index.js:87:23)
      at reportException (node_modules/jsdom/lib/jsdom/living/helpers/runtime-script-errors.js:70:28)
      at innerInvokeEventListeners (node_modules/jsdom/lib/jsdom/living/events/EventTarget-impl.js:353:9)
      at invokeEventListeners (node_modules/jsdom/lib/jsdom/living/events/EventTarget-impl.js:286:3)
      at HTMLUnknownElementImpl._dispatch (node_modules/jsdom/lib/jsdom/living/events/EventTarget-impl.js:233:9)
      at HTMLUnknownElementImpl.dispatchEvent (node_modules/jsdom/lib/jsdom/living/events/EventTarget-impl.js:104:17)
      at HTMLUnknownElement.dispatchEvent (node_modules/jsdom/lib/jsdom/living/generated/EventTarget.js:241:34)
      at Object.invokeGuardedCallbackDev (node_modules/react-dom/cjs/react-dom.development.js:4213:16)
      at invokeGuardedCallback (node_modules/react-dom/cjs/react-dom.development.js:4277:31)
      at beginWork$1 (node_modules/react-dom/cjs/react-dom.development.js:27490:7)
      at performUnitOfWork (node_modules/react-dom/cjs/react-dom.development.js:26599:12)
      at workLoopSync (node_modules/react-dom/cjs/react-dom.development.js:26505:5)
      at renderRootSync (node_modules/react-dom/cjs/react-dom.development.js:26473:7)
      at recoverFromConcurrentError (node_modules/react-dom/cjs/react-dom.development.js:25889:20)
      at performConcurrentWorkOnRoot (node_modules/react-dom/cjs/react-dom.development.js:25789:22)
      at flushActQueue (node_modules/react/cjs/react.development.js:2667:24)
      at act (node_modules/react/cjs/react.development.js:2582:11)
      at node_modules/@testing-library/react/dist/act-compat.js:46:25
      at renderRoot (node_modules/@testing-library/react/dist/pure.js:189:26)
      at render (node_modules/@testing-library/react/dist/pure.js:291:10)
      at Object.<anonymous> (src/app/settings/tabs/__tests__/ApiKeysTab.test.tsx:203:15)

FAIL src/app/settings/tabs/__tests__/ApiKeysTab.test.tsx
  ApiKeysTab
    ✕ renders loading state initially (26 ms)
    ✕ renders empty state when no keys (3 ms)
    ✕ renders list of api keys (5 ms)
    ✕ opens create dialog and creates a new key (3 ms)
    ✕ handles copy to clipboard (4 ms)
    ✕ revokes a key (5 ms)
    ✕ handles errors gracefully (4 ms)

  ● ApiKeysTab › renders loading state initially

    ReferenceError: loading is not defined

      130 |     };
      131 |
    > 132 |     if (loading && apiKeys.length === 0) {
          |     ^
      133 |         return <Box sx={{ display: 'flex', justifyContent: 'center', p: 4 }}><CircularProgress /></Box>;
      134 |     }
      135 |

      at ApiKeysTab (src/app/settings/tabs/ApiKeysTab.tsx:132:5)
      at renderWithHooks (node_modules/react-dom/cjs/react-dom.development.js:15486:18)
      at mountIndeterminateComponent (node_modules/react-dom/cjs/react-dom.development.js:20103:13)
      at beginWork (node_modules/react-dom/cjs/react-dom.development.js:21626:16)
      at beginWork$1 (node_modules/react-dom/cjs/react-dom.development.js:27465:14)
      at performUnitOfWork (node_modules/react-dom/cjs/react-dom.development.js:26599:12)
      at workLoopSync (node_modules/react-dom/cjs/react-dom.development.js:26505:5)
      at renderRootSync (node_modules/react-dom/cjs/react-dom.development.js:26473:7)
      at recoverFromConcurrentError (node_modules/react-dom/cjs/react-dom.development.js:25889:20)
      at performConcurrentWorkOnRoot (node_modules/react-dom/cjs/react-dom.development.js:25789:22)
      at flushActQueue (node_modules/react/cjs/react.development.js:2667:24)
      at act (node_modules/react/cjs/react.development.js:2582:11)
      at node_modules/@testing-library/react/dist/act-compat.js:46:25
      at renderRoot (node_modules/@testing-library/react/dist/pure.js:189:26)
      at render (node_modules/@testing-library/react/dist/pure.js:291:10)
      at Object.<anonymous> (src/app/settings/tabs/__tests__/ApiKeysTab.test.tsx:51:15)

  ● ApiKeysTab › renders empty state when no keys

    ReferenceError: loading is not defined

      130 |     };
      131 |
    > 132 |     if (loading && apiKeys.length === 0) {
          |     ^
      133 |         return <Box sx={{ display: 'flex', justifyContent: 'center', p: 4 }}><CircularProgress /></Box>;
      134 |     }
      135 |

      at ApiKeysTab (src/app/settings/tabs/ApiKeysTab.tsx:132:5)
      at renderWithHooks (node_modules/react-dom/cjs/react-dom.development.js:15486:18)
      at mountIndeterminateComponent (node_modules/react-dom/cjs/react-dom.development.js:20103:13)
      at beginWork (node_modules/react-dom/cjs/react-dom.development.js:21626:16)
      at beginWork$1 (node_modules/react-dom/cjs/react-dom.development.js:27465:14)
      at performUnitOfWork (node_modules/react-dom/cjs/react-dom.development.js:26599:12)
      at workLoopSync (node_modules/react-dom/cjs/react-dom.development.js:26505:5)
      at renderRootSync (node_modules/react-dom/cjs/react-dom.development.js:26473:7)
      at recoverFromConcurrentError (node_modules/react-dom/cjs/react-dom.development.js:25889:20)
      at performConcurrentWorkOnRoot (node_modules/react-dom/cjs/react-dom.development.js:25789:22)
      at flushActQueue (node_modules/react/cjs/react.development.js:2667:24)
      at act (node_modules/react/cjs/react.development.js:2582:11)
      at node_modules/@testing-library/react/dist/act-compat.js:46:25
      at renderRoot (node_modules/@testing-library/react/dist/pure.js:189:26)
      at render (node_modules/@testing-library/react/dist/pure.js:291:10)
      at Object.<anonymous> (src/app/settings/tabs/__tests__/ApiKeysTab.test.tsx:57:15)

  ● ApiKeysTab › renders list of api keys

    ReferenceError: loading is not defined

      130 |     };
      131 |
    > 132 |     if (loading && apiKeys.length === 0) {
          |     ^
      133 |         return <Box sx={{ display: 'flex', justifyContent: 'center', p: 4 }}><CircularProgress /></Box>;
      134 |     }
      135 |

      at ApiKeysTab (src/app/settings/tabs/ApiKeysTab.tsx:132:5)
      at renderWithHooks (node_modules/react-dom/cjs/react-dom.development.js:15486:18)
      at mountIndeterminateComponent (node_modules/react-dom/cjs/react-dom.development.js:20103:13)
      at beginWork (node_modules/react-dom/cjs/react-dom.development.js:21626:16)
      at beginWork$1 (node_modules/react-dom/cjs/react-dom.development.js:27465:14)
      at performUnitOfWork (node_modules/react-dom/cjs/react-dom.development.js:26599:12)
      at workLoopSync (node_modules/react-dom/cjs/react-dom.development.js:26505:5)
      at renderRootSync (node_modules/react-dom/cjs/react-dom.development.js:26473:7)
      at recoverFromConcurrentError (node_modules/react-dom/cjs/react-dom.development.js:25889:20)
      at performConcurrentWorkOnRoot (node_modules/react-dom/cjs/react-dom.development.js:25789:22)
      at flushActQueue (node_modules/react/cjs/react.development.js:2667:24)
      at act (node_modules/react/cjs/react.development.js:2582:11)
      at node_modules/@testing-library/react/dist/act-compat.js:46:25
      at renderRoot (node_modules/@testing-library/react/dist/pure.js:189:26)
      at render (node_modules/@testing-library/react/dist/pure.js:291:10)
      at Object.<anonymous> (src/app/settings/tabs/__tests__/ApiKeysTab.test.tsx:68:15)

  ● ApiKeysTab › opens create dialog and creates a new key

    ReferenceError: loading is not defined

      130 |     };
      131 |
    > 132 |     if (loading && apiKeys.length === 0) {
          |     ^
      133 |         return <Box sx={{ display: 'flex', justifyContent: 'center', p: 4 }}><CircularProgress /></Box>;
      134 |     }
      135 |

      at ApiKeysTab (src/app/settings/tabs/ApiKeysTab.tsx:132:5)
      at renderWithHooks (node_modules/react-dom/cjs/react-dom.development.js:15486:18)
      at mountIndeterminateComponent (node_modules/react-dom/cjs/react-dom.development.js:20103:13)
      at beginWork (node_modules/react-dom/cjs/react-dom.development.js:21626:16)
      at beginWork$1 (node_modules/react-dom/cjs/react-dom.development.js:27465:14)
      at performUnitOfWork (node_modules/react-dom/cjs/react-dom.development.js:26599:12)
      at workLoopSync (node_modules/react-dom/cjs/react-dom.development.js:26505:5)
      at renderRootSync (node_modules/react-dom/cjs/react-dom.development.js:26473:7)
      at recoverFromConcurrentError (node_modules/react-dom/cjs/react-dom.development.js:25889:20)
      at performConcurrentWorkOnRoot (node_modules/react-dom/cjs/react-dom.development.js:25789:22)
      at flushActQueue (node_modules/react/cjs/react.development.js:2667:24)
      at act (node_modules/react/cjs/react.development.js:2582:11)
      at node_modules/@testing-library/react/dist/act-compat.js:46:25
      at renderRoot (node_modules/@testing-library/react/dist/pure.js:189:26)
      at render (node_modules/@testing-library/react/dist/pure.js:291:10)
      at Object.<anonymous> (src/app/settings/tabs/__tests__/ApiKeysTab.test.tsx:82:15)

  ● ApiKeysTab › handles copy to clipboard

    ReferenceError: loading is not defined

      130 |     };
      131 |
    > 132 |     if (loading && apiKeys.length === 0) {
          |     ^
      133 |         return <Box sx={{ display: 'flex', justifyContent: 'center', p: 4 }}><CircularProgress /></Box>;
      134 |     }
      135 |

      at ApiKeysTab (src/app/settings/tabs/ApiKeysTab.tsx:132:5)
      at renderWithHooks (node_modules/react-dom/cjs/react-dom.development.js:15486:18)
      at mountIndeterminateComponent (node_modules/react-dom/cjs/react-dom.development.js:20103:13)
      at beginWork (node_modules/react-dom/cjs/react-dom.development.js:21626:16)
      at beginWork$1 (node_modules/react-dom/cjs/react-dom.development.js:27465:14)
      at performUnitOfWork (node_modules/react-dom/cjs/react-dom.development.js:26599:12)
      at workLoopSync (node_modules/react-dom/cjs/react-dom.development.js:26505:5)
      at renderRootSync (node_modules/react-dom/cjs/react-dom.development.js:26473:7)
      at recoverFromConcurrentError (node_modules/react-dom/cjs/react-dom.development.js:25889:20)
      at performConcurrentWorkOnRoot (node_modules/react-dom/cjs/react-dom.development.js:25789:22)
      at flushActQueue (node_modules/react/cjs/react.development.js:2667:24)
      at act (node_modules/react/cjs/react.development.js:2582:11)
      at node_modules/@testing-library/react/dist/act-compat.js:46:25
      at renderRoot (node_modules/@testing-library/react/dist/pure.js:189:26)
      at render (node_modules/@testing-library/react/dist/pure.js:291:10)
      at Object.<anonymous> (src/app/settings/tabs/__tests__/ApiKeysTab.test.tsx:125:15)

  ● ApiKeysTab › revokes a key

    ReferenceError: loading is not defined

      130 |     };
      131 |
    > 132 |     if (loading && apiKeys.length === 0) {
          |     ^
      133 |         return <Box sx={{ display: 'flex', justifyContent: 'center', p: 4 }}><CircularProgress /></Box>;
      134 |     }
      135 |

      at ApiKeysTab (src/app/settings/tabs/ApiKeysTab.tsx:132:5)
      at renderWithHooks (node_modules/react-dom/cjs/react-dom.development.js:15486:18)
      at mountIndeterminateComponent (node_modules/react-dom/cjs/react-dom.development.js:20103:13)
      at beginWork (node_modules/react-dom/cjs/react-dom.development.js:21626:16)
      at beginWork$1 (node_modules/react-dom/cjs/react-dom.development.js:27465:14)
      at performUnitOfWork (node_modules/react-dom/cjs/react-dom.development.js:26599:12)
      at workLoopSync (node_modules/react-dom/cjs/react-dom.development.js:26505:5)
      at renderRootSync (node_modules/react-dom/cjs/react-dom.development.js:26473:7)
      at recoverFromConcurrentError (node_modules/react-dom/cjs/react-dom.development.js:25889:20)
      at performConcurrentWorkOnRoot (node_modules/react-dom/cjs/react-dom.development.js:25789:22)
      at flushActQueue (node_modules/react/cjs/react.development.js:2667:24)
      at act (node_modules/react/cjs/react.development.js:2582:11)
      at node_modules/@testing-library/react/dist/act-compat.js:46:25
      at renderRoot (node_modules/@testing-library/react/dist/pure.js:189:26)
      at render (node_modules/@testing-library/react/dist/pure.js:291:10)
      at Object.<anonymous> (src/app/settings/tabs/__tests__/ApiKeysTab.test.tsx:172:15)

  ● ApiKeysTab › handles errors gracefully

    ReferenceError: loading is not defined

      130 |     };
      131 |
    > 132 |     if (loading && apiKeys.length === 0) {
          |     ^
      133 |         return <Box sx={{ display: 'flex', justifyContent: 'center', p: 4 }}><CircularProgress /></Box>;
      134 |     }
      135 |

      at ApiKeysTab (src/app/settings/tabs/ApiKeysTab.tsx:132:5)
      at renderWithHooks (node_modules/react-dom/cjs/react-dom.development.js:15486:18)
      at mountIndeterminateComponent (node_modules/react-dom/cjs/react-dom.development.js:20103:13)
      at beginWork (node_modules/react-dom/cjs/react-dom.development.js:21626:16)
      at beginWork$1 (node_modules/react-dom/cjs/react-dom.development.js:27465:14)
      at performUnitOfWork (node_modules/react-dom/cjs/react-dom.development.js:26599:12)
      at workLoopSync (node_modules/react-dom/cjs/react-dom.development.js:26505:5)
      at renderRootSync (node_modules/react-dom/cjs/react-dom.development.js:26473:7)
      at recoverFromConcurrentError (node_modules/react-dom/cjs/react-dom.development.js:25889:20)
      at performConcurrentWorkOnRoot (node_modules/react-dom/cjs/react-dom.development.js:25789:22)
      at flushActQueue (node_modules/react/cjs/react.development.js:2667:24)
      at act (node_modules/react/cjs/react.development.js:2582:11)
      at node_modules/@testing-library/react/dist/act-compat.js:46:25
      at renderRoot (node_modules/@testing-library/react/dist/pure.js:189:26)
      at render (node_modules/@testing-library/react/dist/pure.js:291:10)
      at Object.<anonymous> (src/app/settings/tabs/__tests__/ApiKeysTab.test.tsx:203:15)

Test Suites: 1 failed, 1 total
Tests:       7 failed, 7 total
Snapshots:   0 total
Time:        0.437 s, estimated 1 s
Ran all test suites matching src/app/settings/tabs/__tests__/ApiKeysTab.test.tsx|renders loading state initially.
